06-23 12:21:54.452 W/com.uptodown( 5391): Accessing hidden method Lcom/android/org/conscrypt/OpenSSLSocketImpl;->getAlpnSelectedProtocol()[B (max-target-q,core-platform-api, reflection, denied)
06-23 12:21:54.454 W/com.uptodown( 5391): Accessing hidden method Lcom/android/org/conscrypt/AbstractConscryptSocket;->getAlpnSelectedProtocol()[B (max-target-q, reflection, denied)
06-23 12:21:54.479 I/WorkerManager( 1598): dispose()
06-23 12:21:54.484 W/A       ( 1598): Queue length for executor EventBus is now 11. Perhaps some tasks are too long, or the pool is too small.
06-23 12:21:54.598 D/SppRepository( 4956): Initialize Completed: 16 spp
06-23 12:21:54.600 I/ndroid.settings( 4956): Background concurrent copying GC freed 63616(2888KB) AllocSpace objects, 17(2820KB) LOS objects, 49% free, 4672KB/9345KB, paused 7.712ms,95us total 442.365ms
06-23 12:21:54.732 W/OpenGLRenderer( 4956): Failed to choose config with EGL_SWAP_BEHAVIOR_PRESERVED, retrying without...
06-23 12:21:54.733 W/OpenGLRenderer( 4956): Failed to initialize 101010-2 format, error = EGL_SUCCESS
06-23 12:21:54.807 D/TrafficStats( 5391): tagSocket(140) with statsTag=0xffffffff, statsUid=-1
06-23 12:21:54.880 W/com.uptodown( 5391): Accessing hidden method Lcom/android/org/conscrypt/OpenSSLSocketImpl;->getAlpnSelectedProtocol()[B (max-target-q,core-platform-api, reflection, denied)
06-23 12:21:54.880 W/com.uptodown( 5391): Accessing hidden method Lcom/android/org/conscrypt/AbstractConscryptSocket;->getAlpnSelectedProtocol()[B (max-target-q, reflection, denied)
06-23 12:21:54.939 I/hwservicemanager(  186): getTransport: Cannot find entry android.hardware.graphics.mapper@4.0::IMapper/default in either framework or device VINTF manifest.
06-23 12:21:54.940 I/Gralloc4( 4956): mapper 4.x is not supported
06-23 12:21:55.008 E/OpenGLRenderer( 4956): Unable to match the desired swap behavior.
06-23 12:21:55.049 W/com.uptodown( 5391): Accessing hidden method Lcom/android/org/conscrypt/ConscryptEngineSocket;->setUseSessionTickets(Z)V (max-target-q,core-platform-api, reflection, denied)
06-23 12:21:55.049 W/com.uptodown( 5391): Accessing hidden method Lcom/android/org/conscrypt/OpenSSLSocketImpl;->setUseSessionTickets(Z)V (max-target-q,core-platform-api, reflection, denied)
06-23 12:21:55.049 W/com.uptodown( 5391): Accessing hidden method Lcom/android/org/conscrypt/AbstractConscryptSocket;->setUseSessionTickets(Z)V (max-target-q, reflection, denied)
06-23 12:21:55.050 W/com.uptodown( 5391): Accessing hidden method Lcom/android/org/conscrypt/ConscryptEngineSocket;->setHostname(Ljava/lang/String;)V (max-target-q,core-platform-api, reflection, denied)
06-23 12:21:55.050 W/com.uptodown( 5391): Accessing hidden method Lcom/android/org/conscrypt/OpenSSLSocketImpl;->setHostname(Ljava/lang/String;)V (max-target-q,core-platform-api, reflection, denied)
06-23 12:21:55.050 W/com.uptodown( 5391): Accessing hidden method Lcom/android/org/conscrypt/AbstractConscryptSocket;->setHostname(Ljava/lang/String;)V (max-target-q, reflection, denied)
06-23 12:21:55.051 W/com.uptodown( 5391): Accessing hidden method Lcom/android/org/conscrypt/OpenSSLSocketImpl;->setAlpnProtocols([B)V (max-target-q,core-platform-api, reflection, denied)
06-23 12:21:55.051 W/com.uptodown( 5391): Accessing hidden method Lcom/android/org/conscrypt/AbstractConscryptSocket;->setAlpnProtocols([B)V (max-target-q, reflection, denied)
06-23 12:21:55.064 D/TrafficStats( 5391): tagSocket(168) with statsTag=0xffffffff, statsUid=-1
06-23 12:21:55.102 I/Choreographer( 4956): Skipped 54 frames!  The application may be doing too much work on its main thread.
06-23 12:21:55.115 I/OpenGLRenderer( 4956): Davey! duration=1118ms; Flags=1, FrameTimelineVsyncId=12150, IntendedVsync=300871050254, Vsync=300871050254, InputEventId=0, HandleInputStart=300873467500, AnimationStart=300873525100, PerformTraversalsStart=300873829400, DrawStart=301935939300, FrameDeadline=300887716920, FrameInterval=300873452100, FrameStartTime=16666666, SyncQueued=301939145200, SyncStart=301955071500, IssueDrawCommandsStart=301958362600, SwapBuffers=301962986500, FrameCompleted=302005550500, DequeueBufferDuration=156900, QueueBufferDuration=597000, GpuCompleted=302005550500, SwapBuffersCompleted=301994948100, DisplayPresentTime=253403098994, CommandSubmissionCompleted=301962986500, 
06-23 12:21:55.149 V/WindowManagerShell(  783): onTransitionReady android.os.BinderProxy@b80d20c: {id=5 t=OPEN f=0x0 trk=1 r=[0@Point(0, 0)] c=[{null m=OPEN f=FILLS_TASK leash=Surface(name=ActivityRecord{932579 u0 com.android.settings/.spa.SpaActivity)/@0x3357a5b sb=Rect(0, 0 - 0, 0) eb=Rect(0, 0 - 1080, 2400) d=-1->0 r=-1->0:-1},{null m=TO_BACK f=FILLS_TASK leash=Surface(name=ActivityRecord{ce263d4 u0 com.uptodown/.activities.MainActivity)/@0x66f02f8 sb=Rect(0, 0 - 1080, 2400) eb=Rect(0, 0 - 1080, 2400) d=0},{null m=TO_BACK f=IS_WALLPAPER leash=Surface(name=WallpaperWindowToken{509ebb token=android.os.Binder@d1eef4a})/@0x3fc03d1 sb=Rect(0, 0 - 1080, 2400) eb=Rect(0, 0 - 1080, 2400) d=0}]}
06-23 12:21:55.150 V/WindowManagerShell(  783): Playing animation for (#5)android.os.BinderProxy@b80d20c@1
06-23 12:21:55.150 V/WindowManagerShell(  783):  try handler com.android.wm.shell.transition.DefaultMixedHandler@2e16f0b
06-23 12:21:55.150 V/WindowManagerShell(  783):  try handler com.android.wm.shell.keyguard.KeyguardTransitionHandler@753d1e8
06-23 12:21:55.150 V/WindowManagerShell(  783):  try handler com.android.wm.shell.activityembedding.ActivityEmbeddingController@a154001
06-23 12:21:55.150 V/WindowManagerShell(  783):  try handler com.android.wm.shell.recents.RecentsTransitionHandler@652bea6
06-23 12:21:55.151 V/ShellRecents(  783): RecentsTransitionHandler.startAnimation: no controller found
06-23 12:21:55.151 V/WindowManagerShell(  783):  try handler com.android.wm.shell.pip.PipTransition@1b5f0e7
06-23 12:21:55.151 V/WindowManagerShell(  783):  try handler com.android.wm.shell.splitscreen.StageCoordinator@3882494
06-23 12:21:55.151 V/WindowManagerShell(  783):  try handler com.android.wm.shell.transition.RemoteTransitionHandler@a94db3d
06-23 12:21:55.151 V/WindowManagerShell(  783): Transition doesn't have explicit remote, search filters for match for {id=5 t=OPEN f=0x0 trk=1 r=[0@Point(0, 0)] c=[{null m=OPEN f=FILLS_TASK leash=Surface(name=ActivityRecord{932579 u0 com.android.settings/.spa.SpaActivity)/@0x3357a5b sb=Rect(0, 0 - 0, 0) eb=Rect(0, 0 - 1080, 2400) d=-1->0 r=-1->0:-1},{null m=TO_BACK f=FILLS_TASK leash=Surface(name=ActivityRecord{ce263d4 u0 com.uptodown/.activities.MainActivity)/@0x66f02f8 sb=Rect(0, 0 - 1080, 2400) eb=Rect(0, 0 - 1080, 2400) d=0},{null m=TO_BACK f=IS_WALLPAPER leash=Surface(name=WallpaperWindowToken{509ebb token=android.os.Binder@d1eef4a})/@0x3fc03d1 sb=Rect(0, 0 - 1080, 2400) eb=Rect(0, 0 - 1080, 2400) d=0}]}
06-23 12:21:55.152 V/WindowManagerShell(  783):  Checking filter Pair{{types=[] flags=0x0] notFlags=0x0 checks=[{atype=dream independent=true modes=[OPEN,TO_FRONT] flags=NONE mustBeTask=false order=ANY topActivity=null},{atype=home independent=true modes=[CLOSE,TO_BACK] flags=NONE mustBeTask=false order=ANY topActivity=null}]} RemoteTransition { remoteTransition = android.window.IRemoteTransition$Stub$Proxy@96adae5, appThread = android.app.IApplicationThread$Stub$Proxy@34f29ba, debugName = LauncherToDream }}
06-23 12:21:55.152 V/WindowManagerShell(  783):  Checking filter Pair{{types=[] flags=0x0] notFlags=0x100 checks=[{atype=home independent=true modes=[OPEN,TO_FRONT] flags=NONE mustBeTask=false order=TOP topActivity=ComponentInfo{com.google.android.apps.nexuslauncher/com.google.android.apps.nexuslauncher.NexusLauncherActivity}},{atype=standard independent=true modes=[CLOSE,TO_BACK] flags=NONE mustBeTask=false order=ANY topActivity=null}]} RemoteTransition { remoteTransition = android.window.IRemoteTransition$Stub$Proxy@747a06b, appThread = android.app.IApplicationThread$Stub$Proxy@a2217c8, debugName = QuickstepLaunchHome }}
06-23 12:21:55.152 V/WindowManagerShell(  783):  Delegate animation for #5 to null
06-23 12:21:55.152 V/WindowManagerShell(  783):  try handler com.android.wm.shell.transition.DefaultTransitionHandler@a5c1f32
06-23 12:21:55.152 V/WindowManagerShell(  783): start default transition animation, info = {id=5 t=OPEN f=0x0 trk=1 r=[0@Point(0, 0)] c=[{null m=OPEN f=FILLS_TASK leash=Surface(name=ActivityRecord{932579 u0 com.android.settings/.spa.SpaActivity)/@0x3357a5b sb=Rect(0, 0 - 0, 0) eb=Rect(0, 0 - 1080, 2400) d=-1->0 r=-1->0:-1},{null m=TO_BACK f=FILLS_TASK leash=Surface(name=ActivityRecord{ce263d4 u0 com.uptodown/.activities.MainActivity)/@0x66f02f8 sb=Rect(0, 0 - 1080, 2400) eb=Rect(0, 0 - 1080, 2400) d=0},{null m=TO_BACK f=IS_WALLPAPER leash=Surface(name=WallpaperWindowToken{509ebb token=android.os.Binder@d1eef4a})/@0x3fc03d1 sb=Rect(0, 0 - 1080, 2400) eb=Rect(0, 0 - 1080, 2400) d=0}]}
06-23 12:21:55.157 V/WindowManagerShell(  783): loadAnimation: anim=android.view.animation.AnimationSet@33b47c2 animAttr=0x5 type=OPEN isEntrance=false
06-23 12:21:55.161 I/ActivityTaskManager(  562): Displayed com.android.settings/.spa.SpaActivity for user 0: +3s586ms
06-23 12:21:55.163 D/PermissionCache(  445): checking android.permission.CAPTURE_BLACKOUT_CONTENT for uid=10163 => granted (1538 us)
06-23 12:21:55.192 E/com.uptodown( 5391): Invalid resource ID 0x00000000.
06-23 12:21:55.197 V/WindowManager(  562): Sent Transition #5 createdAt=06-23 12:21:52.512 via request=TransitionRequestInfo { type = OPEN, triggerTask = TaskInfo{userId=0 taskId=7 displayId=0 isRunning=true baseIntent=Intent { act=android.intent.action.MAIN cat=[android.intent.category.LAUNCHER] flg=0x10200000 cmp=com.uptodown/.activities.MainActivity } baseActivity=ComponentInfo{com.uptodown/com.uptodown.activities.MainActivity} topActivity=ComponentInfo{com.android.settings/com.android.settings.Settings$AppManageExternalStorageActivity} origActivity=null realActivity=ComponentInfo{com.uptodown/com.uptodown.activities.MainActivity} numActivities=2 lastActiveTime=299458 supportsMultiWindow=true resizeMode=2 isResizeable=true minWidth=-1 minHeight=-1 defaultMinSize=220 token=WCT{RemoteToken{4cf717f Task{ec9072 #7 type=standard A=10190:com.uptodown}}} topActivityType=1 pictureInPictureParams=null shouldDockBigOverlays=false launchIntoPipHostTaskId=-1 lastParentTaskIdBeforePip=-1 displayCutoutSafeInsets=null topActivityInfo=ActivityInfo{18d5afc com.android.settings.Settings$AppManageExternalStorageActivity} launchCookies=[] positionInParent=Point(0, 0) parentTaskId=-1 isFocused=true isVisible=true isVisibleRequested=true isSleeping=false topActivityInSizeCompat=false topActivityEligibleForLetterboxEducation= false topActivityLetterboxed= false isFromDoubleTap= false topActivityLetterboxVerticalPosition= -1 topActivityLetterboxHorizontalPosition= -1 topActivityLetterboxWidth=-1 topActivityLetterboxHeight=-1 locusId=null displayAreaFeatureId=1 cameraCompatControlState=hidden}, remoteTransition = null, displayChange = null }
06-23 12:21:55.197 V/WindowManager(  562):     startWCT=WindowContainerTransaction { changes = {} hops = [] errorCallbackToken=null taskFragmentOrganizer=null }
06-23 12:21:55.198 V/WindowManager(  562):     info={id=5 t=OPEN f=0x0 trk=1 r=[0@Point(0, 0)] c=[{null m=OPEN f=FILLS_TASK leash=Surface(name=ActivityRecord{932579 u0 com.android.settings/.spa.SpaActivity)/@0x29d19cd sb=Rect(0, 0 - 0, 0) eb=Rect(0, 0 - 1080, 2400) d=-1->0 r=-1->0:-1},{null m=TO_BACK f=FILLS_TASK leash=Surface(name=ActivityRecord{ce263d4 u0 com.uptodown/.activities.MainActivity)/@0x6470364 sb=Rect(0, 0 - 1080, 2400) eb=Rect(0, 0 - 1080, 2400) d=0},{null m=TO_BACK f=IS_WALLPAPER leash=Surface(name=WallpaperWindowToken{509ebb token=android.os.Binder@d1eef4a})/@0x45d16c8 sb=Rect(0, 0 - 1080, 2400) eb=Rect(0, 0 - 1080, 2400) d=0}]}
06-23 12:21:55.208 D/EGL_emulation( 5391): app_time_stats: avg=104.55ms min=11.70ms max=276.73ms count=11
06-23 12:21:55.260 W/com.uptodown( 5391): Accessing hidden method Lcom/android/org/conscrypt/ConscryptEngineSocket;->setUseSessionTickets(Z)V (max-target-q,core-platform-api, reflection, denied)
06-23 12:21:55.282 W/com.uptodown( 5391): Accessing hidden method Lcom/android/org/conscrypt/OpenSSLSocketImpl;->setUseSessionTickets(Z)V (max-target-q,core-platform-api, reflection, denied)
06-23 12:21:55.283 W/com.uptodown( 5391): Accessing hidden method Lcom/android/org/conscrypt/AbstractConscryptSocket;->setUseSessionTickets(Z)V (max-target-q, reflection, denied)
06-23 12:21:55.283 W/com.uptodown( 5391): Accessing hidden method Lcom/android/org/conscrypt/ConscryptEngineSocket;->setHostname(Ljava/lang/String;)V (max-target-q,core-platform-api, reflection, denied)
06-23 12:21:55.283 W/com.uptodown( 5391): Accessing hidden method Lcom/android/org/conscrypt/OpenSSLSocketImpl;->setHostname(Ljava/lang/String;)V (max-target-q,core-platform-api, reflection, denied)
06-23 12:21:55.283 W/com.uptodown( 5391): Accessing hidden method Lcom/android/org/conscrypt/AbstractConscryptSocket;->setHostname(Ljava/lang/String;)V (max-target-q, reflection, denied)
06-23 12:21:55.283 W/com.uptodown( 5391): Accessing hidden method Lcom/android/org/conscrypt/OpenSSLSocketImpl;->setAlpnProtocols([B)V (max-target-q,core-platform-api, reflection, denied)
06-23 12:21:55.283 W/com.uptodown( 5391): Accessing hidden method Lcom/android/org/conscrypt/AbstractConscryptSocket;->setAlpnProtocols([B)V (max-target-q, reflection, denied)
06-23 12:21:55.346 V/WindowManagerShell(  783): loadAnimation: anim=android.view.animation.AnimationSet@7a1e0e animAttr=0x4 type=OPEN isEntrance=true
06-23 12:21:55.399 I/Choreographer( 5391): Skipped 150 frames!  The application may be doing too much work on its main thread.
06-23 12:21:55.403 I/InputDispatcher(  562): 32dd8a com.uptodown/com.uptodown.activities.MainActivity (server) spent 2534ms processing KeyEvent
06-23 12:21:55.430 W/com.uptodown( 5391): Accessing hidden method Lcom/android/org/conscrypt/OpenSSLSocketImpl;->getAlpnSelectedProtocol()[B (max-target-q,core-platform-api, reflection, denied)
06-23 12:21:55.430 W/com.uptodown( 5391): Accessing hidden method Lcom/android/org/conscrypt/AbstractConscryptSocket;->getAlpnSelectedProtocol()[B (max-target-q, reflection, denied)
06-23 12:21:55.477 D/TrafficStats( 5391): tagSocket(200) with statsTag=0xffffffff, statsUid=-1
06-23 12:21:55.480 D/TrafficStats( 5391): tagSocket(206) with statsTag=0xffffffff, statsUid=-1
06-23 12:21:55.603 D/audioserver(  442): FGS Logger Transaction failed
06-23 12:21:55.603 D/audioserver(  442): -129
06-23 12:21:55.604 W/com.uptodown( 5391): Accessing hidden method Lcom/android/org/conscrypt/ConscryptEngineSocket;->setUseSessionTickets(Z)V (max-target-q,core-platform-api, reflection, denied)
06-23 12:21:55.606 W/com.uptodown( 5391): Accessing hidden method Lcom/android/org/conscrypt/OpenSSLSocketImpl;->setUseSessionTickets(Z)V (max-target-q,core-platform-api, reflection, denied)
06-23 12:21:55.607 W/com.uptodown( 5391): Accessing hidden method Lcom/android/org/conscrypt/AbstractConscryptSocket;->setUseSessionTickets(Z)V (max-target-q, reflection, denied)
06-23 12:21:55.607 W/com.uptodown( 5391): Accessing hidden method Lcom/android/org/conscrypt/ConscryptEngineSocket;->setHostname(Ljava/lang/String;)V (max-target-q,core-platform-api, reflection, denied)
06-23 12:21:55.607 W/com.uptodown( 5391): Accessing hidden method Lcom/android/org/conscrypt/OpenSSLSocketImpl;->setHostname(Ljava/lang/String;)V (max-target-q,core-platform-api, reflection, denied)
06-23 12:21:55.607 W/com.uptodown( 5391): Accessing hidden method Lcom/android/org/conscrypt/AbstractConscryptSocket;->setHostname(Ljava/lang/String;)V (max-target-q, reflection, denied)
06-23 12:21:55.607 W/com.uptodown( 5391): Accessing hidden method Lcom/android/org/conscrypt/OpenSSLSocketImpl;->setAlpnProtocols([B)V (max-target-q,core-platform-api, reflection, denied)
06-23 12:21:55.608 W/com.uptodown( 5391): Accessing hidden method Lcom/android/org/conscrypt/AbstractConscryptSocket;->setAlpnProtocols([B)V (max-target-q, reflection, denied)
06-23 12:21:55.627 V/WindowManagerShell(  783):  animated by com.android.wm.shell.transition.DefaultTransitionHandler@a5c1f32
06-23 12:21:55.664 W/com.uptodown( 5391): Accessing hidden method Lcom/android/org/conscrypt/ConscryptEngineSocket;->setUseSessionTickets(Z)V (max-target-q,core-platform-api, reflection, denied)
06-23 12:21:55.699 W/com.uptodown( 5391): Accessing hidden method Lcom/android/org/conscrypt/OpenSSLSocketImpl;->setUseSessionTickets(Z)V (max-target-q,core-platform-api, reflection, denied)
06-23 12:21:55.699 W/com.uptodown( 5391): Accessing hidden method Lcom/android/org/conscrypt/AbstractConscryptSocket;->setUseSessionTickets(Z)V (max-target-q, reflection, denied)
06-23 12:21:55.699 W/com.uptodown( 5391): Accessing hidden method Lcom/android/org/conscrypt/ConscryptEngineSocket;->setHostname(Ljava/lang/String;)V (max-target-q,core-platform-api, reflection, denied)
06-23 12:21:55.700 W/com.uptodown( 5391): Accessing hidden method Lcom/android/org/conscrypt/OpenSSLSocketImpl;->setHostname(Ljava/lang/String;)V (max-target-q,core-platform-api, reflection, denied)
06-23 12:21:55.700 W/com.uptodown( 5391): Accessing hidden method Lcom/android/org/conscrypt/AbstractConscryptSocket;->setHostname(Ljava/lang/String;)V (max-target-q, reflection, denied)
06-23 12:21:55.700 W/com.uptodown( 5391): Accessing hidden method Lcom/android/org/conscrypt/OpenSSLSocketImpl;->setAlpnProtocols([B)V (max-target-q,core-platform-api, reflection, denied)
06-23 12:21:55.700 W/com.uptodown( 5391): Accessing hidden method Lcom/android/org/conscrypt/AbstractConscryptSocket;->setAlpnProtocols([B)V (max-target-q, reflection, denied)
06-23 12:21:55.702 W/com.uptodown( 5391): Accessing hidden method Lcom/android/org/conscrypt/OpenSSLSocketImpl;->getAlpnSelectedProtocol()[B (max-target-q,core-platform-api, reflection, denied)
06-23 12:21:55.703 W/com.uptodown( 5391): Accessing hidden method Lcom/android/org/conscrypt/AbstractConscryptSocket;->getAlpnSelectedProtocol()[B (max-target-q, reflection, denied)
06-23 12:21:55.999 D/AudioFlinger(  442): mixer(0x7154abfdf930) throttle end: throttle time(3)
06-23 12:21:56.038 I/Finsky  ( 2450): [175] agpi.u(8): Package com.google.android.gms is verified.
06-23 12:21:56.062 V/WindowManagerShell(  783): Transition animation finished (aborted=false), notifying core (#5)android.os.BinderProxy@b80d20c@1
06-23 12:21:56.089 D/AudioFlinger(  442): mixer(0x7154abfdf930) throttle end: throttle time(6)
06-23 12:21:56.126 V/WindowManager(  562): Finish Transition #5: created at 06-23 12:21:52.512 collect-started=0.098ms request-sent=20.581ms started=107.013ms ready=1350.898ms sent=2588.342ms finished=3575.515ms
06-23 12:21:56.186 W/ziparchive( 5351): Unable to open '/data/user_de/0/com.google.android.gms/app_chimera/m/00000009/dl-MlkitBarcodeUi.optional_231818100000.dm': No such file or directory
06-23 12:21:56.187 W/ziparchive( 5351): Unable to open '/data/user_de/0/com.google.android.gms/app_chimera/m/00000009/dl-MlkitBarcodeUi.optional_231818100000.dm': No such file or directory
06-23 12:21:56.188 V/WindowManagerShell(  783): Track 1 became idle
06-23 12:21:56.188 V/WindowManagerShell(  783): All active transition animations finished
06-23 12:21:56.245 W/InputDispatcher(  562): Dispatching key to e2f0ab1 com.android.settings/com.android.settings.spa.SpaActivity even though there are other unprocessed events
06-23 12:21:56.269 W/ziparchive( 5351): Unable to open '/data/user_de/0/com.google.android.gms/app_chimera/m/00000000/AdsDynamite.dm': No such file or directory
06-23 12:21:56.270 W/ziparchive( 5351): Unable to open '/data/user_de/0/com.google.android.gms/app_chimera/m/00000000/AdsDynamite.dm': No such file or directory
06-23 12:21:56.287 D/CompatibilityChangeReporter( 4956): Compat change id reported: 171228096; UID 1000; state: ENABLED
06-23 12:21:56.326 W/ziparchive( 5351): Unable to open '/data/user_de/0/com.google.android.gms/app_chimera/m/00000004/DynamiteModulesC.dm': No such file or directory
06-23 12:21:56.327 W/ziparchive( 5351): Unable to open '/data/user_de/0/com.google.android.gms/app_chimera/m/00000004/DynamiteModulesC.dm': No such file or directory
06-23 12:21:56.330 D/audioserver(  442): FGS Logger Transaction failed
06-23 12:21:56.332 D/EGL_emulation(  783): app_time_stats: avg=69771.11ms min=47.93ms max=139494.28ms count=2
06-23 12:21:56.333 D/audioserver(  442): -129
06-23 12:21:56.349 W/ziparchive( 5351): Unable to open '/data/user_de/0/com.google.android.gms/app_chimera/m/00000001/CronetDynamite.dm': No such file or directory
06-23 12:21:56.349 W/ziparchive( 5351): Unable to open '/data/user_de/0/com.google.android.gms/app_chimera/m/00000001/CronetDynamite.dm': No such file or directory
06-23 12:21:56.377 W/ziparchive( 5351): Unable to open '/data/user_de/0/com.google.android.gms/app_chimera/m/00000002/DynamiteLoader.dm': No such file or directory
06-23 12:21:56.377 W/ziparchive( 5351): Unable to open '/data/user_de/0/com.google.android.gms/app_chimera/m/00000002/DynamiteLoader.dm': No such file or directory
06-23 12:21:56.427 W/ziparchive( 5351): Unable to open '/data/user_de/0/com.google.android.gms/app_chimera/m/00000008/dl-VisionOcrDynamite.integ_231602402100000.dm': No such file or directory
06-23 12:21:56.427 W/ziparchive( 5351): Unable to open '/data/user_de/0/com.google.android.gms/app_chimera/m/00000008/dl-VisionOcrDynamite.integ_231602402100000.dm': No such file or directory
06-23 12:21:56.485 W/ziparchive( 5351): Unable to open '/data/user_de/0/com.google.android.gms/app_chimera/m/00000005/GoogleCertificates.dm': No such file or directory
06-23 12:21:56.512 W/com.uptodown( 5391): Accessing hidden method Lcom/android/org/conscrypt/OpenSSLSocketImpl;->getAlpnSelectedProtocol()[B (max-target-q,core-platform-api, reflection, denied)
06-23 12:21:56.512 W/com.uptodown( 5391): Accessing hidden method Lcom/android/org/conscrypt/AbstractConscryptSocket;->getAlpnSelectedProtocol()[B (max-target-q, reflection, denied)
06-23 12:21:56.519 D/OomAdjuster(  562): Not killing cached processes
06-23 12:21:56.533 E/TaskPersister(  562): File error accessing recents directory (directory doesn't exist?).
06-23 12:21:56.549 W/ziparchive( 5351): Unable to open '/data/user_de/0/com.google.android.gms/app_chimera/m/00000005/GoogleCertificates.dm': No such file or directory
06-23 12:21:56.559 W/ziparchive( 5351): Unable to open '/data/user_de/0/com.google.android.gms/app_chimera/m/0000000b/dl-TfliteDynamiteDynamite.integ_260580502100800.dm': No such file or directory
06-23 12:21:56.560 W/ziparchive( 5351): Unable to open '/data/user_de/0/com.google.android.gms/app_chimera/m/0000000b/dl-TfliteDynamiteDynamite.integ_260580502100800.dm': No such file or directory
06-23 12:21:56.572 E/com.uptodown( 5391): Invalid resource ID 0x00000000.
06-23 12:21:56.578 W/ziparchive( 5351): Unable to open '/data/user_de/0/com.google.android.gms/app_chimera/m/0000000a/dl-MlkitOcrCommon.optional_231818100800.dm': No such file or directory
06-23 12:21:56.578 W/ziparchive( 5351): Unable to open '/data/user_de/0/com.google.android.gms/app_chimera/m/0000000a/dl-MlkitOcrCommon.optional_231818100800.dm': No such file or directory
06-23 12:21:56.600 W/ziparchive( 5351): Unable to open '/data/user_de/0/com.google.android.gms/app_chimera/m/00000007/MeasurementDynamite.dm': No such file or directory
06-23 12:21:56.600 W/ziparchive( 5351): Unable to open '/data/user_de/0/com.google.android.gms/app_chimera/m/00000007/MeasurementDynamite.dm': No such file or directory
06-23 12:21:56.783 W/com.uptodown( 5391): Accessing hidden method Lcom/android/org/conscrypt/OpenSSLSocketImpl;->getAlpnSelectedProtocol()[B (max-target-q,core-platform-api, reflection, denied)
06-23 12:21:56.783 W/com.uptodown( 5391): Accessing hidden method Lcom/android/org/conscrypt/AbstractConscryptSocket;->getAlpnSelectedProtocol()[B (max-target-q, reflection, denied)
06-23 12:21:56.820 D/CompatibilityChangeReporter(  562): Compat change id reported: 214016041; UID 1000; state: ENABLED
06-23 12:21:56.822 I/ImeTracker(  562): com.android.settings:7f37f578: onRequestHide at ORIGIN_SERVER_HIDE_INPUT reason HIDE_UNSPECIFIED_WINDOW
06-23 12:21:56.824 I/ImeTracker(  562): com.android.settings:7f37f578: onCancelled at PHASE_SERVER_SHOULD_HIDE
06-23 12:21:56.838 D/EGL_emulation( 5391): app_time_stats: avg=1609.46ms min=1609.46ms max=1609.46ms count=1
06-23 12:21:56.840 D/BrowseActivity( 4956): Launching page TogglePermissionAppInfoPage
06-23 12:21:56.854 D/WM-Processor( 5391): Processor 8a41b2b6-7316-4824-884e-105df04a28ae executed; reschedule = false
06-23 12:21:56.894 I/Choreographer( 4956): Skipped 89 frames!  The application may be doing too much work on its main thread.
06-23 12:21:56.899 I/OpenGLRenderer( 5391): Davey! duration=3906ms; Flags=0, FrameTimelineVsyncId=11926, IntendedVsync=299787716964, Vsync=299804383630, InputEventId=1505814621, HandleInputStart=299812928900, AnimationStart=299813035300, PerformTraversalsStart=299813460200, DrawStart=302132932400, FrameDeadline=301887716880, FrameInterval=299812886900, FrameStartTime=16666666, SyncQueued=302138732800, SyncStart=302219290300, IssueDrawCommandsStart=302219616600, SwapBuffers=303760590200, FrameCompleted=303774376500, DequeueBufferDuration=56200, QueueBufferDuration=1463700, GpuCompleted=303774376500, SwapBuffersCompleted=303765869400, DisplayPresentTime=0, CommandSubmissionCompleted=303760590200, 
06-23 12:21:56.922 I/GoogleInputMethodService( 1292): GoogleInputMethodService.onFinishInput():3227 
06-23 12:21:56.941 I/GoogleInputMethodService( 1292): GoogleInputMethodService.updateDeviceLockedStatus():2087 repeatCheckTimes = 0, unlocked = true
06-23 12:21:56.946 I/GoogleInputMethodService( 1292): GoogleInputMethodService.onStartInput():1877 onStartInput(EditorInfo{inputType=0x0(NULL) imeOptions=0x0 privateImeOptions=null actionName=UNSPECIFIED actionLabel=null actionId=0 initialSelStart=-1 initialSelEnd=-1 initialCapsMode=0x0 hintText=null label=null packageName=com.android.settings fieldId=0 fieldName=null extras=null}, false)
06-23 12:21:56.947 I/GoogleInputMethodService( 1292): GoogleInputMethodService.shouldHideHeaderOnInitialState():4008 ShouldHideHeaderOnInitialState = false
06-23 12:21:56.952 I/GoogleInputMethodService( 1292): GoogleInputMethodService.updateDeviceLockedStatus():2087 repeatCheckTimes = 2, unlocked = true
06-23 12:21:56.996 D/WM-GreedyScheduler( 5391): Stopping tracking for WorkGenerationalId(workSpecId=8a41b2b6-7316-4824-884e-105df04a28ae, generation=0)
06-23 12:21:56.997 D/WM-SystemJobService( 5391): 8a41b2b6-7316-4824-884e-105df04a28ae executed on JobScheduler
06-23 12:21:57.007 D/WM-GreedyScheduler( 5391): Cancelling work ID 8a41b2b6-7316-4824-884e-105df04a28ae
06-23 12:21:57.048 D/WM-SystemJobScheduler( 5391): Scheduling work ID 8a41b2b6-7316-4824-884e-105df04a28aeJob ID 3
06-23 12:21:57.072 D/WM-Processor( 5391): Processor 5bb7d9d3-8275-4d4c-8bcf-70b338bedd8c executed; reschedule = false
06-23 12:21:57.103 E/com.uptodown( 5391): Invalid resource ID 0x00000000.
06-23 12:21:57.142 D/WM-SystemJobService( 5391): 5bb7d9d3-8275-4d4c-8bcf-70b338bedd8c executed on JobScheduler
06-23 12:21:57.304 I/ssioncontroller( 1270): Background young concurrent copying GC freed 67945(3746KB) AllocSpace objects, 0(0B) LOS objects, 46% free, 4450KB/8298KB, paused 17.706ms,386us total 236.419ms
06-23 12:21:57.373 I/Choreographer( 5391): Skipped 117 frames!  The application may be doing too much work on its main thread.
06-23 12:21:57.423 D/EGL_emulation(  783): app_time_stats: avg=56.64ms min=10.91ms max=259.31ms count=10
06-23 12:21:57.475 I/OpenGLRenderer( 4956): Davey! duration=3108ms; Flags=0, FrameTimelineVsyncId=12189, IntendedVsync=301121050244, Vsync=302021050208, InputEventId=0, HandleInputStart=302033556600, AnimationStart=302033836800, PerformTraversalsStart=302358981600, DrawStart=303667362400, FrameDeadline=302037716874, FrameInterval=302029146200, FrameStartTime=16666666, SyncQueued=303721980300, SyncStart=303734004600, IssueDrawCommandsStart=303734590400, SwapBuffers=304204810200, FrameCompleted=304241638900, DequeueBufferDuration=98200, QueueBufferDuration=813700, GpuCompleted=304241638900, SwapBuffersCompleted=304226339000, DisplayPresentTime=8387229111175570234, CommandSubmissionCompleted=304204810200, 
06-23 12:21:57.502 I/FA      ( 5391): Application backgrounded at: timestamp_millis: 1782206512751
06-23 12:21:57.520 D/BufferPoolAccessor2.0(  506): bufferpool2 0x7c710a2410c8 : 2(7776000 size) total buffers - 1(3888000 size) used buffers - 18/20 (recycle/alloc) - 2/20 (fetch/transfer)
06-23 12:21:57.542 I/OpenGLRenderer( 4956): Davey! duration=1863ms; Flags=0, FrameTimelineVsyncId=12338, IntendedVsync=302321050196, Vsync=303804383470, InputEventId=-954709154, HandleInputStart=303837574400, AnimationStart=303837695200, PerformTraversalsStart=303980218700, DrawStart=304026722500, FrameDeadline=304271050118, FrameInterval=303820989100, FrameStartTime=16666666, SyncQueued=304031494400, SyncStart=304249272200, IssueDrawCommandsStart=304249458100, SwapBuffers=304251252600, FrameCompleted=304402367300, DequeueBufferDuration=65501900, QueueBufferDuration=4511700, GpuCompleted=304336510700, SwapBuffersCompleted=304402367300, DisplayPresentTime=4294967299, CommandSubmissionCompleted=304251252600, 
06-23 12:21:57.553 D/WM-SystemJobScheduler( 5391): Scheduling work ID 5bb7d9d3-8275-4d4c-8bcf-70b338bedd8cJob ID 0
06-23 12:21:57.637 D/StatusBarIconController(  783): ignoring old pipeline callbacks, because the new mobile icons are enabled
06-23 12:21:57.646 W/Looper  (  562): Slow dispatch took 306ms android.ui h=com.android.server.am.ActivityManagerService$UiHandler c=com.android.server.am.UidObserverController$$ExternalSyntheticLambda0@3a35300 m=0
06-23 12:21:57.687 D/WM-NetworkStateTracker( 5391): Unregistering network callback
06-23 12:21:57.726 I/OpenGLRenderer( 4956): Davey! duration=721ms; Flags=0, FrameTimelineVsyncId=12599, IntendedVsync=303854383468, Vsync=304287716784, InputEventId=0, HandleInputStart=304298722800, AnimationStart=304298835800, PerformTraversalsStart=304375210800, DrawStart=304375547900, FrameDeadline=304354383448, FrameInterval=304297863300, FrameStartTime=16666666, SyncQueued=304478862700, SyncStart=304498231500, IssueDrawCommandsStart=304506928700, SwapBuffers=304586503500, FrameCompleted=304594784700, DequeueBufferDuration=67400, QueueBufferDuration=3130100, GpuCompleted=304594312600, SwapBuffersCompleted=304594784700, DisplayPresentTime=8242834580885733383, CommandSubmissionCompleted=304586503500, 
06-23 12:21:57.733 W/Looper  (  562): Slow delivery took 290ms android.ui h=com.android.server.am.ActivityManagerService$UiHandler c=com.android.server.am.UidObserverController$$ExternalSyntheticLambda0@3a35300 m=0
06-23 12:21:57.733 W/Looper  (  562): Drained
06-23 12:21:57.765 I/ActivityManager(  562): PendingStartActivityUids startActivity to updateOomAdj delay:3905ms, uid:1000
06-23 12:21:57.822 W/FA-SVC  ( 1767): Service response is missing Install Referrer install timestamp
06-23 12:21:58.082 I/system_server(  562): Background young concurrent copying GC freed 564894(23MB) AllocSpace objects, 24(580KB) LOS objects, 45% free, 27MB/51MB, paused 26.930ms,4.524ms total 1.197s
06-23 12:21:58.101 W/System  (  562): A resource failed to call release. 
06-23 12:21:58.331 I/Finsky  ( 2450): [2] ytn.onStartJob(4): SCH: job service start with id 9414.
06-23 12:21:58.399 E/com.uptodown( 5391): Invalid resource ID 0x00000000.
06-23 12:21:58.401 I/Finsky  ( 2450): [178] ycw.a(35): SCH: Satisfied jobs for 9414 are: 12-1
06-23 12:21:58.483 I/Finsky  ( 2450): [189] yrd.accept(66): SCH: Job 12-1 starting
06-23 12:21:58.554 D/WM-GreedyScheduler( 5391): Cancelling work ID 5bb7d9d3-8275-4d4c-8bcf-70b338bedd8c
06-23 12:21:58.564 I/com.uptodown( 5391): Background concurrent copying GC freed 199242(14MB) AllocSpace objects, 145(5720KB) LOS objects, 49% free, 8638KB/16MB, paused 2.264ms,266us total 423.321ms
06-23 12:21:58.572 I/Finsky  ( 2450): [2] ContentSyncJob.v(3): [ContentSync] job started
06-23 12:21:58.627 W/System  ( 5391): A resource failed to call end. 
06-23 12:21:58.628 W/System  ( 5391): A resource failed to call end. 
06-23 12:21:58.629 W/System  ( 5391): A resource failed to call end. 
06-23 12:21:58.630 W/System  ( 5391): A resource failed to call end. 
06-23 12:21:58.630 W/System  ( 5391): A resource failed to call end. 
06-23 12:21:58.630 W/System  ( 5391): A resource failed to call end. 
06-23 12:21:58.636 I/WM-WorkerWrapper( 5391): Worker result SUCCESS for Work [ id=fb8a4669-0169-4fd9-bd06-5998200b99f1, tags={ com.uptodown.workers.SearchApksWorker,SearchApksWorker } ]
06-23 12:21:58.638 W/System  ( 5391): A resource failed to call end. 
06-23 12:21:58.638 W/System  ( 5391): A resource failed to call end. 
06-23 12:21:58.646 W/System  ( 5391): A resource failed to call end. 
06-23 12:21:58.648 W/System  ( 5391): A resource failed to call end. 
06-23 12:21:58.652 E/com.uptodown( 5391): Invalid resource ID 0x00000000.
06-23 12:21:58.655 W/System  ( 5391): A resource failed to call end. 
06-23 12:21:58.655 W/System  ( 5391): A resource failed to call end. 
06-23 12:21:58.656 W/System  ( 5391): A resource failed to call end. 
06-23 12:21:58.656 W/System  ( 5391): A resource failed to call end. 
06-23 12:21:58.656 W/System  ( 5391): A resource failed to call end. 
06-23 12:21:58.656 W/System  ( 5391): A resource failed to call end. 
06-23 12:21:58.656 W/System  ( 5391): A resource failed to call end. 
06-23 12:21:58.656 W/System  ( 5391): A resource failed to call end. 
06-23 12:21:58.656 W/System  ( 5391): A resource failed to call end. 
06-23 12:21:58.661 W/System  ( 5391): A resource failed to call end. 
06-23 12:21:58.861 E/com.uptodown( 5391): Invalid resource ID 0x00000000.
06-23 12:21:58.897 I/Finsky  ( 2450): [51] jtf.h(1): Completed 0 account content syncs with 0 successful.
06-23 12:21:58.900 I/Finsky  ( 2450): [2] ContentSyncJob.a(1): [ContentSync] Installation state replication succeeded.
06-23 12:21:58.902 I/Finsky  ( 2450): [2] yse.r(4): SCH: jobFinished: 12-1. TimeElapsed: 344ms.
06-23 12:21:58.950 I/AidlLazyServiceRegistrar( 5351): Process has 0 (of 1 available) client(s) in use after notification artd has clients: 0
06-23 12:21:58.950 I/AidlLazyServiceRegistrar( 5351): Trying to shut down the service. No clients in use for any service in process.
06-23 12:21:58.956 E/com.uptodown( 5391): Invalid resource ID 0x00000000.
06-23 12:21:58.959 I/AidlLazyServiceRegistrar( 5351): Unregistered all clients and exiting
06-23 12:21:59.028 D/EGL_emulation( 5391): app_time_stats: avg=1080.01ms min=9.19ms max=2150.82ms count=2
06-23 12:21:59.038 I/Finsky  ( 2450): [58] ycx.accept(55): SCH: Scheduling phonesky job Id: 1-1337, CT: 1782206326596, Constraints: [{ L: 31003769, D: 74203769, C: 1, I: 1, N: 1 }]
06-23 12:21:59.039 I/Finsky  ( 2450): [58] ycx.accept(55): SCH: Scheduling phonesky job Id: 10-4, CT: 1782206324158, Constraints: [{ L: 1200000, D: 86400000, C: 1, I: 1, N: 1 }]
06-23 12:21:59.040 I/Finsky  ( 2450): [58] ycx.accept(55): SCH: Scheduling phonesky job Id: 10-11, CT: 1782206324159, Constraints: [{ L: 600000, D: 86400000, C: 1, I: 1, N: 1 }]
06-23 12:21:59.040 I/Finsky  ( 2450): [58] ycx.accept(55): SCH: Scheduling phonesky job Id: 10-26, CT: 1782206324160, Constraints: [{ L: 600000, D: 86400000, C: 1, I: 1, N: 1 }]
06-23 12:21:59.068 I/OpenGLRenderer( 5391): Davey! duration=3618ms; Flags=0, FrameTimelineVsyncId=12352, IntendedVsync=302337716862, Vsync=304287716784, InputEventId=0, HandleInputStart=304347976300, AnimationStart=304348031300, PerformTraversalsStart=304396806500, DrawStart=305933479400, FrameDeadline=303804383470, FrameInterval=304300654800, FrameStartTime=16666666, SyncQueued=305935819500, SyncStart=305936069500, IssueDrawCommandsStart=305937237200, SwapBuffers=305946256700, FrameCompleted=305956824500, DequeueBufferDuration=749900, QueueBufferDuration=2014800, GpuCompleted=305955677400, SwapBuffersCompleted=305956824500, DisplayPresentTime=0, CommandSubmissionCompleted=305946256700, 
06-23 12:21:59.077 I/Finsky  ( 2450): [54] ycy.apply(69): SCH: Scheduling 1 system job(s)
06-23 12:21:59.079 I/Finsky  ( 2450): [54] ysd.d(4): SCH: Scheduling system job Id: 9419, L: 405082, D: 74011288, C: false, I: false, N: 1
06-23 12:21:59.093 D/ProfileInstaller( 5391): Installing profile for com.uptodown
06-23 12:21:59.119 I/Finsky  ( 2450): [189] ytn.a(16): SCH: job service finished with id 9414.
06-23 12:21:59.133 D/android.hardware.audio@7.1-impl.ranchu(  382): threadLoop: entering standby, frames: 515712
06-23 12:21:59.195 W/JobScheduler(  562): Job didn't exist in JobStore: 1034f78 {androidx.work.systemjobscheduler} #u0a190/1 @androidx.work.systemjobscheduler@com.uptodown/androidx.work.impl.background.systemjob.SystemJobService
06-23 12:21:59.195 D/WM-SystemJobService( 5391): onStopJob for WorkGenerationalId(workSpecId=8a41b2b6-7316-4824-884e-105df04a28ae, generation=0)
06-23 12:21:59.218 E/com.uptodown( 5391): Invalid resource ID 0x00000000.
06-23 12:21:59.256 W/JobScheduler(  562): Job didn't exist in JobStore: 862aeeb {androidx.work.systemjobscheduler} #u0a190/0 @androidx.work.systemjobscheduler@com.uptodown/androidx.work.impl.background.systemjob.SystemJobService
06-23 12:21:59.267 I/Choreographer( 5391): Skipped 110 frames!  The application may be doing too much work on its main thread.
06-23 12:21:59.316 D/WM-SystemJobService( 5391): onStopJob for WorkGenerationalId(workSpecId=5bb7d9d3-8275-4d4c-8bcf-70b338bedd8c, generation=0)
06-23 12:21:59.320 D/WM-Processor( 5391): Processor fb8a4669-0169-4fd9-bd06-5998200b99f1 executed; reschedule = false
06-23 12:21:59.320 D/WM-SystemJobService( 5391): fb8a4669-0169-4fd9-bd06-5998200b99f1 executed on JobScheduler
06-23 12:21:59.333 D/WM-GreedyScheduler( 5391): Cancelling work ID fb8a4669-0169-4fd9-bd06-5998200b99f1
06-23 12:21:59.371 W/JobScheduler(  562): Job didn't exist in JobStore: 5c0859a {androidx.work.systemjobscheduler} #u0a190/2 @androidx.work.systemjobscheduler@com.uptodown/androidx.work.impl.background.systemjob.SystemJobService
06-23 12:21:59.375 D/WM-SystemJobService( 5391): onStopJob for WorkGenerationalId(workSpecId=fb8a4669-0169-4fd9-bd06-5998200b99f1, generation=0)
06-23 12:21:59.403 D/CompatibilityChangeReporter(  562): Compat change id reported: 265195908; UID 10190; state: ENABLED
06-23 12:21:59.462 E/com.uptodown( 5391): Invalid resource ID 0x00000000.
06-23 12:21:59.484 V/WindowManagerShell(  783): Transition requested: android.os.BinderProxy@7251a28 TransitionRequestInfo { type = CLOSE, triggerTask = null, remoteTransition = null, displayChange = null }
06-23 12:21:59.526 D/CompatibilityChangeReporter(  562): Compat change id reported: 197654537; UID 10190; state: ENABLED
06-23 12:21:59.533 D/CompatibilityChangeReporter( 5391): Compat change id reported: 78294732; UID 10190; state: ENABLED
06-23 12:21:59.538 W/WindowOnBackDispatcher( 5391): OnBackInvokedCallback is not enabled for the application.
06-23 12:21:59.538 W/WindowOnBackDispatcher( 5391): Set 'android:enableOnBackInvokedCallback="true"' in the application manifest.
06-23 12:21:59.544 E/com.uptodown( 5391): Invalid resource ID 0x00000000.
06-23 12:21:59.548 I/BpBinder(  445): onLastStrongRef automatically unlinking death recipients: 
06-23 12:21:59.664 D/CompatibilityChangeReporter(  562): Compat change id reported: 168419799; UID 10190; state: DISABLED
06-23 12:21:59.666 D/CompatibilityChangeReporter(  562): Compat change id reported: 273564678; UID 10190; state: DISABLED
06-23 12:21:59.674 D/FirebaseSessions( 5391): App foregrounded on com.uptodown
06-23 12:21:59.732 E/com.uptodown( 5391): Invalid resource ID 0x00000000.
06-23 12:21:59.844 E/OpenGLRenderer( 5391): Unable to match the desired swap behavior.
06-23 12:21:59.844 E/com.uptodown( 5391): Invalid resource ID 0x00000000.
06-23 12:21:59.895 D/CoreBackPreview(  562): Window{48402e5 u0 com.uptodown/com.uptodown.activities.MainActivity}: Setting back callback OnBackInvokedCallbackInfo{mCallback=android.window.IOnBackInvokedCallback$Stub$Proxy@b1d7d6a, mPriority=0, mIsAnimationCallback=false}
06-23 12:22:00.095 E/OpenGLRenderer( 5391): Unable to match the desired swap behavior.
06-23 12:22:00.142 E/com.uptodown( 5391): Invalid resource ID 0x00000000.
06-23 12:22:00.203 V/WindowManagerShell(  783): onTransitionReady android.os.BinderProxy@7251a28: {id=6 t=CLOSE f=0x0 trk=0 r=[0@Point(0, 0)] c=[{null m=CLOSE f=FILLS_TASK leash=Surface(name=ActivityRecord{932579 u0 com.android.settings/.spa.SpaActivity)/@0xbb48341 sb=Rect(0, 0 - 1080, 2400) eb=Rect(0, 0 - 1080, 2400) d=0},{null m=TO_FRONT f=FILLS_TASK leash=Surface(name=ActivityRecord{ce263d4 u0 com.uptodown/.activities.MainActivity)/@0x11fe0e6 sb=Rect(0, 0 - 1080, 2400) eb=Rect(0, 0 - 1080, 2400) d=0}]}
06-23 12:22:00.203 V/WindowManager(  562): Sent Transition #6 createdAt=06-23 12:21:59.475 via request=TransitionRequestInfo { type = CLOSE, triggerTask = null, remoteTransition = null, displayChange = null }
06-23 12:22:00.203 V/WindowManager(  562):     startWCT=WindowContainerTransaction { changes = {} hops = [] errorCallbackToken=null taskFragmentOrganizer=null }
06-23 12:22:00.203 V/WindowManager(  562):     info={id=6 t=CLOSE f=0x0 trk=0 r=[0@Point(0, 0)] c=[{null m=CLOSE f=FILLS_TASK leash=Surface(name=ActivityRecord{932579 u0 com.android.settings/.spa.SpaActivity)/@0x29d19cd sb=Rect(0, 0 - 1080, 2400) eb=Rect(0, 0 - 1080, 2400) d=0},{null m=TO_FRONT f=FILLS_TASK leash=Surface(name=ActivityRecord{ce263d4 u0 com.uptodown/.activities.MainActivity)/@0x6470364 sb=Rect(0, 0 - 1080, 2400) eb=Rect(0, 0 - 1080, 2400) d=0}]}
06-23 12:22:00.204 V/WindowManagerShell(  783): Playing animation for (#6)android.os.BinderProxy@7251a28@0
06-23 12:22:00.205 V/WindowManagerShell(  783):  try handler com.android.wm.shell.transition.DefaultMixedHandler@2e16f0b
06-23 12:22:00.206 V/WindowManagerShell(  783):  try handler com.android.wm.shell.keyguard.KeyguardTransitionHandler@753d1e8
06-23 12:22:00.206 I/AiAiEcho( 1386): Predicting[0]: 
06-23 12:22:00.206 V/WindowManagerShell(  783):  try handler com.android.wm.shell.activityembedding.ActivityEmbeddingController@a154001
06-23 12:22:00.206 I/AiAiEcho( 1386): EchoTargets: 
06-23 12:22:00.206 I/AiAiEcho( 1386): Filtered by AiAi flag check: 
06-23 12:22:00.207 V/WindowManagerShell(  783):  try handler com.android.wm.shell.recents.RecentsTransitionHandler@652bea6
06-23 12:22:00.207 I/AiAiEcho( 1386): Ranked targets strategy: SORT, count: 0, ranking metadata: 
06-23 12:22:00.207 V/ShellRecents(  783): RecentsTransitionHandler.startAnimation: no controller found
06-23 12:22:00.207 V/WindowManagerShell(  783):  try handler com.android.wm.shell.pip.PipTransition@1b5f0e7
06-23 12:22:00.208 V/WindowManagerShell(  783):  try handler com.android.wm.shell.splitscreen.StageCoordinator@3882494
06-23 12:22:00.208 V/WindowManagerShell(  783):  try handler com.android.wm.shell.transition.RemoteTransitionHandler@a94db3d
06-23 12:22:00.208 I/AiAiEcho( 1386): #postPredictionTargets: Sending updates to UISurface lockscreen with targets# 0 (types=[])
06-23 12:22:00.209 V/WindowManagerShell(  783): Transition doesn't have explicit remote, search filters for match for {id=6 t=CLOSE f=0x0 trk=0 r=[0@Point(0, 0)] c=[{null m=CLOSE f=FILLS_TASK leash=Surface(name=ActivityRecord{932579 u0 com.android.settings/.spa.SpaActivity)/@0xbb48341 sb=Rect(0, 0 - 1080, 2400) eb=Rect(0, 0 - 1080, 2400) d=0},{null m=TO_FRONT f=FILLS_TASK leash=Surface(name=ActivityRecord{ce263d4 u0 com.uptodown/.activities.MainActivity)/@0x11fe0e6 sb=Rect(0, 0 - 1080, 2400) eb=Rect(0, 0 - 1080, 2400) d=0}]}
06-23 12:22:00.210 V/WindowManagerShell(  783):  Checking filter Pair{{types=[] flags=0x0] notFlags=0x0 checks=[{atype=dream independent=true modes=[OPEN,TO_FRONT] flags=NONE mustBeTask=false order=ANY topActivity=null},{atype=home independent=true modes=[CLOSE,TO_BACK] flags=NONE mustBeTask=false order=ANY topActivity=null}]} RemoteTransition { remoteTransition = android.window.IRemoteTransition$Stub$Proxy@96adae5, appThread = android.app.IApplicationThread$Stub$Proxy@34f29ba, debugName = LauncherToDream }}
06-23 12:22:00.211 V/WindowManagerShell(  783):  Checking filter Pair{{types=[] flags=0x0] notFlags=0x100 checks=[{atype=home independent=true modes=[OPEN,TO_FRONT] flags=NONE mustBeTask=false order=TOP topActivity=ComponentInfo{com.google.android.apps.nexuslauncher/com.google.android.apps.nexuslauncher.NexusLauncherActivity}},{atype=standard independent=true modes=[CLOSE,TO_BACK] flags=NONE mustBeTask=false order=ANY topActivity=null}]} RemoteTransition { remoteTransition = android.window.IRemoteTransition$Stub$Proxy@747a06b, appThread = android.app.IApplicationThread$Stub$Proxy@a2217c8, debugName = QuickstepLaunchHome }}
06-23 12:22:00.214 V/WindowManagerShell(  783):  Delegate animation for #6 to null
06-23 12:22:00.215 V/WindowManagerShell(  783):  try handler com.android.wm.shell.transition.DefaultTransitionHandler@a5c1f32
06-23 12:22:00.215 V/WindowManagerShell(  783): start default transition animation, info = {id=6 t=CLOSE f=0x0 trk=0 r=[0@Point(0, 0)] c=[{null m=CLOSE f=FILLS_TASK leash=Surface(name=ActivityRecord{932579 u0 com.android.settings/.spa.SpaActivity)/@0xbb48341 sb=Rect(0, 0 - 1080, 2400) eb=Rect(0, 0 - 1080, 2400) d=0},{null m=TO_FRONT f=FILLS_TASK leash=Surface(name=ActivityRecord{ce263d4 u0 com.uptodown/.activities.MainActivity)/@0x11fe0e6 sb=Rect(0, 0 - 1080, 2400) eb=Rect(0, 0 - 1080, 2400) d=0}]}
06-23 12:22:00.217 V/WindowManagerShell(  783): loadAnimation: anim=android.view.animation.AnimationSet@c05127d animAttr=0x6 type=CLOSE isEntrance=true
06-23 12:22:00.219 V/WindowManagerShell(  783): loadAnimation: anim=android.view.animation.AnimationSet@c26991 animAttr=0x7 type=CLOSE isEntrance=false
06-23 12:22:00.225 D/EGL_emulation(  783): app_time_stats: avg=1733.89ms min=19.31ms max=8393.78ms count=5
06-23 12:22:00.243 W/PageIndicator(  783): Total number of pages invalid: 0. Assuming 1 page.
06-23 12:22:00.251 E/com.uptodown( 5391): Invalid resource ID 0x00000000.
06-23 12:22:00.411 I/ActivityTaskManager(  562): START u0 {act=android.intent.action.MAIN cat=[android.intent.category.HOME] flg=0x10000100 cmp=com.google.android.apps.nexuslauncher/.NexusLauncherActivity (has extras)} with LAUNCH_SINGLE_TASK from uid 0 (BAL_ALLOW_ALLOWLISTED_UID) result code=2
06-23 12:22:00.455 W/Looper  (  562): Slow dispatch took 202ms android.ui h=com.android.server.policy.PhoneWindowManager$PolicyHandler c=com.android.server.policy.PhoneWindowManager$DisplayHomeButtonHandler$$ExternalSyntheticLambda0@7f72891 m=0
06-23 12:22:00.542 D/FirebaseSessions( 5391): App backgrounded on com.uptodown
06-23 12:22:00.552 W/Looper  (  562): Slow delivery took 222ms android.ui h=android.os.Handler c=com.android.server.autofill.ui.AutoFillUI$$ExternalSyntheticLambda2@5290982 m=0
06-23 12:22:00.569 I/vol.VolumeDialogImpl(  783): mDialog.dismiss() reason: volume_controller from: com.android.systemui.volume.VolumeDialogImpl$7.onDismissRequested:3
06-23 12:22:00.759 E/TaskPersister(  562): File error accessing recents directory (directory doesn't exist?).
06-23 12:22:00.810 D/BoundBrokerSvc( 2923): onUnbind: Intent { act=com.google.android.gms.nearby.exposurenotification.START dat=chimera-action:/... cmp=com.google.android.gms/.chimera.PersistentApiServiceNoInstantApps }
06-23 12:22:00.847 W/Looper  (  562): Drained
06-23 12:22:00.847 W/Looper  (  562): Slow dispatch took 213ms android.ui h=com.android.server.am.ActivityManagerService$UiHandler c=com.android.server.am.UidObserverController$$ExternalSyntheticLambda0@3a35300 m=0
06-23 12:22:00.847 W/Looper  (  562): Slow delivery took 207ms android.ui h=com.android.server.wm.DisplayPolicy$PolicyHandler c=com.android.server.wm.DisplayPolicy$$ExternalSyntheticLambda8@b84c8e7 m=0
06-23 12:22:00.907 E/OpenGLRenderer( 1017): Unable to match the desired swap behavior.
06-23 12:22:01.017 E/OpenGLRenderer( 1598): Unable to match the desired swap behavior.
06-23 12:22:01.157 D/QuickstepModelDelegate( 1017): notifyAppTargetEvent action=1 launchLocation=workspace/0/[-1,-1]/[1,1]
06-23 12:22:01.174 I/vol.VolumeDialogImpl(  783): mDialog.dismiss() reason: volume_controller from: com.android.systemui.volume.VolumeDialogImpl$7.onDismissRequested:3
06-23 12:22:01.174 D/vol.VolumeDialogImpl(  783): dismissH: skipping dismiss because isAnimatingDismiss is true and showingStateInconsistent is false
06-23 12:22:01.246 W/AppSearchIcing(  562): icing-search-engine.cc:283: Error: 5, Message: Document (com.google.android.googlequicksearchbox$OneSearchZeroStateGoogleSuggestions/default, zp) not found.
06-23 12:22:01.280 I/OpenGLRenderer( 1598): Davey! duration=752ms; Flags=1, FrameTimelineVsyncId=14222, IntendedVsync=307337716662, Vsync=307504383322, InputEventId=1705885483, HandleInputStart=307517851600, AnimationStart=307517908100, PerformTraversalsStart=307518018100, DrawStart=307951546300, FrameDeadline=307354383328, FrameInterval=307515980000, FrameStartTime=16666666, SyncQueued=307979754200, SyncStart=307983738600, IssueDrawCommandsStart=307986258000, SwapBuffers=307986706800, FrameCompleted=308094618700, DequeueBufferDuration=48000, QueueBufferDuration=5056800, GpuCompleted=308094366700, SwapBuffersCompleted=308094618700, DisplayPresentTime=0, CommandSubmissionCompleted=307986706800, 
06-23 12:22:01.284 W/Looper  (  562): Slow dispatch took 196ms android.ui h=com.android.server.am.ActivityManagerService$UiHandler c=com.android.server.am.UidObserverController$$ExternalSyntheticLambda0@3a35300 m=0
06-23 12:22:01.286 V/WindowManagerShell(  783):  animated by com.android.wm.shell.transition.DefaultTransitionHandler@a5c1f32
