--------- beginning of system
06-23 12:21:37.087 D/ActivityManager(  562): freezing 4209 com.google.android.rkpdapp
--------- beginning of main
06-23 12:21:37.219 I/abb     ( 5262): StartCommandInProcess(73657474696e67730067657400656e61 settings.get.ena [truncated])
06-23 12:21:37.255 W/binder:562_17(  562): type=1400 audit(0.0:30): avc:  denied  { getopt } for  scontext=u:r:system_server:s0 tcontext=u:r:shell:s0 tclass=unix_stream_socket permissive=0
06-23 12:21:37.255 W/binder:562_17(  562): type=1400 audit(0.0:31): avc:  denied  { getopt } for  scontext=u:r:system_server:s0 tcontext=u:r:shell:s0 tclass=unix_stream_socket permissive=0
06-23 12:21:37.263 W/binder:562_17(  562): type=1400 audit(0.0:32): avc:  denied  { getopt } for  scontext=u:r:system_server:s0 tcontext=u:r:shell:s0 tclass=unix_stream_socket permissive=0
06-23 12:21:37.292 I/abb     ( 5262): StartCommandInProcess(7061636b61676500696e7374616c6c00 package.install. [truncated])
06-23 12:21:37.878 D/StatusBarIconController(  783): ignoring old pipeline callback because the new wifi icon is enabled
06-23 12:21:37.875 W/binder:562_17(  562): type=1400 audit(0.0:33): avc:  denied  { getopt } for  scontext=u:r:system_server:s0 tcontext=u:r:shell:s0 tclass=unix_stream_socket permissive=0
06-23 12:21:38.182 I/PackageManager(  562): Integrity check passed for file:///data/app/vmdl159632502.tmp
06-23 12:21:38.214 I/keystore2(  201): system/security/keystore2/src/watchdog.rs:319 - Watchdog thread idle -> terminating. Have a great day.
06-23 12:21:38.216 W/System  (  562): A resource failed to call close. 
06-23 12:21:38.262 I/PermissionManager(  562): Permission ownership changed. Updating all permissions.
06-23 12:21:38.522 W/Looper  (  562): Slow dispatch took 255ms android.fg h=android.os.Handler c=<recycled PooledLambda@340abba> m=0
06-23 12:21:38.522 W/Looper  (  562): Slow delivery took 256ms android.fg h=android.os.Handler c=<recycled PooledLambda@ffbab28> m=0
06-23 12:21:38.537 W/Looper  (  562): Drained
06-23 12:21:38.586 D/ActivityManager(  562): freezing 3535 com.google.android.gms.unstable
06-23 12:21:38.608 I/artd    ( 4363): Merge skipped because there are no existing profiles
06-23 12:21:38.614 W/ziparchive( 4363): Unable to open '/data/app/~~9BN075oR-WHp1Fbaf-uw0Q==/com.uptodown-Q4nmdBM2sydsbnezA0pBUw==/base.dm': No such file or directory
06-23 12:21:38.614 W/ziparchive( 4363): Unable to open '/data/app/~~9BN075oR-WHp1Fbaf-uw0Q==/com.uptodown-Q4nmdBM2sydsbnezA0pBUw==/base.dm': No such file or directory
06-23 12:21:38.652 V/StorageManagerService(  562): Package null does not have legacy storage
06-23 12:21:38.659 I/artd    ( 4363): Running dex2oat: /apex/com.android.art/bin/art_exec --drop-capabilities --set-task-profile=Dex2OatBootComplete --set-priority=background --keep-fds=6:7:8:9:10:11 -- /apex/com.android.art/bin/dex2oat64 --zip-fd=6 --zip-location=/data/app/~~9BN075oR-WHp1Fbaf-uw0Q==/com.uptodown-Q4nmdBM2sydsbnezA0pBUw==/base.apk --oat-fd=7 --oat-location=/data/app/~~9BN075oR-WHp1Fbaf-uw0Q==/com.uptodown-Q4nmdBM2sydsbnezA0pBUw==/oat/x86_64/base.odex --output-vdex-fd=8 --swap-fd=9 --class-loader-context-fds=10:11 --class-loader-context=PCL[]{PCL[/system_ext/framework/androidx.window.extensions.jar]#PCL[/system_ext/framework/androidx.window.sidecar.jar]} --classpath-dir=/data/app/~~9BN075oR-WHp1Fbaf-uw0Q==/com.uptodown-Q4nmdBM2sydsbnezA0pBUw== --instruction-set=x86_64 --instruction-set-features=default --instruction-set-variant=x86_64 --compiler-filter=verify --compilation-reason=install --compact-dex-level=none --max-image-block-size=524288 --resolve-startup-const-strings=true --generate-mini-debug-info --runtime-arg -Xtarget-sdk-version:35 --runtime-arg -Xhidden-api-policy:enabled --runtime-arg -Xms64m --runtime-arg -Xmx512m --comments=app-version-name:7.27,app-version-code:727,art-version:340818082
06-23 12:21:38.659 I/artd    ( 4363): Opened FDs: 6:/data/app/~~9BN075oR-WHp1Fbaf-uw0Q==/com.uptodown-Q4nmdBM2sydsbnezA0pBUw==/base.apk 7:/data/app/~~9BN075oR-WHp1Fbaf-uw0Q==/com.uptodown-Q4nmdBM2sydsbnezA0pBUw==/oat/x86_64/base.odex.uPh8Ew.tmp 8:/data/app/~~9BN075oR-WHp1Fbaf-uw0Q==/com.uptodown-Q4nmdBM2sydsbnezA0pBUw==/oat/x86_64/base.vdex.USUaKE.tmp 9:/data/app/~~9BN075oR-WHp1Fbaf-uw0Q==/com.uptodown-Q4nmdBM2sydsbnezA0pBUw==/oat/x86_64/base.odex.swap.868wYr.tmp 10:/system_ext/framework/androidx.window.sidecar.jar 11:/system_ext/framework/androidx.window.extensions.jar 
06-23 12:21:38.679 D/MediaGrants( 1357): Removed 0 media_grants for 0 user for com.uptodown. Reason: Mode changed: android:read_external_storage
06-23 12:21:38.687 D/MediaGrants( 1357): Removed 0 media_grants for 0 user for com.uptodown. Reason: Mode changed: android:read_external_storage
06-23 12:21:38.694 D/MediaGrants( 1357): Removed 0 media_grants for 0 user for com.uptodown. Reason: Mode changed: android:read_external_storage
06-23 12:21:38.898 W/dex2oat64( 5271): Unexpected CPU variant for x86: x86_64.
06-23 12:21:38.898 W/dex2oat64( 5271): Known variants: atom, sandybridge, silvermont, goldmont, goldmont-plus, tremont, kabylake, default
06-23 12:21:38.901 W/dex2oat64( 5271): Mismatch between dex2oat instruction set features to use (ISA: X86_64 Feature string: -ssse3,-sse4.1,-sse4.2,-avx,-avx2,-popcnt) and those from CPP defines (ISA: X86_64 Feature string: ssse3,sse4.1,sse4.2,-avx,-avx2,popcnt) for the command line:
06-23 12:21:38.901 W/dex2oat64( 5271): /apex/com.android.art/bin/dex2oat64 --zip-fd=6 --zip-location=/data/app/~~9BN075oR-WHp1Fbaf-uw0Q==/com.uptodown-Q4nmdBM2sydsbnezA0pBUw==/base.apk --oat-fd=7 --oat-location=/data/app/~~9BN075oR-WHp1Fbaf-uw0Q==/com.uptodown-Q4nmdBM2sydsbnezA0pBUw==/oat/x86_64/base.odex --output-vdex-fd=8 --swap-fd=9 --class-loader-context-fds=10:11 --class-loader-context=PCL[]{PCL[/system_ext/framework/androidx.window.extensions.jar]#PCL[/system_ext/framework/androidx.window.sidecar.jar]} --classpath-dir=/data/app/~~9BN075oR-WHp1Fbaf-uw0Q==/com.uptodown-Q4nmdBM2sydsbnezA0pBUw== --instruction-set=x86_64 --instruction-set-features=default --instruction-set-variant=x86_64 --compiler-filter=verify --compilation-reason=install --compact-dex-level=none --max-image-block-size=524288 --resolve-startup-const-strings=true --generate-mini-debug-info --runtime-arg -Xtarget-sdk-version:35 --runtime-arg -Xhidden-api-policy:enabled --runtime-arg -Xms64m --runtime-arg -Xmx512m --comments=app-version-name:7.27,app-version-code:727,art-version:340818082
06-23 12:21:38.902 I/dex2oat64( 5271): /apex/com.android.art/bin/dex2oat64 --output-vdex-fd=8 --class-loader-context-fds=10:11 --class-loader-context=PCL[]{PCL[/system_ext/framework/androidx.window.extensions.jar]#PCL[/system_ext/framework/androidx.window.sidecar.jar]} --classpath-dir=/data/app/~~9BN075oR-WHp1Fbaf-uw0Q==/com.uptodown-Q4nmdBM2sydsbnezA0pBUw== --compiler-filter=verify --compilation-reason=install --compact-dex-level=none --max-image-block-size=524288 --resolve-startup-const-strings=true --generate-mini-debug-info --comments=app-version-name:7.27,app-version-code:727,art-version:340818082
06-23 12:21:39.119 I/dex2oat64( 5271): Using CollectorTypeCC GC.
06-23 12:21:39.610 D/TrafficStats( 2744): tagSocket(76) with statsTag=0xffffffff, statsUid=-1
06-23 12:21:40.469 W/dex2oat64( 5271): Accessing hidden method Landroid/adservices/adselection/AdSelectionFromOutcomesConfig$Builder;-><init>()V (blocked, linking, denied)
06-23 12:21:40.470 W/dex2oat64( 5271): Accessing hidden method Landroid/adservices/adselection/AdSelectionFromOutcomesConfig$Builder;->setSelectionSignals(Landroid/adservices/common/AdSelectionSignals;)Landroid/adservices/adselection/AdSelectionFromOutcomesConfig$Builder; (blocked, linking, denied)
06-23 12:21:40.470 W/dex2oat64( 5271): Accessing hidden method Landroid/adservices/adselection/AdSelectionManager;->selectAds(Landroid/adservices/adselection/AdSelectionFromOutcomesConfig;Ljava/util/concurrent/Executor;Landroid/os/OutcomeReceiver;)V (blocked, linking, denied)
06-23 12:21:40.470 W/dex2oat64( 5271): Accessing hidden method Landroid/adservices/adselection/AdSelectionManager;->updateAdCounterHistogram(Landroid/adservices/adselection/UpdateAdCounterHistogramRequest;Ljava/util/concurrent/Executor;Landroid/os/OutcomeReceiver;)V (blocked, linking, denied)
06-23 12:21:40.471 W/dex2oat64( 5271): Accessing hidden method Landroid/adservices/adselection/AdSelectionFromOutcomesConfig$Builder;->setAdSelectionIds(Ljava/util/List;)Landroid/adservices/adselection/AdSelectionFromOutcomesConfig$Builder; (blocked, linking, denied)
06-23 12:21:40.471 W/dex2oat64( 5271): Accessing hidden method Landroid/adservices/adselection/AdSelectionFromOutcomesConfig$Builder;->setSelectionLogicUri(Landroid/net/Uri;)Landroid/adservices/adselection/AdSelectionFromOutcomesConfig$Builder; (blocked, linking, denied)
06-23 12:21:40.471 W/dex2oat64( 5271): Accessing hidden method Landroid/adservices/adselection/AdSelectionFromOutcomesConfig$Builder;->setSeller(Landroid/adservices/common/AdTechIdentifier;)Landroid/adservices/adselection/AdSelectionFromOutcomesConfig$Builder; (blocked, linking, denied)
06-23 12:21:40.471 W/dex2oat64( 5271): Accessing hidden method Landroid/adservices/adselection/AdSelectionFromOutcomesConfig$Builder;->build()Landroid/adservices/adselection/AdSelectionFromOutcomesConfig; (blocked, linking, denied)
06-23 12:21:40.473 W/dex2oat64( 5271): Accessing hidden method Landroid/adservices/adselection/UpdateAdCounterHistogramRequest$Builder;->build()Landroid/adservices/adselection/UpdateAdCounterHistogramRequest; (blocked, linking, denied)
06-23 12:21:40.474 W/dex2oat64( 5271): Accessing hidden method Landroid/adservices/common/AdData$Builder;->setAdCounterKeys(Ljava/util/Set;)Landroid/adservices/common/AdData$Builder; (blocked, linking, denied)
06-23 12:21:40.475 W/dex2oat64( 5271): Accessing hidden method Landroid/adservices/common/AdData$Builder;->setAdFilters(Landroid/adservices/common/AdFilters;)Landroid/adservices/common/AdData$Builder; (blocked, linking, denied)
06-23 12:21:40.475 W/dex2oat64( 5271): Accessing hidden method Landroid/adservices/common/AdData$Builder;->setAdCounterKeys(Ljava/util/Set;)Landroid/adservices/common/AdData$Builder; (blocked, linking, denied)
06-23 12:21:40.475 W/dex2oat64( 5271): Accessing hidden method Landroid/adservices/common/AdFilters$Builder;-><init>()V (blocked, linking, denied)
06-23 12:21:40.475 W/dex2oat64( 5271): Accessing hidden method Landroid/adservices/common/AdFilters$Builder;->setFrequencyCapFilters(Landroid/adservices/common/FrequencyCapFilters;)Landroid/adservices/common/AdFilters$Builder; (blocked, linking, denied)
06-23 12:21:40.475 W/dex2oat64( 5271): Accessing hidden method Landroid/adservices/common/AdData$Builder;->setAdFilters(Landroid/adservices/common/AdFilters;)Landroid/adservices/common/AdData$Builder; (blocked, linking, denied)
06-23 12:21:40.476 W/dex2oat64( 5271): Accessing hidden method Landroid/adservices/common/AdFilters$Builder;->build()Landroid/adservices/common/AdFilters; (blocked, linking, denied)
06-23 12:21:40.476 W/dex2oat64( 5271): Accessing hidden method Landroid/adservices/common/FrequencyCapFilters$Builder;-><init>()V (blocked, linking, denied)
06-23 12:21:40.477 W/dex2oat64( 5271): Accessing hidden method Landroid/adservices/common/FrequencyCapFilters$Builder;->build()Landroid/adservices/common/FrequencyCapFilters; (blocked, linking, denied)
06-23 12:21:40.477 W/dex2oat64( 5271): Accessing hidden method Landroid/adservices/common/KeyedFrequencyCap$Builder;->build()Landroid/adservices/common/KeyedFrequencyCap; (blocked, linking, denied)
06-23 12:21:41.379 D/CompatibilityChangeReporter(  562): Compat change id reported: 261072174; UID 10132; state: DISABLED
06-23 12:21:41.381 D/OomAdjuster(  562): Not killing cached processes
06-23 12:21:41.381 W/ProcessStats(  562): Tracking association SourceState{ad0b808 com.google.android.googlequicksearchbox:search/10132 BTop #3651} whose proc state 2 is better than process ProcessState{f921957 com.google.android.gms/10127 pkg=com.google.android.gms} proc state 4 (41 skipped)
06-23 12:21:41.548 I/dex2oat64( 5271): dex2oat took 2.653s (9.539s cpu) (threads: 6) arena alloc=0B (0B) java alloc=12MB (12999008B) native alloc=3579KB (3665696B) free=1104KB (1130896B)
06-23 12:21:41.562 I/artd    ( 4363): dex2oat returned code 0
06-23 12:21:41.564 I/ArtService(  562): Dexopt result: [packageName = com.uptodown] DexContainerFileDexoptResult{dexContainerFile=/data/app/~~9BN075oR-WHp1Fbaf-uw0Q==/com.uptodown-Q4nmdBM2sydsbnezA0pBUw==/base.apk, primaryAbi=true, abi=x86_64, actualCompilerFilter=verify, status=PERFORMED, dex2oatWallTimeMillis=2909, dex2oatCpuTimeMillis=9620, sizeBytes=14088280, sizeBeforeBytes=0}
06-23 12:21:41.574 V/BackupManagerService(  562): [UserID:0] restoreAtInstall pkg=com.uptodown token=1 restoreSet=0
06-23 12:21:41.575 V/BackupManagerService(  562): [UserID:0] Finishing install immediately
06-23 12:21:41.612 W/WindowMagnificationMgr(  562): requestConnection duplicated request: connect=false, mConnectionState=DISCONNECTED
06-23 12:21:41.622 D/PackageInstallerSession(  562): Marking session 159632502 as applied
06-23 12:21:41.627 W/binder:562_17(  562): type=1400 audit(0.0:34): avc:  denied  { getopt } for  scontext=u:r:system_server:s0 tcontext=u:r:shell:s0 tclass=unix_stream_socket permissive=0
06-23 12:21:41.627 W/binder:562_17(  562): type=1400 audit(0.0:35): avc:  denied  { getopt } for  scontext=u:r:system_server:s0 tcontext=u:r:shell:s0 tclass=unix_stream_socket permissive=0
06-23 12:21:41.627 W/binder:562_17(  562): type=1400 audit(0.0:36): avc:  denied  { getopt } for  scontext=u:r:system_server:s0 tcontext=u:r:shell:s0 tclass=unix_stream_socket permissive=0
06-23 12:21:41.655 D/ActivityManager(  562): sync unfroze 1270 com.google.android.permissioncontroller for 6
06-23 12:21:41.692 D/CompatibilityChangeReporter(  562): Compat change id reported: 168419799; UID 10190; state: DISABLED
06-23 12:21:41.694 D/CompatibilityChangeReporter(  562): Compat change id reported: 273564678; UID 10190; state: DISABLED
06-23 12:21:41.847 D/CarrierSvcBindHelper(  969): onPackageAdded: com.uptodown
06-23 12:21:41.850 D/CarrierSvcBindHelper(  969): No carrier app for: 0
06-23 12:21:41.862 V/MediaPlayerList(  906): mPackageChangedBroadcastReceiver: action: android.intent.action.PACKAGE_ADDED
06-23 12:21:41.874 V/MediaPlayerList(  906): mPackageChangedBroadcastReceiver: action: android.intent.action.PACKAGE_ADDED
06-23 12:21:41.879 W/Looper  (  562): Slow dispatch took 101ms android.fg h=android.os.Handler c=com.android.server.om.OverlayManagerService$$ExternalSyntheticLambda0@c92f97f m=0
06-23 12:21:41.889 W/WindowMagnificationMgr(  562): requestConnection duplicated request: connect=false, mConnectionState=DISCONNECTED
06-23 12:21:41.890 I/RoleService(  562): Granting default roles...
06-23 12:21:41.897 D/CompatibilityChangeReporter(  562): Compat change id reported: 151105954; UID 1000; state: ENABLED
06-23 12:21:41.898 E/AppOps  (  562): attributionTag VCN not declared in manifest of android
06-23 12:21:41.900 E/BackupHelper( 1270): Could not parse delayed permissions
06-23 12:21:41.900 E/BackupHelper( 1270): java.io.FileNotFoundException: /data/user_de/0/com.google.android.permissioncontroller/files/delayed_restore_permissions.xml: open failed: ENOENT (No such file or directory)
06-23 12:21:41.900 E/BackupHelper( 1270): 	at libcore.io.IoBridge.open(IoBridge.java:574)
06-23 12:21:41.900 E/BackupHelper( 1270): 	at java.io.FileInputStream.<init>(FileInputStream.java:160)
06-23 12:21:41.900 E/BackupHelper( 1270): 	at android.app.ContextImpl.openFileInput(ContextImpl.java:745)
06-23 12:21:41.900 E/BackupHelper( 1270): 	at com.android.permissioncontroller.permission.service.BackupHelper.restoreDelayedState(BackupHelper.java:409)
06-23 12:21:41.900 E/BackupHelper( 1270): 	at com.android.permissioncontroller.permission.service.PermissionControllerServiceImpl.onRestoreDelayedRuntimePermissionsBackup(PermissionControllerServiceImpl.java:426)
06-23 12:21:41.900 E/BackupHelper( 1270): 	at com.android.permissioncontroller.permission.service.PermissionControllerServiceImpl.lambda$onApplyStagedRuntimePermissionBackup$4(PermissionControllerServiceImpl.java:420)
06-23 12:21:41.900 E/BackupHelper( 1270): 	at com.android.permissioncontroller.permission.service.PermissionControllerServiceImpl.$r8$lambda$tLRxnveBSElsWBMXSZfvxMhS6zQ(PermissionControllerServiceImpl.java:0)
06-23 12:21:41.900 E/BackupHelper( 1270): 	at com.android.permissioncontroller.permission.service.PermissionControllerServiceImpl$$ExternalSyntheticLambda10.run(R8$$SyntheticClass:0)
06-23 12:21:41.900 E/BackupHelper( 1270): 	at android.os.AsyncTask$SerialExecutor$1.run(AsyncTask.java:305)
06-23 12:21:41.900 E/BackupHelper( 1270): 	at java.util.concurrent.ThreadPoolExecutor.runWorker(ThreadPoolExecutor.java:1145)
06-23 12:21:41.900 E/BackupHelper( 1270): 	at java.util.concurrent.ThreadPoolExecutor$Worker.run(ThreadPoolExecutor.java:644)
06-23 12:21:41.900 E/BackupHelper( 1270): 	at java.lang.Thread.run(Thread.java:1012)
06-23 12:21:41.900 E/BackupHelper( 1270): Caused by: android.system.ErrnoException: open failed: ENOENT (No such file or directory)
06-23 12:21:41.900 E/BackupHelper( 1270): 	at libcore.io.Linux.open(Native Method)
06-23 12:21:41.900 E/BackupHelper( 1270): 	at libcore.io.ForwardingOs.open(ForwardingOs.java:563)
06-23 12:21:41.900 E/BackupHelper( 1270): 	at libcore.io.BlockGuardOs.open(BlockGuardOs.java:274)
06-23 12:21:41.900 E/BackupHelper( 1270): 	at libcore.io.ForwardingOs.open(ForwardingOs.java:563)
06-23 12:21:41.900 E/BackupHelper( 1270): 	at android.app.ActivityThread$AndroidOs.open(ActivityThread.java:8063)
06-23 12:21:41.900 E/BackupHelper( 1270): 	at libcore.io.IoBridge.open(IoBridge.java:560)
06-23 12:21:41.900 E/BackupHelper( 1270): 	... 11 more
06-23 12:21:41.922 D/CompatibilityChangeReporter(  562): Compat change id reported: 218533173; UID 10190; state: ENABLED
06-23 12:21:41.923 D/CompatibilityChangeReporter(  562): Compat change id reported: 262645982; UID 10190; state: ENABLED
06-23 12:21:41.928 I/SdkSandboxManager(  562): No SDKs used. Skipping SDK data reconcilation for CallingInfo{mUid=10190, mPackageName='com.uptodown, mAppProcessToken='null'}
06-23 12:21:41.944 I/PermissionControllerServiceImpl( 1270): Updating user sensitive for uid 10190
06-23 12:21:41.956 D/TransparencyService(  562): Not an update. Skipping...
06-23 12:21:41.965 D/ImsResolver(  969): maybeAddedImsService, packageName: com.uptodown
06-23 12:21:42.026 V/BackupManagerConstants(  562): getFullBackupIntervalMilliseconds(...) returns 86400000
06-23 12:21:42.058 I/InputReader(  562): Reconfiguring input devices, changes=KEYBOARD_LAYOUTS
06-23 12:21:42.068 V/BackupManagerConstants(  562): getFullBackupRequiredNetworkType(...) returns 2
06-23 12:21:42.068 V/BackupManagerConstants(  562): getFullBackupRequireCharging(...) returns true
06-23 12:21:42.070 D/CompatibilityChangeReporter(  562): Compat change id reported: 271850009; UID 1000; state: ENABLED
06-23 12:21:42.071 D/CompatibilityChangeReporter(  562): Compat change id reported: 253665015; UID 1000; state: ENABLED
06-23 12:21:42.073 D/CompatibilityChangeReporter(  562): Compat change id reported: 194532703; UID 1000; state: ENABLED
06-23 12:21:42.115 I/SafetyLabelChangedBroadcastReceiver( 1270): received broadcast packageName: com.uptodown, current user: UserHandle{0}, packageChangeEvent: NEW_INSTALL, intent user: UserHandle{0}
06-23 12:21:42.123 W/Looper  (  562): Slow dispatch took 119ms android.fg h=android.os.Handler c=<recycled PooledLambda@df92425> m=0
06-23 12:21:42.152 W/Looper  (  562): Slow dispatch took 196ms main h=android.app.ActivityThread$H c=android.app.LoadedApk$ReceiverDispatcher$Args$$ExternalSyntheticLambda0@dd12ee5 m=0
06-23 12:21:42.153 W/Looper  (  562): Slow delivery took 218ms main h=android.app.ActivityThread$H c=android.app.LoadedApk$ReceiverDispatcher$Args$$ExternalSyntheticLambda0@878edba m=0
06-23 12:21:42.320 W/Looper  (  562): Drained
06-23 12:21:42.336 W/Looper  (  562): Slow dispatch took 151ms android.fg h=android.os.Handler c=<recycled PooledLambda@110a5e3> m=0
06-23 12:21:42.358 W/Looper  (  562): Slow delivery took 332ms android.fg h=android.os.Handler c=<recycled PooledLambda@bc49b55> m=0
06-23 12:21:42.392 I/HealthFirstGrantTimeMan(  562): State for user: 0 has not been restored and validated.
06-23 12:21:42.410 W/Looper  (  562): Drained
06-23 12:21:42.412 D/CarrierSvcBindHelper(  969): onPackageModified: com.uptodown
06-23 12:21:42.413 D/CarrierSvcBindHelper(  969): No carrier app for: 0
06-23 12:21:42.417 I/InputReader(  562): Reconfiguring input devices, changes=KEYBOARD_LAYOUTS
06-23 12:21:42.419 W/GrantTimeSerializer(  562): /data/system_ce/0/healthconnect/health-permissions-first-grant-times.xml not found
06-23 12:21:42.447 V/MediaPlayerList(  906): mPackageChangedBroadcastReceiver: action: android.intent.action.PACKAGE_CHANGED
06-23 12:21:42.450 V/MediaPlayerList(  906): mPackageChangedBroadcastReceiver: action: android.intent.action.PACKAGE_CHANGED
06-23 12:21:42.468 E/RoleControllerServiceImpl( 1270): Default/fallback role holder package doesn't qualify for the role, package: com.google.android.gms.supervision, role: android.app.role.SYSTEM_SUPERVISION
06-23 12:21:42.478 D/ControlsListingControllerImpl(  783): ServiceConfig reloaded, count: 0
06-23 12:21:42.492 D/ControlsListingControllerImpl(  783): ServiceConfig reloaded, count: 0
06-23 12:21:42.500 W/HealthConnectPackageInfoUtils(  562): Can't extract requested permissions from the package info.
06-23 12:21:42.501 W/HealthConnectPackageInfoUtils(  562): Can't extract requested permissions from the package info.
06-23 12:21:42.501 W/HealthConnectPackageInfoUtils(  562): Can't extract requested permissions from the package info.
06-23 12:21:42.502 W/HealthConnectPackageInfoUtils(  562): Can't extract requested permissions from the package info.
06-23 12:21:42.502 W/HealthConnectPackageInfoUtils(  562): Can't extract requested permissions from the package info.
06-23 12:21:42.502 W/HealthConnectPackageInfoUtils(  562): Can't extract requested permissions from the package info.
06-23 12:21:42.503 W/HealthConnectPackageInfoUtils(  562): Can't extract requested permissions from the package info.
06-23 12:21:42.503 W/HealthConnectPackageInfoUtils(  562): Can't extract requested permissions from the package info.
06-23 12:21:42.503 W/HealthConnectPackageInfoUtils(  562): Can't extract requested permissions from the package info.
06-23 12:21:42.503 W/HealthConnectPackageInfoUtils(  562): Can't extract requested permissions from the package info.
06-23 12:21:42.504 W/HealthConnectPackageInfoUtils(  562): Can't extract requested permissions from the package info.
06-23 12:21:42.504 W/HealthConnectPackageInfoUtils(  562): Can't extract requested permissions from the package info.
06-23 12:21:42.505 W/HealthConnectPackageInfoUtils(  562): Can't extract requested permissions from the package info.
06-23 12:21:42.505 W/HealthConnectPackageInfoUtils(  562): Can't extract requested permissions from the package info.
06-23 12:21:42.505 W/HealthConnectPackageInfoUtils(  562): Can't extract requested permissions from the package info.
06-23 12:21:42.505 W/HealthConnectPackageInfoUtils(  562): Can't extract requested permissions from the package info.
06-23 12:21:42.511 W/HealthConnectPackageInfoUtils(  562): Can't extract requested permissions from the package info.
06-23 12:21:42.511 W/HealthConnectPackageInfoUtils(  562): Can't extract requested permissions from the package info.
06-23 12:21:42.514 W/HealthConnectPackageInfoUtils(  562): Can't extract requested permissions from the package info.
06-23 12:21:42.515 W/HealthConnectPackageInfoUtils(  562): Can't extract requested permissions from the package info.
06-23 12:21:42.515 W/HealthConnectPackageInfoUtils(  562): Can't extract requested permissions from the package info.
06-23 12:21:42.517 W/HealthConnectPackageInfoUtils(  562): Can't extract requested permissions from the package info.
06-23 12:21:42.523 W/HealthConnectPackageInfoUtils(  562): Can't extract requested permissions from the package info.
06-23 12:21:42.525 W/HealthConnectPackageInfoUtils(  562): Can't extract requested permissions from the package info.
06-23 12:21:42.525 W/HealthConnectPackageInfoUtils(  562): Can't extract requested permissions from the package info.
06-23 12:21:42.528 W/HealthConnectPackageInfoUtils(  562): Can't extract requested permissions from the package info.
06-23 12:21:42.528 W/HealthConnectPackageInfoUtils(  562): Can't extract requested permissions from the package info.
06-23 12:21:42.528 W/HealthConnectPackageInfoUtils(  562): Can't extract requested permissions from the package info.
06-23 12:21:42.528 W/HealthConnectPackageInfoUtils(  562): Can't extract requested permissions from the package info.
06-23 12:21:42.528 W/HealthConnectPackageInfoUtils(  562): Can't extract requested permissions from the package info.
06-23 12:21:42.528 W/HealthConnectPackageInfoUtils(  562): Can't extract requested permissions from the package info.
06-23 12:21:42.541 W/HealthConnectPackageInfoUtils(  562): Can't extract requested permissions from the package info.
06-23 12:21:42.541 W/HealthConnectPackageInfoUtils(  562): Can't extract requested permissions from the package info.
06-23 12:21:42.541 W/HealthConnectPackageInfoUtils(  562): Can't extract requested permissions from the package info.
06-23 12:21:42.541 W/HealthConnectPackageInfoUtils(  562): Can't extract requested permissions from the package info.
06-23 12:21:42.543 W/HealthConnectPackageInfoUtils(  562): Can't extract requested permissions from the package info.
06-23 12:21:42.544 W/HealthConnectPackageInfoUtils(  562): Can't extract requested permissions from the package info.
06-23 12:21:42.545 W/HealthConnectPackageInfoUtils(  562): Can't extract requested permissions from the package info.
06-23 12:21:42.545 W/HealthConnectPackageInfoUtils(  562): Can't extract requested permissions from the package info.
06-23 12:21:42.547 W/HealthConnectPackageInfoUtils(  562): Can't extract requested permissions from the package info.
06-23 12:21:42.547 W/HealthConnectPackageInfoUtils(  562): Can't extract requested permissions from the package info.
06-23 12:21:42.547 W/HealthConnectPackageInfoUtils(  562): Can't extract requested permissions from the package info.
06-23 12:21:42.547 W/HealthConnectPackageInfoUtils(  562): Can't extract requested permissions from the package info.
06-23 12:21:42.547 W/HealthConnectPackageInfoUtils(  562): Can't extract requested permissions from the package info.
06-23 12:21:42.547 W/HealthConnectPackageInfoUtils(  562): Can't extract requested permissions from the package info.
06-23 12:21:42.547 W/HealthConnectPackageInfoUtils(  562): Can't extract requested permissions from the package info.
06-23 12:21:42.547 W/HealthConnectPackageInfoUtils(  562): Can't extract requested permissions from the package info.
06-23 12:21:42.547 W/HealthConnectPackageInfoUtils(  562): Can't extract requested permissions from the package info.
06-23 12:21:42.547 W/HealthConnectPackageInfoUtils(  562): Can't extract requested permissions from the package info.
06-23 12:21:42.547 W/HealthConnectPackageInfoUtils(  562): Can't extract requested permissions from the package info.
06-23 12:21:42.547 W/HealthConnectPackageInfoUtils(  562): Can't extract requested permissions from the package info.
06-23 12:21:42.547 W/HealthConnectPackageInfoUtils(  562): Can't extract requested permissions from the package info.
06-23 12:21:42.547 W/HealthConnectPackageInfoUtils(  562): Can't extract requested permissions from the package info.
06-23 12:21:42.547 W/HealthConnectPackageInfoUtils(  562): Can't extract requested permissions from the package info.
06-23 12:21:42.547 W/HealthConnectPackageInfoUtils(  562): Can't extract requested permissions from the package info.
06-23 12:21:42.547 W/HealthConnectPackageInfoUtils(  562): Can't extract requested permissions from the package info.
06-23 12:21:42.548 W/HealthConnectPackageInfoUtils(  562): Can't extract requested permissions from the package info.
06-23 12:21:42.548 W/HealthConnectPackageInfoUtils(  562): Can't extract requested permissions from the package info.
06-23 12:21:42.548 W/HealthConnectPackageInfoUtils(  562): Can't extract requested permissions from the package info.
06-23 12:21:42.548 W/HealthConnectPackageInfoUtils(  562): Can't extract requested permissions from the package info.
06-23 12:21:42.548 W/HealthConnectPackageInfoUtils(  562): Can't extract requested permissions from the package info.
06-23 12:21:42.548 W/HealthConnectPackageInfoUtils(  562): Can't extract requested permissions from the package info.
06-23 12:21:42.548 W/HealthConnectPackageInfoUtils(  562): Can't extract requested permissions from the package info.
06-23 12:21:42.548 W/HealthConnectPackageInfoUtils(  562): Can't extract requested permissions from the package info.
06-23 12:21:42.548 W/HealthConnectPackageInfoUtils(  562): Can't extract requested permissions from the package info.
06-23 12:21:42.548 W/HealthConnectPackageInfoUtils(  562): Can't extract requested permissions from the package info.
06-23 12:21:42.548 W/HealthConnectPackageInfoUtils(  562): Can't extract requested permissions from the package info.
06-23 12:21:42.549 W/HealthConnectPackageInfoUtils(  562): Can't extract requested permissions from the package info.
06-23 12:21:42.549 W/HealthConnectPackageInfoUtils(  562): Can't extract requested permissions from the package info.
06-23 12:21:42.549 W/HealthConnectPackageInfoUtils(  562): Can't extract requested permissions from the package info.
06-23 12:21:42.549 W/HealthConnectPackageInfoUtils(  562): Can't extract requested permissions from the package info.
06-23 12:21:42.549 W/HealthConnectPackageInfoUtils(  562): Can't extract requested permissions from the package info.
06-23 12:21:42.551 I/Role    ( 1270): com.google.android.gms not qualified for android.app.role.SYSTEM_CALL_STREAMING due to missing RequiredComponent{mIntentFilterData=IntentFilterData{mAction='android.telecom.CallStreamingService', mCategories='[]', mDataScheme='null', mDataType='null'}, mMinTargetSdkVersion=1, mFlags='0', mPermission='android.permission.BIND_CALL_STREAMING_SERVICE', mQueryFlags=0, mMetaData=[]}
06-23 12:21:42.552 E/RoleControllerServiceImpl( 1270): Default/fallback role holder package doesn't qualify for the role, package: com.google.android.gms, role: android.app.role.SYSTEM_CALL_STREAMING
06-23 12:21:42.555 W/HealthConnectPackageInfoUtils(  562): Can't extract requested permissions from the package info.
06-23 12:21:42.556 W/HealthConnectPackageInfoUtils(  562): Can't extract requested permissions from the package info.
06-23 12:21:42.557 W/HealthConnectPackageInfoUtils(  562): Can't extract requested permissions from the package info.
06-23 12:21:42.557 W/HealthConnectPackageInfoUtils(  562): Can't extract requested permissions from the package info.
06-23 12:21:42.557 W/HealthConnectPackageInfoUtils(  562): Can't extract requested permissions from the package info.
06-23 12:21:42.560 W/HealthConnectPackageInfoUtils(  562): Can't extract requested permissions from the package info.
06-23 12:21:42.560 W/HealthConnectPackageInfoUtils(  562): Can't extract requested permissions from the package info.
06-23 12:21:42.561 W/HealthConnectPackageInfoUtils(  562): Can't extract requested permissions from the package info.
06-23 12:21:42.562 W/HealthConnectPackageInfoUtils(  562): Can't extract requested permissions from the package info.
06-23 12:21:42.562 W/HealthConnectPackageInfoUtils(  562): Can't extract requested permissions from the package info.
06-23 12:21:42.562 W/HealthConnectPackageInfoUtils(  562): Can't extract requested permissions from the package info.
06-23 12:21:42.562 W/HealthConnectPackageInfoUtils(  562): Can't extract requested permissions from the package info.
06-23 12:21:42.562 W/HealthConnectPackageInfoUtils(  562): Can't extract requested permissions from the package info.
06-23 12:21:42.563 W/HealthConnectPackageInfoUtils(  562): Can't extract requested permissions from the package info.
06-23 12:21:42.563 W/HealthConnectPackageInfoUtils(  562): Can't extract requested permissions from the package info.
06-23 12:21:42.565 W/HealthConnectPackageInfoUtils(  562): Can't extract requested permissions from the package info.
06-23 12:21:42.566 W/HealthConnectPackageInfoUtils(  562): Can't extract requested permissions from the package info.
06-23 12:21:42.566 W/HealthConnectPackageInfoUtils(  562): Can't extract requested permissions from the package info.
06-23 12:21:42.566 W/HealthConnectPackageInfoUtils(  562): Can't extract requested permissions from the package info.
06-23 12:21:42.574 W/HealthConnectPackageInfoUtils(  562): Can't extract requested permissions from the package info.
06-23 12:21:42.574 W/HealthConnectPackageInfoUtils(  562): Can't extract requested permissions from the package info.
06-23 12:21:42.574 W/HealthConnectPackageInfoUtils(  562): Can't extract requested permissions from the package info.
06-23 12:21:42.574 W/HealthConnectPackageInfoUtils(  562): Can't extract requested permissions from the package info.
06-23 12:21:42.574 W/HealthConnectPackageInfoUtils(  562): Can't extract requested permissions from the package info.
06-23 12:21:42.574 W/HealthConnectPackageInfoUtils(  562): Can't extract requested permissions from the package info.
06-23 12:21:42.574 W/HealthConnectPackageInfoUtils(  562): Can't extract requested permissions from the package info.
06-23 12:21:42.574 W/HealthConnectPackageInfoUtils(  562): Can't extract requested permissions from the package info.
06-23 12:21:42.575 W/HealthConnectPackageInfoUtils(  562): Can't extract requested permissions from the package info.
06-23 12:21:42.575 W/HealthConnectPackageInfoUtils(  562): Can't extract requested permissions from the package info.
06-23 12:21:42.575 W/HealthConnectPackageInfoUtils(  562): Can't extract requested permissions from the package info.
06-23 12:21:42.577 I/Finsky  ( 2450): [2] vny.g(0): vny - Received: android.intent.action.PACKAGE_ADDED, [fqK2F8_RI1bNrXGjHwmWowZEYdrQqK32QS9AQv3BHPU]
06-23 12:21:42.579 W/Role    ( 1270): Default holder doesn't have required signing certificate: com.google.android.apps.work.clouddpc:23962F4B43B9857638EA66F4D419518EAE282491ACDA4B94707BD59003C45E58
06-23 12:21:42.590 W/Looper  (  562): Slow dispatch took 228ms main h=android.os.Handler c=null m=1
06-23 12:21:42.593 W/Looper  (  562): Slow delivery took 228ms main h=android.os.Handler c=null m=1
06-23 12:21:42.615 D/ActivityManager(  562): freezing 1488 com.google.process.gservices
06-23 12:21:42.659 W/system_server(  562): Suspending all threads took: 5.150ms
06-23 12:21:42.672 D/ImsResolver(  969): maybeAddedImsService, packageName: com.uptodown
06-23 12:21:42.719 D/ActivityManager(  562): sync unfroze 1314 com.google.android.apps.wellbeing for 7
06-23 12:21:42.723 D/CompatibilityChangeReporter( 1314): Compat change id reported: 150939131; UID 10121; state: ENABLED
06-23 12:21:42.727 I/Finsky  ( 2450): [177] oin.run(16): Wrote row to frosting DB: 319
06-23 12:21:42.732 W/ContentProviderHelper(  562): Slow operation: 88ms so far, now at getContentProviderImpl: after updateOomAdj
06-23 12:21:42.735 I/system_server(  562): Background concurrent copying GC freed 277420(13MB) AllocSpace objects, 26(500KB) LOS objects, 46% free, 27MB/51MB, paused 12.859ms,43.122ms total 1.113s
06-23 12:21:42.735 W/ContentProviderHelper(  562): Slow operation: 91ms so far, now at getContentProviderImpl: done!
06-23 12:21:42.749 W/Looper  (  562): Slow dispatch took 146ms main h=android.app.ActivityThread$H c=android.app.LoadedApk$ReceiverDispatcher$Args$$ExternalSyntheticLambda0@74aea40 m=0
06-23 12:21:42.775 I/Finsky  ( 2450): [2] aguv.c(5): Do not start WearSupportService due to Wear service optimization
06-23 12:21:42.799 I/GsaVoiceInteractionSrv( 1411): O received Intent { act=android.intent.action.PACKAGE_ADDED dat=package: flg=0x4000010 (has extras) }
06-23 12:21:42.802 I/PermissionControllerServiceImpl( 1270): Updating user sensitive for uid 10190
06-23 12:21:42.822 I/Finsky  ( 2450): [60] jlf.a(5): AIM: AppInfoManager-Perf > OnDeviceAppInfo > cacheHitCount=0, cacheMissCount=1. Missed  in cache (limit 10) : [com.uptodown]
06-23 12:21:42.826 I/Finsky  ( 2450): [60] jiv.apply(110): AIM: Got app ownership map. App counts: . Unique apps: 0
06-23 12:21:42.830 I/Finsky  ( 2450): [2] qqh.ahl(1): DTU: Received onPackageAdded, replacing: false
06-23 12:21:42.831 I/Finsky  ( 2450): [180] aw.a(5): Asset module storage cleared for package com.uptodown.
06-23 12:21:42.839 I/Finsky  ( 2450): [177] oin.run(16): Wrote row to frosting DB: 320
06-23 12:21:42.874 I/Finsky  ( 2450): [2] aacd.f(8): Clearing split related stale data.
06-23 12:21:42.959 I/Finsky  ( 2450): [2] vny.g(0): vny - Received: android.intent.action.PACKAGE_CHANGED, [fqK2F8_RI1bNrXGjHwmWowZEYdrQqK32QS9AQv3BHPU]
06-23 12:21:42.962 I/RoleService(  562): Granting default roles...
06-23 12:21:43.091 I/Fitness ( 2923): (REDACTED) OnPackageChangedOperation got intent: %s
06-23 12:21:43.104 I/Finsky  ( 2450): [58] jlf.a(5): AIM: AppInfoManager-Perf > OnDeviceAppInfo > cacheHitCount=0, cacheMissCount=1. Missed  in cache (limit 10) : [com.uptodown]
06-23 12:21:43.108 I/Finsky  ( 2450): [58] jiv.apply(110): AIM: Got app ownership map. App counts: . Unique apps: 0
06-23 12:21:43.114 W/Looper  (  562): Slow dispatch took 240ms main h=android.os.Handler c=null m=1
06-23 12:21:43.205 W/Looper  (  562): Drained
06-23 12:21:43.206 W/Looper  (  562): Slow dispatch took 342ms android.fg h=android.os.Handler c=<recycled PooledLambda@e31b60f> m=0
06-23 12:21:43.210 W/Looper  (  562): Slow delivery took 420ms android.fg h=android.os.Handler c=<recycled PooledLambda@f5a62> m=0
06-23 12:21:43.238 D/TrafficStats( 2450): tagSocket(170) with statsTag=0xffffffff, statsUid=-1
06-23 12:21:43.304 I/Finsky  ( 2450): [177] oin.run(16): Wrote row to frosting DB: 321
06-23 12:21:43.383 I/Finsky  ( 2450): [59] jlc.a(11): AIM: AppInfoManager-Perf > ItemModel > CacheSize=0, cacheHitCount=0, cacheMissCount=1, total appsWithNoServerDataCount=0. Missed  in cache (limit 10) : [com.uptodown]
06-23 12:21:43.403 I/Finsky  ( 2450): [59] jle.n(3): AIM: AppInfoManager-Perf > ItemModel > ItemStore Called 1 apps cacheOptions = USE_CACHE
06-23 12:21:43.421 I/Finsky  ( 2450): [59] jlc.a(98): AIM: ItemModel fetch - unauth(1), auth()
06-23 12:21:43.422 I/Finsky  ( 2450): [59] rom.apply(5): ItemStore: Not cached: com.uptodown
06-23 12:21:43.443 I/Finsky  ( 2450): [54] jlc.a(11): AIM: AppInfoManager-Perf > ItemModel > CacheSize=0, cacheHitCount=0, cacheMissCount=1, total appsWithNoServerDataCount=0. Missed  in cache (limit 10) : [com.uptodown]
06-23 12:21:43.444 I/Finsky  ( 2450): [54] jle.n(3): AIM: AppInfoManager-Perf > ItemModel > ItemStore Called 1 apps cacheOptions = USE_CACHE
06-23 12:21:43.445 I/Finsky  ( 2450): [54] jlc.a(98): AIM: ItemModel fetch - unauth(1), auth()
06-23 12:21:43.454 I/Finsky  ( 2450): [58] rom.apply(5): ItemStore: Not cached: com.uptodown
06-23 12:21:43.476 I/Finsky  ( 2450): [177] oin.run(16): Wrote row to frosting DB: 322
06-23 12:21:43.680 D/CompatibilityChangeReporter(  562): Compat change id reported: 161252188; UID 10190; state: DISABLED
06-23 12:21:43.813 W/Looper  (  562): Drained
06-23 12:21:43.826 D/TrafficStats( 2450): tagSocket(171) with statsTag=0x4be64f9b, statsUid=-1
06-23 12:21:43.947 I/AidlLazyServiceRegistrar( 4363): Process has 0 (of 1 available) client(s) in use after notification artd has clients: 0
06-23 12:21:43.947 I/AidlLazyServiceRegistrar( 4363): Trying to shut down the service. No clients in use for any service in process.
06-23 12:21:43.966 D/StatusBarIconController(  783): ignoring old pipeline callback because the new wifi icon is enabled
06-23 12:21:43.970 W/android.vending( 2450): Accessing hidden method Lcom/android/org/conscrypt/ConscryptEngineSocket;->setUseSessionTickets(Z)V (max-target-q,core-platform-api, reflection, denied)
06-23 12:21:43.971 W/android.vending( 2450): Accessing hidden method Lcom/android/org/conscrypt/OpenSSLSocketImpl;->setUseSessionTickets(Z)V (max-target-q,core-platform-api, reflection, denied)
06-23 12:21:43.971 W/android.vending( 2450): Accessing hidden method Lcom/android/org/conscrypt/AbstractConscryptSocket;->setUseSessionTickets(Z)V (max-target-q, reflection, denied)
06-23 12:21:43.971 W/android.vending( 2450): Accessing hidden method Lcom/android/org/conscrypt/ConscryptEngineSocket;->setHostname(Ljava/lang/String;)V (max-target-q,core-platform-api, reflection, denied)
06-23 12:21:43.971 W/android.vending( 2450): Accessing hidden method Lcom/android/org/conscrypt/OpenSSLSocketImpl;->setHostname(Ljava/lang/String;)V (max-target-q,core-platform-api, reflection, denied)
06-23 12:21:43.971 W/android.vending( 2450): Accessing hidden method Lcom/android/org/conscrypt/AbstractConscryptSocket;->setHostname(Ljava/lang/String;)V (max-target-q, reflection, denied)
06-23 12:21:43.972 W/android.vending( 2450): Accessing hidden method Lcom/android/org/conscrypt/OpenSSLSocketImpl;->setAlpnProtocols([B)V (max-target-q,core-platform-api, reflection, denied)
06-23 12:21:43.972 W/android.vending( 2450): Accessing hidden method Lcom/android/org/conscrypt/AbstractConscryptSocket;->setAlpnProtocols([B)V (max-target-q, reflection, denied)
06-23 12:21:44.006 I/AidlLazyServiceRegistrar( 4363): Unregistered all clients and exiting
06-23 12:21:44.090 I/Fitness ( 2923): (REDACTED) FitCleanupIntentOperation received Intent %s
06-23 12:21:44.101 E/Finsky  ( 2450): [59] rou.a(16): ItemStore: getItems RPC failed.
06-23 12:21:44.105 W/android.vending( 2450): Weak pointer dereference blocked for 12 milliseconds.
06-23 12:21:44.151 I/Finsky  ( 2450): [59] ycx.accept(55): SCH: Scheduling phonesky job Id: 12-1, CT: 1782206502714, Constraints: [{ L: 15000, D: 86400000, C: 1, I: 1, N: 1 }]
06-23 12:21:44.167 W/ChimeraUtils( 2923): Module com.google.android.gms.nearby_en missing resource null(0)
06-23 12:21:44.174 I/ProximityAuth( 2923): [RecentAppsMediator] Package added: (user=UserHandle{0}) com.uptodown
06-23 12:21:44.226 I/android.vending( 2450): Background concurrent copying GC freed 133765(5627KB) AllocSpace objects, 48(1716KB) LOS objects, 49% free, 13MB/26MB, paused 2.506ms,212us total 895.076ms
06-23 12:21:44.231 I/Finsky  ( 2450): [59] ycy.apply(69): SCH: Scheduling 1 system job(s)
06-23 12:21:44.231 W/android.vending( 2450): Accessing hidden method Lcom/android/org/conscrypt/OpenSSLSocketImpl;->getAlpnSelectedProtocol()[B (max-target-q,core-platform-api, reflection, denied)
06-23 12:21:44.232 I/Finsky  ( 2450): [59] ysd.d(4): SCH: Scheduling system job Id: 9414, L: 13483, D: 74026134, C: false, I: false, N: 1
06-23 12:21:44.234 W/SQLiteConnectionPool( 2450): A SQLiteConnection object for database '/data/user/0/com.android.vending/databases/installer_data_v2.db' was leaked!  Please fix your application to end transactions in progress properly and to close the database when it is no longer needed.
06-23 12:21:44.235 W/System  ( 2450): A resource failed to call SQLiteConnection.close. 
06-23 12:21:44.235 W/System  ( 2450): A resource failed to call SQLiteConnectionPool.close. 
06-23 12:21:44.235 W/SQLiteConnectionPool( 2450): A SQLiteConnection object for database '/data/user/0/com.android.vending/databases/resource_data.db' was leaked!  Please fix your application to end transactions in progress properly and to close the database when it is no longer needed.
06-23 12:21:44.235 W/System  ( 2450): A resource failed to call SQLiteConnection.close. 
06-23 12:21:44.236 W/System  ( 2450): A resource failed to call SQLiteConnectionPool.close. 
06-23 12:21:44.238 W/android.vending( 2450): Accessing hidden method Lcom/android/org/conscrypt/AbstractConscryptSocket;->getAlpnSelectedProtocol()[B (max-target-q, reflection, denied)
06-23 12:21:44.260 W/ChimeraUtils( 2923): Module com.google.android.gms.nearby_en missing resource null(0)
06-23 12:21:44.272 W/GCM     ( 2923): Unexpected forwarded intent: Intent { act=android.intent.action.PACKAGE_ADDED dat=package: flg=0x4000010 pkg=com.google.android.gms cmp=com.google.android.gms/.chimera.PersistentIntentOperationService (has extras) }
06-23 12:21:44.348 I/Finsky  ( 2450): [52] jvi.abQ(78): [ContentSync] finished, scheduled=true
06-23 12:21:44.443 I/Icing   ( 1767): IndexChimeraService.getServiceInterface callingPackage=com.google.android.gms componentName=AppsCorpus serviceId=36
06-23 12:21:44.472 E/Finsky  ( 2450): [60] rou.a(16): ItemStore: getItems RPC failed.
06-23 12:21:44.485 W/GCM     ( 2923): Unexpected forwarded intent: Intent { act=android.intent.action.PACKAGE_ADDED dat=package: flg=0x4000010 pkg=com.google.android.gms cmp=com.google.android.gms/.chimera.PersistentIntentOperationService (has extras) }
06-23 12:21:44.546 I/Fitness ( 2923): (REDACTED) OnPackageChangedOperation got intent: %s
06-23 12:21:44.588 I/Auth    ( 1767): [SupervisedAccountIntentOperation] onHandleIntent(): android.intent.action.PACKAGE_ADDED
06-23 12:21:44.650 D/BoundBrokerSvc( 1767): onBind: Intent { act=com.google.android.gms.common.BIND_SHARED_PREFS pkg=com.google.android.gms }
06-23 12:21:44.650 D/BoundBrokerSvc( 1767): Loading bound service for intent: Intent { act=com.google.android.gms.common.BIND_SHARED_PREFS pkg=com.google.android.gms }
06-23 12:21:44.682 I/BlockstoreStorage( 1767): (REDACTED) Clearing Blockstore Data for package %s
06-23 12:21:44.722 I/Fitness ( 2923): (REDACTED) FitCleanupIntentOperation received Intent %s
06-23 12:21:44.740 D/BoundBrokerSvc( 1767): onUnbind: Intent { act=com.google.android.gms.common.BIND_SHARED_PREFS pkg=com.google.android.gms }
06-23 12:21:44.776 E/system_server(  562): No package ID 7f found for resource ID 0x7f0802cd.
06-23 12:21:44.776 E/system_server(  562): No package ID 7f found for resource ID 0x7f130442.
06-23 12:21:44.776 E/system_server(  562): No package ID 7f found for resource ID 0x7f130442.
06-23 12:21:44.777 E/system_server(  562): No package ID 7f found for resource ID 0x7f0802cb.
06-23 12:21:44.778 E/system_server(  562): No package ID 7f found for resource ID 0x7f1301db.
06-23 12:21:44.778 E/system_server(  562): No package ID 7f found for resource ID 0x7f1301db.
06-23 12:21:44.778 E/system_server(  562): No package ID 7f found for resource ID 0x7f0802ca.
06-23 12:21:44.779 E/system_server(  562): No package ID 7f found for resource ID 0x7f130168.
06-23 12:21:44.779 E/system_server(  562): No package ID 7f found for resource ID 0x7f130168.
06-23 12:21:44.780 E/system_server(  562): No package ID 7f found for resource ID 0x7f0802cc.
06-23 12:21:44.780 E/system_server(  562): No package ID 7f found for resource ID 0x7f1303c7.
06-23 12:21:44.780 E/system_server(  562): No package ID 7f found for resource ID 0x7f1303c7.
06-23 12:21:44.875 W/gle.android.gms( 1767): Suspending all threads took: 5.993ms
06-23 12:21:45.034 D/WifiNl80211Manager(  562): Scan result ready event
06-23 12:21:45.035 D/WifiNative(  562): Scan result ready event
06-23 12:21:45.052 I/gle.android.gms( 1767): Background young concurrent copying GC freed 130031(6084KB) AllocSpace objects, 40(1996KB) LOS objects, 30% free, 17MB/24MB, paused 6.897ms,6.361ms total 748.470ms
06-23 12:21:45.092 I/BlockstoreStorage( 1767): Keyless data not found or its IsLastInstallationData = false. [CONTEXT service_id=258 ]
06-23 12:21:45.096 I/Dck     ( 1767): (REDACTED) doesDeviceHaveSupportedWirelessCapabilities: wccSysProp:%d, wccMendel:%d, deviceWccOverride:%s
06-23 12:21:45.124 I/Icing   ( 1767): Usage reports ok 0, Failed Usage reports 0, indexed 0, rejected 0
06-23 12:21:45.174 D/CompatibilityChangeReporter( 1357): Compat change id reported: 183155436; UID 10171; state: ENABLED
06-23 12:21:45.177 I/Dck     ( 1767): (REDACTED) isDckModuleEligible: isAtLeastR:%s, hasWccSupport:%s, downloadAllowed:%s
06-23 12:21:45.178 W/Dck     ( 1767): Dck module not eligible for asynchronous downloading [CONTEXT service_id=289 ]
06-23 12:21:45.195 I/Icing   ( 1767): IndexChimeraService.getServiceInterface callingPackage=com.google.android.gms componentName=null serviceId=30
06-23 12:21:45.207 D/CompatibilityChangeReporter(  562): Compat change id reported: 149924527; UID 2000; state: ENABLED
06-23 12:21:45.213 D/CompatibilityChangeReporter(  562): Compat change id reported: 132649864; UID 2000; state: DISABLED
06-23 12:21:45.227 D/AndroidRuntime( 5307): >>>>>> START com.android.internal.os.RuntimeInit uid 2000 <<<<<<
06-23 12:21:45.267 D/TrafficStats( 1767): tagSocket(144) with statsTag=0x20004901, statsUid=10127
06-23 12:21:45.278 W/MediaProvider( 1357): isAppCloneUserPair for user 0: false
06-23 12:21:45.283 I/AndroidRuntime( 5307): Using default boot image
06-23 12:21:45.283 I/AndroidRuntime( 5307): Leaving lock profiling enabled
06-23 12:21:45.293 W/ChimeraUtils( 2923): Module com.google.android.gms.nearby_en missing resource null(0)
06-23 12:21:45.296 I/artd    ( 5351): Starting artd
06-23 12:21:45.299 I/AidlLazyServiceRegistrar( 5351): Registering service artd
06-23 12:21:45.307 I/app_process( 5307): Using CollectorTypeCC GC.
06-23 12:21:45.312 W/ChimeraUtils( 2923): Module com.google.android.gms.nearby_en missing resource null(0)
06-23 12:21:45.330 W/PackageManager(  562): Failed registering loading progress callback. Package is fully loaded.
06-23 12:21:45.336 I/AiAiEcho( 1386): AppFetcherImplV2 updateApps package:[com.uptodown], userId:[0], reason:[package is added.].
06-23 12:21:45.392 W/WindowMagnificationMgr(  562): requestConnection duplicated request: connect=false, mConnectionState=DISCONNECTED
06-23 12:21:45.427 D/BoundBrokerSvc( 2923): onBind: Intent { act=com.google.android.gms.nearby.exposurenotification.START dat=chimera-action:/... cmp=com.google.android.gms/.chimera.PersistentApiServiceNoInstantApps }
