06-23 12:21:45.427 D/BoundBrokerSvc( 2923): Loading bound service for intent: Intent { act=com.google.android.gms.nearby.exposurenotification.START dat=chimera-action:/... cmp=com.google.android.gms/.chimera.PersistentApiServiceNoInstantApps }
06-23 12:21:45.569 D/PermissionCache(  445): checking android.permission.ACCESS_SURFACE_FLINGER for uid=2000 => granted (674 us)
06-23 12:21:45.658 I/AidlLazyServiceRegistrar( 5351): Process has 1 (of 1 available) client(s) in use after notification artd has clients: 1
06-23 12:21:45.668 W/ziparchive( 5351): Unable to open '/data/user_de/0/com.google.android.gms/app_chimera/m/00000009/dl-MlkitBarcodeUi.optional_231818100000.dm': No such file or directory
06-23 12:21:45.669 W/ziparchive( 5351): Unable to open '/data/user_de/0/com.google.android.gms/app_chimera/m/00000009/dl-MlkitBarcodeUi.optional_231818100000.dm': No such file or directory
06-23 12:21:45.690 W/ziparchive( 5351): Unable to open '/data/user_de/0/com.google.android.gms/app_chimera/m/00000000/AdsDynamite.dm': No such file or directory
06-23 12:21:45.690 W/ziparchive( 5351): Unable to open '/data/user_de/0/com.google.android.gms/app_chimera/m/00000000/AdsDynamite.dm': No such file or directory
06-23 12:21:45.702 D/MediaCodecList( 5305): codecHandlesFormat: no format, so no extra checks
06-23 12:21:45.724 W/ziparchive( 5351): Unable to open '/data/user_de/0/com.google.android.gms/app_chimera/m/00000004/DynamiteModulesC.dm': No such file or directory
06-23 12:21:45.724 W/ziparchive( 5351): Unable to open '/data/user_de/0/com.google.android.gms/app_chimera/m/00000004/DynamiteModulesC.dm': No such file or directory
06-23 12:21:45.743 W/ziparchive( 5351): Unable to open '/data/user_de/0/com.google.android.gms/app_chimera/m/00000001/CronetDynamite.dm': No such file or directory
06-23 12:21:45.743 W/ziparchive( 5351): Unable to open '/data/user_de/0/com.google.android.gms/app_chimera/m/00000001/CronetDynamite.dm': No such file or directory
06-23 12:21:45.744 W/ziparchive( 5351): Unable to open '/data/user_de/0/com.google.android.gms/app_chimera/m/00000002/DynamiteLoader.dm': No such file or directory
06-23 12:21:45.744 W/ziparchive( 5351): Unable to open '/data/user_de/0/com.google.android.gms/app_chimera/m/00000002/DynamiteLoader.dm': No such file or directory
06-23 12:21:45.764 D/CCodec  ( 5305): allocate(c2.android.avc.encoder)
06-23 12:21:45.768 W/ChimeraUtils( 2923): Module com.google.android.gms.nearby_en missing resource null(0)
06-23 12:21:45.775 W/ziparchive( 5351): Unable to open '/data/user_de/0/com.google.android.gms/app_chimera/m/00000008/dl-VisionOcrDynamite.integ_231602402100000.dm': No such file or directory
06-23 12:21:45.776 W/ziparchive( 5351): Unable to open '/data/user_de/0/com.google.android.gms/app_chimera/m/00000008/dl-VisionOcrDynamite.integ_231602402100000.dm': No such file or directory
06-23 12:21:45.816 W/ziparchive( 5351): Unable to open '/data/user_de/0/com.google.android.gms/app_chimera/m/00000005/GoogleCertificates.dm': No such file or directory
06-23 12:21:45.816 W/ziparchive( 5351): Unable to open '/data/user_de/0/com.google.android.gms/app_chimera/m/00000005/GoogleCertificates.dm': No such file or directory
06-23 12:21:45.818 W/ChimeraUtils( 2923): Module com.google.android.gms.nearby_en missing resource null(0)
06-23 12:21:45.823 E/system_server(  562): No package ID 7f found for resource ID 0x7f0802cd.
06-23 12:21:45.829 E/system_server(  562): No package ID 7f found for resource ID 0x7f130442.
06-23 12:21:45.830 E/system_server(  562): No package ID 7f found for resource ID 0x7f130442.
06-23 12:21:45.830 E/system_server(  562): No package ID 7f found for resource ID 0x7f0802cb.
06-23 12:21:45.830 E/system_server(  562): No package ID 7f found for resource ID 0x7f1301db.
06-23 12:21:45.830 E/system_server(  562): No package ID 7f found for resource ID 0x7f1301db.
06-23 12:21:45.831 E/system_server(  562): No package ID 7f found for resource ID 0x7f0802ca.
06-23 12:21:45.833 E/system_server(  562): No package ID 7f found for resource ID 0x7f130168.
06-23 12:21:45.834 E/system_server(  562): No package ID 7f found for resource ID 0x7f130168.
06-23 12:21:45.834 E/system_server(  562): No package ID 7f found for resource ID 0x7f0802cc.
06-23 12:21:45.834 E/system_server(  562): No package ID 7f found for resource ID 0x7f1303c7.
06-23 12:21:45.834 E/system_server(  562): No package ID 7f found for resource ID 0x7f1303c7.
06-23 12:21:45.847 W/ziparchive( 5351): Unable to open '/data/user_de/0/com.google.android.gms/app_chimera/m/0000000b/dl-TfliteDynamiteDynamite.integ_260580502100800.dm': No such file or directory
06-23 12:21:45.847 W/ziparchive( 5351): Unable to open '/data/user_de/0/com.google.android.gms/app_chimera/m/0000000b/dl-TfliteDynamiteDynamite.integ_260580502100800.dm': No such file or directory
06-23 12:21:45.899 W/ziparchive( 5351): Unable to open '/data/user_de/0/com.google.android.gms/app_chimera/m/0000000a/dl-MlkitOcrCommon.optional_231818100800.dm': No such file or directory
06-23 12:21:45.899 W/ziparchive( 5351): Unable to open '/data/user_de/0/com.google.android.gms/app_chimera/m/0000000a/dl-MlkitOcrCommon.optional_231818100800.dm': No such file or directory
06-23 12:21:45.900 I/AiAiEcho( 1386): AppFetcherImpl onPackageChanged com.uptodown.
06-23 12:21:45.908 I/AiAiEcho( 1386): AppIndexer Package:[com.uptodown] UserProfile:[0] Enabled:[true].
06-23 12:21:45.910 I/AiAiEcho( 1386): AppFetcherImplV2 updateApps package:[com.uptodown], userId:[0], reason:[package is updated.].
06-23 12:21:45.919 I/Codec2Client( 5305): Available Codec2 services: "default" "software"
06-23 12:21:45.922 W/ziparchive( 5351): Unable to open '/data/user_de/0/com.google.android.gms/app_chimera/m/00000007/MeasurementDynamite.dm': No such file or directory
06-23 12:21:45.922 W/ziparchive( 5351): Unable to open '/data/user_de/0/com.google.android.gms/app_chimera/m/00000007/MeasurementDynamite.dm': No such file or directory
06-23 12:21:46.015 I/CCodec  ( 5305): setting up 'default' as default (vendor) store
06-23 12:21:46.045 I/Icing   ( 1767): Usage reports ok 0, Failed Usage reports 0, indexed 0, rejected 0
06-23 12:21:46.171 D/ActivityManager(  562): sync unfroze 1488 com.google.process.gservices for 7
06-23 12:21:46.231 D/nativeloader( 5307): InitDefaultPublicLibraries for_preload=1: libandroid.so:libaaudio.so:libamidi.so:libbinder_ndk.so:libc.so:libcamera2ndk.so:libdl.so:libEGL.so:libGLESv1_CM.so:libGLESv2.so:libGLESv3.so:libicu.so:libicui18n.so:libicuuc.so:libjnigraphics.so:liblog.so:libmediandk.so:libm.so:libnativehelper.so:libnativewindow.so:libOpenMAXAL.so:libOpenSLES.so:libRS.so:libstdc++.so:libsync.so:libvulkan.so:libwebviewchromium_plat_support.so:libz.so
06-23 12:21:46.279 I/.gms.persistent( 2923): Background young concurrent copying GC freed 155441(7390KB) AllocSpace objects, 3(60KB) LOS objects, 21% free, 26MB/33MB, paused 95.362ms,131us total 379.307ms
06-23 12:21:46.343 I/NetworkScheduler.Stats( 2923): (REDACTED) Task %s/%s started execution. cause:%s exec_start_elapsed_seconds: %s
06-23 12:21:46.385 I/AiAiEcho( 1386): EchoSearch: WidgetFetcherImpl is initialized with [30] widgets [reason=package added for userId: 0]
06-23 12:21:46.390 I/NetworkScheduler.Stats( 2923): (REDACTED) Task %s/%s finished executing. cause:%s result: %s elapsed_millis: %s uptime_millis: %s exec_start_elapsed_seconds: %s
06-23 12:21:46.397 I/Icing   ( 1767): Indexing com.google.android.gms-apps from com.google.android.gms
06-23 12:21:46.404 D/OomAdjuster(  562): Not killing cached processes
06-23 12:21:46.404 D/EGL_emulation( 1017): app_time_stats: avg=65617.63ms min=4.50ms max=131230.77ms count=2
06-23 12:21:46.478 I/mediaswcodec(  506): missing struct descriptor #Param::CoreIndex(--004) for field values of struct #Param::CoreIndex(F-12004)
06-23 12:21:46.479 I/mediaswcodec(  506): missing struct descriptor #Param::CoreIndex(--1812) for field values of struct #Param::CoreIndex(F-11812)
06-23 12:21:46.480 I/mediaswcodec(  506): missing struct descriptor #Param::CoreIndex(--004) for field values of struct #Param::CoreIndex(F-12004)
06-23 12:21:46.481 I/mediaswcodec(  506): missing struct descriptor #Param::CoreIndex(--1812) for field values of struct #Param::CoreIndex(F-11812)
06-23 12:21:46.524 I/CCodec  ( 5305): Created component [c2.android.avc.encoder]
06-23 12:21:46.534 I/Icing   ( 1767): Indexing done com.google.android.gms-apps
06-23 12:21:46.557 D/CCodecConfig( 5305): read media type: video/avc
06-23 12:21:46.552 I/Icing   ( 1767): Indexing com.google.android.gms-apps from com.google.android.gms
06-23 12:21:46.571 I/Icing   ( 1767): Indexing done com.google.android.gms-apps
06-23 12:21:46.589 D/ReflectedParamUpdater( 5305): extent() != 1 for single value type: algo.buffers.max-count.values
06-23 12:21:46.602 D/ReflectedParamUpdater( 5305): extent() != 1 for single value type: output.subscribed-indices.values
06-23 12:21:46.603 D/ReflectedParamUpdater( 5305): extent() != 1 for single value type: input.buffers.allocator-ids.values
06-23 12:21:46.604 D/ReflectedParamUpdater( 5305): extent() != 1 for single value type: output.buffers.allocator-ids.values
06-23 12:21:46.605 D/ReflectedParamUpdater( 5305): extent() != 1 for single value type: algo.buffers.allocator-ids.values
06-23 12:21:46.606 D/ReflectedParamUpdater( 5305): extent() != 1 for single value type: output.buffers.pool-ids.values
06-23 12:21:46.607 D/ReflectedParamUpdater( 5305): extent() != 1 for single value type: algo.buffers.pool-ids.values
06-23 12:21:46.617 D/ReflectedParamUpdater( 5305): ignored struct field coding.gop.values
06-23 12:21:46.622 D/ReflectedParamUpdater( 5305): ignored struct field coding.qp.values
06-23 12:21:46.628 D/CCodecConfig( 5305): ignoring local param raw.color (0xc2001809) as it is already supported
06-23 12:21:46.634 I/CCodecConfig( 5305): query failed after returning 12 values (BAD_INDEX)
06-23 12:21:46.636 D/CCodecConfig( 5305): c2 config diff is Dict {
06-23 12:21:46.636 D/CCodecConfig( 5305):   c2::i32 coded.average-qp.value = 0
06-23 12:21:46.636 D/CCodecConfig( 5305):   c2::u32 coded.bitrate.value = 64000
06-23 12:21:46.636 D/CCodecConfig( 5305):   c2::float coded.frame-rate.value = 1
06-23 12:21:46.636 D/CCodecConfig( 5305):   c2::u32 coded.picture-type.value = 0
06-23 12:21:46.636 D/CCodecConfig( 5305):   c2::u32 coded.pl.level = 20492
06-23 12:21:46.636 D/CCodecConfig( 5305):   c2::u32 coded.pl.profile = 20481
06-23 12:21:46.636 D/CCodecConfig( 5305):   c2::u32 coded.vui.color.matrix = 0
06-23 12:21:46.636 D/CCodecConfig( 5305):   c2::u32 coded.vui.color.primaries = 0
06-23 12:21:46.636 D/CCodecConfig( 5305):   c2::u32 coded.vui.color.range = 0
06-23 12:21:46.636 D/CCodecConfig( 5305):   c2::u32 coded.vui.color.transfer = 0
06-23 12:21:46.636 D/CCodecConfig( 5305):   c2::u32 coding.intra-refresh.mode = 0
06-23 12:21:46.636 D/CCodecConfig( 5305):   c2::float coding.intra-refresh.period = 0
06-23 12:21:46.636 D/CCodecConfig( 5305):   c2::u32 coding.request-sync-frame.value = 0
06-23 12:21:46.636 D/CCodecConfig( 5305):   c2::i64 coding.sync-frame-interval.value = 1000000
06-23 12:21:46.636 D/CCodecConfig( 5305):   c2::u32 input.delay.value = 0
06-23 12:21:46.636 D/CCodecConfig( 5305):   string input.media-type.value = "video/raw"
06-23 12:21:46.636 D/CCodecConfig( 5305):   string output.media-type.value = "video/avc"
06-23 12:21:46.636 D/CCodecConfig( 5305):   c2::u32 raw.color.matrix = 0
06-23 12:21:46.636 D/CCodecConfig( 5305):   c2::u32 raw.color.primaries = 0
06-23 12:21:46.636 D/CCodecConfig( 5305):   c2::u32 raw.color.range = 0
06-23 12:21:46.636 D/CCodecConfig( 5305):   c2::u32 raw.color.transfer = 0
06-23 12:21:46.636 D/CCodecConfig( 5305):   c2::u32 raw.size.height = 16
06-23 12:21:46.636 D/CCodecConfig( 5305):   c2::u32 raw.size.width = 16
06-23 12:21:46.636 D/CCodecConfig( 5305): }
06-23 12:21:46.636 W/ColorUtils( 5305): expected specified color aspects (0:0:0:0)
06-23 12:21:46.649 D/app_process( 5307): Time zone APEX ICU file found: /apex/com.android.tzdata/etc/icu/icu_tzdata.dat
06-23 12:21:46.651 D/app_process( 5307): I18n APEX ICU file found: /apex/com.android.i18n/etc/icu/icudt72l.dat
06-23 12:21:46.718 D/CodecSeeding( 5305): Seed: codec c2.android.avc.encoder, mediatype video/avc, overrideable 1
06-23 12:21:46.719 D/CodecProperties( 5305): setTuningValue(vq-target-bpp,0)
06-23 12:21:46.719 D/CodecProperties( 5305): setTuningValue(vq-target-bpp-1080p,1.90)
06-23 12:21:46.719 D/CodecProperties( 5305): setTuningValue(vq-target-bpp-720p,2.25)
06-23 12:21:46.719 D/CodecProperties( 5305): setTuningValue(vq-target-bpp-540p,2.65)
06-23 12:21:46.719 D/CodecProperties( 5305): setTuningValue(vq-target-bpp-480p,3.00)
06-23 12:21:46.719 D/CodecProperties( 5305): setTuningValue(vq-target-bpp-320x240,0)
06-23 12:21:46.719 D/CodecProperties( 5305): setTuningValue(vq-target-qpmax,-1)
06-23 12:21:46.719 D/CodecProperties( 5305): setTuningValue(vq-target-qpmax-1080p,45)
06-23 12:21:46.719 D/CodecProperties( 5305): setTuningValue(vq-target-qpmax-720p,43)
06-23 12:21:46.719 D/CodecProperties( 5305): setTuningValue(vq-target-qpmax-540p,42)
06-23 12:21:46.719 D/CodecProperties( 5305): setTuningValue(vq-target-qpmax-480p,38)
06-23 12:21:46.719 D/CodecProperties( 5305): setTuningValue(vq-bitrate-phaseout,1.75)
06-23 12:21:46.719 D/CodecProperties( 5305): setTuningValue(vq-boost-missing-qp,0.20)
06-23 12:21:46.719 D/CodecProperties( 5305): setFeatureValue(intra-refresh,0)
06-23 12:21:46.719 D/CodecProperties( 5305): setFeatureValue(qp-bounds,0)
06-23 12:21:46.719 D/CodecProperties( 5305): setFeatureValue(_vq_eligible.device,1)
06-23 12:21:46.719 D/CodecProperties( 5305): setFeatureValue(_quality.target,1)
06-23 12:21:46.719 D/CodecSeeding( 5305): Seed: codec c2.android.avc.encoder, mediatype video/avc, overrideable 0
06-23 12:21:46.719 D/VQApply ( 5305): minquality: 1080x2400 outside of shaping range
06-23 12:21:46.719 D/MediaCodec( 5305): shapeMediaFormat: deltas(1): AMessage(what = 0x00000000) = {
06-23 12:21:46.719 D/MediaCodec( 5305):     int32_t android._encoding-quality-level = 0
06-23 12:21:46.719 D/MediaCodec( 5305):   }
06-23 12:21:46.720 D/MediaCodec( 5305): flushMediametrics
06-23 12:21:46.720 D/CCodec  ( 5305): [c2.android.avc.encoder] buffers are bound to CCodec for this session
06-23 12:21:46.722 D/CCodecConfig( 5305): no c2 equivalents for color-format
06-23 12:21:46.722 D/CCodecConfig( 5305): no c2 equivalents for max-bframes
06-23 12:21:46.722 D/CCodecConfig( 5305): no c2 equivalents for flags
06-23 12:21:46.722 D/CCodecConfig( 5305): no c2 equivalents for encoder
06-23 12:21:46.732 D/CCodecConfig( 5305): c2 config diff is   c2::u32 coded.bitrate.value = 20000000
06-23 12:21:46.732 D/CCodecConfig( 5305):   c2::float coded.frame-rate.value = 60
06-23 12:21:46.732 D/CCodecConfig( 5305):   c2::i64 coding.sync-frame-interval.value = 10000000
06-23 12:21:46.732 D/CCodecConfig( 5305):   c2::u32 raw.size.height = 2400
06-23 12:21:46.732 D/CCodecConfig( 5305):   c2::u32 raw.size.width = 1080
06-23 12:21:46.732 W/ColorUtils( 5305): expected specified color aspects (0:0:0:0)
06-23 12:21:46.733 D/CCodec  ( 5305): encoding statistics level = 0
06-23 12:21:46.734 D/CCodec  ( 5305): setup formats input: AMessage(what = 0x00000000) = {
06-23 12:21:46.734 D/CCodec  ( 5305):   Rect crop(0, 0, 1079, 2399)
06-23 12:21:46.734 D/CCodec  ( 5305):   int32_t color-standard = 0
06-23 12:21:46.734 D/CCodec  ( 5305):   int32_t color-range = 0
06-23 12:21:46.734 D/CCodec  ( 5305):   int32_t color-transfer = 0
06-23 12:21:46.734 D/CCodec  ( 5305):   int32_t frame-rate = 60
06-23 12:21:46.734 D/CCodec  ( 5305):   int32_t height = 2400
06-23 12:21:46.734 D/CCodec  ( 5305):   int32_t intra-refresh-period = 0
06-23 12:21:46.734 D/CCodec  ( 5305):   string mime = "video/raw"
06-23 12:21:46.734 D/CCodec  ( 5305):   int32_t video-qp-average = 0
06-23 12:21:46.734 D/CCodec  ( 5305):   int32_t width = 1080
06-23 12:21:46.734 D/CCodec  ( 5305):   int32_t android._dataspace = 0
06-23 12:21:46.734 D/CCodec  ( 5305):   int32_t using-sw-read-often = 1
06-23 12:21:46.734 D/CCodec  ( 5305):   int64_t android._C2MemoryUsage = 1
06-23 12:21:46.734 D/CCodec  ( 5305):   int32_t color-format = 2130708361
06-23 12:21:46.734 D/CCodec  ( 5305):   int32_t android._color-format = 2130708361
06-23 12:21:46.734 D/CCodec  ( 5305): }
06-23 12:21:46.735 D/CCodec  ( 5305): setup formats output: AMessage(what = 0x00000000) = {
06-23 12:21:46.735 D/CCodec  ( 5305):   int32_t bitrate = 20000000
06-23 12:21:46.735 D/CCodec  ( 5305):   Rect crop(0, 0, 1079, 2399)
06-23 12:21:46.735 D/CCodec  ( 5305):   int32_t color-standard = 0
06-23 12:21:46.735 D/CCodec  ( 5305):   int32_t color-range = 0
06-23 12:21:46.735 D/CCodec  ( 5305):   int32_t color-transfer = 0
06-23 12:21:46.735 D/CCodec  ( 5305):   int32_t frame-rate = 60
06-23 12:21:46.735 D/CCodec  ( 5305):   int32_t height = 2400
06-23 12:21:46.735 D/CCodec  ( 5305):   int32_t intra-refresh-period = 0
06-23 12:21:46.735 D/CCodec  ( 5305):   int32_t level = 4096
06-23 12:21:46.735 D/CCodec  ( 5305):   int32_t max-bitrate = 20000000
06-23 12:21:46.735 D/CCodec  ( 5305):   string mime = "video/avc"
06-23 12:21:46.735 D/CCodec  ( 5305):   int32_t profile = 65536
06-23 12:21:46.735 D/CCodec  ( 5305):   int32_t video-qp-average = 0
06-23 12:21:46.735 D/CCodec  ( 5305):   int32_t width = 1080
06-23 12:21:46.735 D/CCodec  ( 5305): }
06-23 12:21:46.735 I/CCodecConfig( 5305): query failed after returning 13 values (BAD_INDEX)
06-23 12:21:46.736 D/CCodecConfig( 5305): c2 config diff is   c2::u32 coded.pl.level = 20494
06-23 12:21:46.736 W/ColorUtils( 5305): expected specified color aspects (0:0:0:0)
06-23 12:21:46.752 D/CCodec  ( 5305): input format changed to AMessage(what = 0x00000000) = {
06-23 12:21:46.752 D/CCodec  ( 5305):   Rect crop(0, 0, 1079, 2399)
06-23 12:21:46.752 D/CCodec  ( 5305):   int32_t color-standard = 1
06-23 12:21:46.752 D/CCodec  ( 5305):   int32_t color-range = 2
06-23 12:21:46.752 D/CCodec  ( 5305):   int32_t color-transfer = 3
06-23 12:21:46.752 D/CCodec  ( 5305):   int32_t frame-rate = 60
06-23 12:21:46.752 D/CCodec  ( 5305):   int32_t height = 2400
06-23 12:21:46.752 D/CCodec  ( 5305):   int32_t intra-refresh-period = 0
06-23 12:21:46.752 D/CCodec  ( 5305):   string mime = "video/raw"
06-23 12:21:46.752 D/CCodec  ( 5305):   int32_t video-qp-average = 0
06-23 12:21:46.752 D/CCodec  ( 5305):   int32_t width = 1080
06-23 12:21:46.752 D/CCodec  ( 5305):   int32_t android._dataspace = 260
06-23 12:21:46.752 D/CCodec  ( 5305):   int32_t using-sw-read-often = 1
06-23 12:21:46.752 D/CCodec  ( 5305):   int64_t android._C2MemoryUsage = 1
06-23 12:21:46.752 D/CCodec  ( 5305):   int32_t color-format = 2130708361
06-23 12:21:46.752 D/CCodec  ( 5305):   int32_t android._color-format = 2130708361
06-23 12:21:46.752 D/CCodec  ( 5305): }
06-23 12:21:46.753 D/GraphicBufferSource( 5305): setting dataspace: 0x104, acquired=0
06-23 12:21:46.753 D/CCodec  ( 5305): ISConfig not changed
06-23 12:21:46.760 W/Codec2Client( 5305): query -- param skipped: index = 1342179345.
06-23 12:21:46.760 W/Codec2Client( 5305): query -- param skipped: index = 2415921170.
06-23 12:21:46.761 D/CCodecBufferChannel( 5305): [c2.android.avc.encoder#940] Using basic input block pool with poolID 1 => got 1 - OK (0)
06-23 12:21:46.762 D/C2Store ( 5305): Using DMABUF Heaps
06-23 12:21:46.763 W/app_process( 5307): Unexpected CPU variant for x86: x86_64.
06-23 12:21:46.763 W/app_process( 5307): Known variants: atom, sandybridge, silvermont, goldmont, goldmont-plus, tremont, kabylake, default
06-23 12:21:46.798 D/BufferPoolAccessor2.0(  499): bufferpool2 0x7d4203d1e978 : 0(0 size) total buffers - 0(0 size) used buffers - 95/103 (recycle/alloc) - 8/198 (fetch/transfer)
06-23 12:21:46.798 I/CCodecBufferChannel( 5305): [c2.android.avc.encoder#940] Created output block pool with allocatorID 16 => poolID 27 - OK
06-23 12:21:46.799 D/CCodecBufferChannel( 5305): [c2.android.avc.encoder#940] Configured output block pool ids 27 => OK
06-23 12:21:46.801 D/BufferPoolAccessor2.0(  499): Destruction - bufferpool2 0x7d4203d1e978 cached: 0/0M, 0/0% in use; allocs: 103, 92% recycled; transfers: 198, 96% unfetched
06-23 12:21:46.817 W/ResourceManagerService(  499): Ignoring request to add new resource entry with value <= 0
06-23 12:21:46.843 W/ServiceManagerCppClient(  445): Permission failure: android.permission.ROTATE_SURFACE_FLINGER from uid=2000 pid=5305
06-23 12:21:46.843 D/PermissionCache(  445): checking android.permission.ROTATE_SURFACE_FLINGER for uid=2000 => denied (842 us)
06-23 12:21:46.845 D/PermissionCache(  445): checking android.permission.INTERNAL_SYSTEM_WINDOW for uid=2000 => granted (1070 us)
06-23 12:21:46.846 W/SurfaceFlinger(  445): Invalid layer stack -1
06-23 12:21:46.918 I/MediaProvider( 1357): Deleted 0 0 0 1 0 0 0 items on external_primary due to com.android.shell
06-23 12:21:46.940 D/StatusBarIconController(  783): ignoring old pipeline callbacks, because the new mobile icons are enabled
06-23 12:21:46.956 W/MediaProvider( 1357): isAppCloneUserPair for user 0: false
06-23 12:21:47.034 I/hwservicemanager(  186): getTransport: Cannot find entry android.hardware.graphics.mapper@4.0::IMapper/default in either framework or device VINTF manifest.
06-23 12:21:47.037 I/Gralloc4( 5305): mapper 4.x is not supported
06-23 12:21:47.075 D/MPEG4Writer( 5305): PreAllocation enabled
06-23 12:21:47.087 W/libc    ( 5307): Access denied finding property "ro.product.name_for_attestation"
06-23 12:21:47.071 W/main    ( 5307): type=1400 audit(0.0:37): avc:  denied  { read } for  name="u:object_r:build_attestation_prop:s0" dev="tmpfs" ino=85 scontext=u:r:shell:s0 tcontext=u:object_r:build_attestation_prop:s0 tclass=file permissive=0
06-23 12:21:47.090 W/libc    ( 5307): Access denied finding property "ro.product.brand_for_attestation"
06-23 12:21:47.091 W/libc    ( 5307): Access denied finding property "ro.product.model_for_attestation"
06-23 12:21:47.083 W/main    ( 5307): type=1400 audit(0.0:38): avc:  denied  { read } for  name="u:object_r:build_attestation_prop:s0" dev="tmpfs" ino=85 scontext=u:r:shell:s0 tcontext=u:object_r:build_attestation_prop:s0 tclass=file permissive=0
06-23 12:21:47.095 D/AndroidRuntime( 5307): Calling main entry com.android.commands.monkey.Monkey
06-23 12:21:47.102 W/Monkey  ( 5307): args: [-p, com.uptodown, -c, android.intent.category.LAUNCHER, 1]
06-23 12:21:47.103 W/Monkey  ( 5307):  arg: "-p"
06-23 12:21:47.105 W/Monkey  ( 5307):  arg: "com.uptodown"
06-23 12:21:47.105 W/Monkey  ( 5307):  arg: "-c"
06-23 12:21:47.087 W/main    ( 5307): type=1400 audit(0.0:39): avc:  denied  { read } for  name="u:object_r:build_attestation_prop:s0" dev="tmpfs" ino=85 scontext=u:r:shell:s0 tcontext=u:object_r:build_attestation_prop:s0 tclass=file permissive=0
06-23 12:21:47.105 W/Monkey  ( 5307):  arg: "android.intent.category.LAUNCHER"
06-23 12:21:47.106 W/Monkey  ( 5307):  arg: "1"
06-23 12:21:47.106 W/Monkey  ( 5307): data="com.uptodown"
06-23 12:21:47.107 W/Monkey  ( 5307): data="android.intent.category.LAUNCHER"
06-23 12:21:47.208 I/NetworkScheduler.Stats( 2923): (REDACTED) Task %s/%s started execution. cause:%s exec_start_elapsed_seconds: %s
06-23 12:21:47.251 I/NetworkScheduler.Stats( 2923): (REDACTED) Task %s/%s finished executing. cause:%s result: %s elapsed_millis: %s uptime_millis: %s exec_start_elapsed_seconds: %s
06-23 12:21:47.299 W/ActivityManager(  562): registerReceiverWithFeature: no app for null
06-23 12:21:47.313 W/System  ( 5307): No Compatibility callbacks set! Querying change 263076149
06-23 12:21:47.313 W/System  ( 5307): No Compatibility callbacks set! Querying change 263076149
06-23 12:21:47.313 W/System  ( 5307): No Compatibility callbacks set! Querying change 263076149
06-23 12:21:47.364 I/ActivityManager(  562): Background started FGS: Allowed [callingPackage: com.google.android.apps.wellbeing; callingUid: 10121; uidState: BTOP; uidBFSL: [BFSL]; intent: Intent { cmp=com.google.android.apps.wellbeing/com.google.apps.tiktok.concurrent.InternalForegroundService (has extras) }; code:BACKGROUND_ACTIVITY_PERMISSION; tempAllowListReason:<null>; targetSdkVersion:33; callerTargetSdkVersion:33; startForegroundCount:0; bindFromPackage:null: isBindService:false]
06-23 12:21:47.387 D/GraphicBufferSource( 5305): got buffer with new dataSpace #104
06-23 12:21:47.387 D/C2OMXNode( 5305): dataspace changed to 0x104 pixel format: 0x1
06-23 12:21:47.388 I/hwservicemanager(  186): getTransport: Cannot find entry android.hardware.graphics.mapper@4.0::IMapper/default in either framework or device VINTF manifest.
06-23 12:21:47.403 D/SimpleC2Component(  506): Using output block pool with poolID 27 => got 27 - 0
06-23 12:21:47.404 D/SimpleC2Component(  506): applied 2 configUpdates => BAD_INDEX (6)
06-23 12:21:47.404 D/C2SoftAvcEnc(  506): Params width 1080 height 2400 level 50 colorFormat 0 bframes 0
06-23 12:21:47.485 E/C2SoftAvcEnc(  506): Unable to set air params = 0x1ad
06-23 12:21:47.508 W/ActivityTaskManager(  562): callingPackage for (uid=2000, pid=5307) has no WPC
06-23 12:21:47.511 D/CompatibilityChangeReporter(  562): Compat change id reported: 244637991; UID 2000; state: ENABLED
06-23 12:21:47.582 D/CompatibilityChangeReporter(  562): Compat change id reported: 265464455; UID 10190; state: DISABLED
06-23 12:21:47.583 D/CompatibilityChangeReporter(  562): Compat change id reported: 265452344; UID 10190; state: DISABLED
06-23 12:21:47.583 D/CompatibilityChangeReporter(  562): Compat change id reported: 266124927; UID 10190; state: DISABLED
06-23 12:21:47.584 D/CompatibilityChangeReporter(  562): Compat change id reported: 265451093; UID 10190; state: DISABLED
06-23 12:21:47.584 D/CompatibilityChangeReporter(  562): Compat change id reported: 265456536; UID 10190; state: DISABLED
06-23 12:21:47.586 D/CompatibilityChangeReporter(  562): Compat change id reported: 255940284; UID 10190; state: DISABLED
06-23 12:21:47.587 D/CompatibilityChangeReporter(  562): Compat change id reported: 236283604; UID 10190; state: DISABLED
06-23 12:21:47.598 D/CompatibilityChangeReporter(  562): Compat change id reported: 263959004; UID 10190; state: DISABLED
06-23 12:21:47.599 D/CompatibilityChangeReporter(  562): Compat change id reported: 264304459; UID 10190; state: DISABLED
06-23 12:21:47.600 D/CompatibilityChangeReporter(  562): Compat change id reported: 264301586; UID 10190; state: DISABLED
06-23 12:21:47.600 D/CompatibilityChangeReporter(  562): Compat change id reported: 254631730; UID 10190; state: DISABLED
06-23 12:21:47.602 D/CompatibilityChangeReporter(  562): Compat change id reported: 273509367; UID 10190; state: DISABLED
06-23 12:21:47.602 D/CompatibilityChangeReporter(  562): Compat change id reported: 263259275; UID 10190; state: DISABLED
06-23 12:21:47.603 D/CompatibilityChangeReporter(  562): Compat change id reported: 174042980; UID 10190; state: DISABLED
06-23 12:21:47.604 D/CompatibilityChangeReporter(  562): Compat change id reported: 174042936; UID 10190; state: DISABLED
06-23 12:21:47.605 D/CompatibilityChangeReporter(  562): Compat change id reported: 181136395; UID 10190; state: DISABLED
06-23 12:21:47.633 D/CompatibilityChangeReporter(  562): Compat change id reported: 194480991; UID 10190; state: ENABLED
06-23 12:21:47.633 I/hwservicemanager(  186): getTransport: Cannot find entry android.hardware.graphics.mapper@4.0::IMapper/default in either framework or device VINTF manifest.
06-23 12:21:47.634 I/Gralloc4(  506): mapper 4.x is not supported
06-23 12:21:47.764 D/CompatibilityChangeReporter(  562): Compat change id reported: 184838306; UID 10190; state: DISABLED
06-23 12:21:47.778 D/CompatibilityChangeReporter(  562): Compat change id reported: 185004937; UID 10190; state: DISABLED
06-23 12:21:47.778 I/NotificationService(  562): Cannot find enqueued record for key: 0|com.google.android.apps.wellbeing|174344743|null|10121
06-23 12:21:47.795 D/CompatibilityChangeReporter(  562): Compat change id reported: 197654537; UID 10190; state: ENABLED
06-23 12:21:47.814 D/CompatibilityChangeReporter(  562): Compat change id reported: 205907456; UID 10190; state: ENABLED
06-23 12:21:47.837 V/WindowManagerShell(  783): Transition requested: android.os.BinderProxy@9f1732d TransitionRequestInfo { type = OPEN, triggerTask = TaskInfo{userId=0 taskId=7 displayId=0 isRunning=true baseIntent=Intent { act=android.intent.action.MAIN cat=[android.intent.category.LAUNCHER] flg=0x10200000 cmp=com.uptodown/.activities.MainActivity } baseActivity=ComponentInfo{com.uptodown/com.uptodown.activities.MainActivity} topActivity=ComponentInfo{com.uptodown/com.uptodown.activities.MainActivity} origActivity=null realActivity=ComponentInfo{com.uptodown/com.uptodown.activities.MainActivity} numActivities=1 lastActiveTime=294746 supportsMultiWindow=true resizeMode=2 isResizeable=true minWidth=-1 minHeight=-1 defaultMinSize=220 token=WCT{android.window.IWindowContainerToken$Stub$Proxy@eb3f062} topActivityType=1 pictureInPictureParams=null shouldDockBigOverlays=false launchIntoPipHostTaskId=-1 lastParentTaskIdBeforePip=-1 displayCutoutSafeInsets=null topActivityInfo=ActivityInfo{3a765f3 com.uptodown.activities.MainActivity} launchCookies=[] positionInParent=Point(0, 0) parentTaskId=-1 isFocused=false isVisible=false isVisibleRequested=false isSleeping=false topActivityInSizeCompat=false topActivityEligibleForLetterboxEducation= false topActivityLetterboxed= false isFromDoubleTap= false topActivityLetterboxVerticalPosition= -1 topActivityLetterboxHorizontalPosition= -1 topActivityLetterboxWidth=-1 topActivityLetterboxHeight=-1 locusId=null displayAreaFeatureId=1 cameraCompatControlState=hidden}, remoteTransition = null, displayChange = null }
06-23 12:21:47.875 D/CompatibilityChangeReporter(  562): Compat change id reported: 194833441; UID 10190; state: ENABLED
06-23 12:21:47.875 I/ActivityTaskManager(  562): START u0 {act=android.intent.action.MAIN cat=[android.intent.category.LAUNCHER] flg=0x10200000 cmp=com.uptodown/.activities.MainActivity} with LAUNCH_MULTIPLE from uid 2000 (BAL_ALLOW_PERMISSION) result code=0
06-23 12:21:47.877 I/Monkey  ( 5307): Events injected: 1
06-23 12:21:47.887 D/CompatibilityChangeReporter(  562): Compat change id reported: 135634846; UID 10190; state: DISABLED
06-23 12:21:47.895 D/CompatibilityChangeReporter(  562): Compat change id reported: 143937733; UID 10190; state: ENABLED
06-23 12:21:47.960 I/BpBinder(  445): onLastStrongRef automatically unlinking death recipients: 
06-23 12:21:47.956 D/Zygote  (  377): Forked child process 5391
06-23 12:21:47.976 W/ActivityManager(  562): Slow operation: 90ms so far, now at startProcess: returned from zygote!
06-23 12:21:47.977 W/ActivityManager(  562): Slow operation: 91ms so far, now at startProcess: done updating battery stats
06-23 12:21:47.977 W/ActivityManager(  562): Slow operation: 91ms so far, now at startProcess: building log message
06-23 12:21:47.977 I/ActivityManager(  562): Start proc 5391:com.uptodown/u0a190 for next-top-activity {com.uptodown/com.uptodown.activities.MainActivity}
06-23 12:21:47.978 W/ActivityManager(  562): Slow operation: 91ms so far, now at startProcess: starting to update pids map
06-23 12:21:47.984 W/ActivityManager(  562): Slow operation: 98ms so far, now at startProcess: done updating pids map
06-23 12:21:47.992 I/Monkey  ( 5307): ## Network stats: elapsed time=607ms (0ms mobile, 0ms wifi, 607ms not connected)
06-23 12:21:48.000 I/app_process( 5307): System.exit called, status: 0
06-23 12:21:48.000 I/AndroidRuntime( 5307): VM exiting with result code 0.
06-23 12:21:48.031 I/com.uptodown( 5391): Using CollectorTypeCC GC.
06-23 12:21:48.033 W/com.uptodown( 5391): Unexpected CPU variant for x86: x86_64.
06-23 12:21:48.033 W/com.uptodown( 5391): Known variants: atom, sandybridge, silvermont, goldmont, goldmont-plus, tremont, kabylake, default
06-23 12:21:48.054 E/com.uptodown( 5391): Not starting debugger since process cannot load the jdwp agent.
06-23 12:21:48.122 I/AiAiEcho( 1386): Settings changed for uri: content://settings/secure/device_state_rotation_lock
06-23 12:21:48.125 I/AiAiEcho( 1386): Predicting[0]: 
06-23 12:21:48.126 I/AiAiEcho( 1386): EchoTargets: 
06-23 12:21:48.126 I/AiAiEcho( 1386): Filtered by AiAi flag check: 
06-23 12:21:48.127 I/AiAiEcho( 1386): Ranked targets strategy: SORT, count: 0, ranking metadata: 
06-23 12:21:48.130 I/AiAiEcho( 1386): Predicting[0]: 
06-23 12:21:48.130 I/AiAiEcho( 1386): EchoTargets: 
06-23 12:21:48.130 I/AiAiEcho( 1386): Filtered by AiAi flag check: 
06-23 12:21:48.131 I/AiAiEcho( 1386): Ranked targets strategy: SORT, count: 0, ranking metadata: 
06-23 12:21:48.132 I/AiAiEcho( 1386): Predicting[0]: 
06-23 12:21:48.132 I/AiAiEcho( 1386): EchoTargets: 
06-23 12:21:48.132 I/AiAiEcho( 1386): Filtered by AiAi flag check: 
06-23 12:21:48.134 I/AiAiEcho( 1386): Ranked targets strategy: SORT, count: 0, ranking metadata: 
06-23 12:21:48.136 I/AiAiEcho( 1386): #postPredictionTargets: Sending updates to UISurface home with targets# 0 (types=[])
06-23 12:21:48.139 D/CompatibilityChangeReporter(  562): Compat change id reported: 265195908; UID 10190; state: ENABLED
06-23 12:21:48.175 D/CompatibilityChangeReporter( 5391): Compat change id reported: 171979766; UID 10190; state: ENABLED
06-23 12:21:48.176 D/CompatibilityChangeReporter( 5391): Compat change id reported: 242716250; UID 10190; state: ENABLED
06-23 12:21:48.220 D/CompatibilityChangeReporter(  562): Compat change id reported: 170503758; UID 10190; state: ENABLED
06-23 12:21:48.226 D/ApplicationLoaders( 5391): Returning zygote-cached class loader: /system_ext/framework/androidx.window.extensions.jar
06-23 12:21:48.226 D/ApplicationLoaders( 5391): Returning zygote-cached class loader: /system_ext/framework/androidx.window.sidecar.jar
06-23 12:21:48.240 I/AiAiEcho( 1386): #postPredictionTargets: Sending updates to UISurface media_data_manager with targets# 0 (types=[])
06-23 12:21:48.254 I/AiAiEcho( 1386): Settings changed for uri: content://settings/secure/device_state_rotation_lock
06-23 12:21:48.276 D/nativeloader( 5391): Configuring clns-6 for other apk /data/app/~~9BN075oR-WHp1Fbaf-uw0Q==/com.uptodown-Q4nmdBM2sydsbnezA0pBUw==/base.apk. target_sdk_version=35, uses_libraries=, library_path=/data/app/~~9BN075oR-WHp1Fbaf-uw0Q==/com.uptodown-Q4nmdBM2sydsbnezA0pBUw==/lib/x86_64:/data/app/~~9BN075oR-WHp1Fbaf-uw0Q==/com.uptodown-Q4nmdBM2sydsbnezA0pBUw==/base.apk!/lib/x86_64, permitted_path=/data:/mnt/expand:/data/user/0/com.uptodown
06-23 12:21:48.282 W/Looper  (  562): Slow dispatch took 119ms android.ui h=android.os.Handler c=android.database.ContentObserver$$ExternalSyntheticLambda0@89e0546 m=0
06-23 12:21:48.293 I/AiAiEcho( 1386): #postPredictionTargets: Sending updates to UISurface lockscreen with targets# 0 (types=[])
06-23 12:21:48.297 I/AiAiEcho( 1386): Predicting[0]: 
06-23 12:21:48.316 I/AiAiEcho( 1386): EchoTargets: 
06-23 12:21:48.316 I/AiAiEcho( 1386): Filtered by AiAi flag check: 
06-23 12:21:48.323 I/AiAiEcho( 1386): Ranked targets strategy: SORT, count: 0, ranking metadata: 
06-23 12:21:48.324 I/AiAiEcho( 1386): Predicting[0]: 
06-23 12:21:48.325 I/AiAiEcho( 1386): EchoTargets: 
06-23 12:21:48.325 I/AiAiEcho( 1386): Filtered by AiAi flag check: 
06-23 12:21:48.326 I/AiAiEcho( 1386): Ranked targets strategy: SORT, count: 0, ranking metadata: 
06-23 12:21:48.331 I/AiAiEcho( 1386): Predicting[0]: 
06-23 12:21:48.333 I/AiAiEcho( 1386): EchoTargets: 
06-23 12:21:48.333 I/AiAiEcho( 1386): Filtered by AiAi flag check: 
06-23 12:21:48.333 I/AiAiEcho( 1386): Ranked targets strategy: SORT, count: 0, ranking metadata: 
06-23 12:21:48.338 I/AiAiEcho( 1386): #postPredictionTargets: Sending updates to UISurface home with targets# 0 (types=[])
06-23 12:21:48.342 I/AiAiEcho( 1386): #postPredictionTargets: Sending updates to UISurface media_data_manager with targets# 0 (types=[])
06-23 12:21:48.344 I/AiAiEcho( 1386): #postPredictionTargets: Sending updates to UISurface lockscreen with targets# 0 (types=[])
06-23 12:21:48.351 V/GraphicsEnvironment( 5391): Currently set values for:
06-23 12:21:48.351 V/GraphicsEnvironment( 5391):   angle_gl_driver_selection_pkgs=[]
06-23 12:21:48.351 V/GraphicsEnvironment( 5391):   angle_gl_driver_selection_values=[]
06-23 12:21:48.355 V/GraphicsEnvironment( 5391): ANGLE GameManagerService for com.uptodown: false
06-23 12:21:48.355 V/GraphicsEnvironment( 5391): com.uptodown is not listed in per-application setting
06-23 12:21:48.356 V/GraphicsEnvironment( 5391): Neither updatable production driver nor prerelease driver is supported.
06-23 12:21:48.372 D/EGL_emulation( 1017): app_time_stats: avg=488.94ms min=33.28ms max=1849.44ms count=4
06-23 12:21:48.427 D/SsMediaDataProvider(  783): Forwarding Smartspace updates []
06-23 12:21:48.430 W/PageIndicator(  783): Total number of pages invalid: 0. Assuming 1 page.
06-23 12:21:48.431 D/SsMediaDataProvider(  783): Forwarding Smartspace updates []
06-23 12:21:48.435 W/PageIndicator(  783): Total number of pages invalid: 0. Assuming 1 page.
06-23 12:21:48.439 D/CompatibilityChangeReporter( 5391): Compat change id reported: 183155436; UID 10190; state: ENABLED
06-23 12:21:48.486 D/FirebaseSessions( 5391): Dependency to CRASHLYTICS added.
06-23 12:21:48.502 I/FirebaseApp( 5391): Device unlocked: initializing all Firebase APIs for app [DEFAULT]
06-23 12:21:48.536 D/CompatibilityChangeReporter( 5391): Compat change id reported: 3400644; UID 10190; state: ENABLED
06-23 12:21:48.537 I/FirebaseCrashlytics( 5391): Initializing Firebase Crashlytics 20.0.4 for com.uptodown
06-23 12:21:48.542 W/ActivityTaskManager(  562): takeTaskSnapshot: taskId=7 not found or not visible
06-23 12:21:48.548 D/CCodecConfig( 5305): c2 config diff is   Buffer coded.init-data.value = {
06-23 12:21:48.548 D/CCodecConfig( 5305):     00000000:  00 00 00 01 67 42 c0 32  8d 68 04 40 12 de 5e 42  ....gB.2.h.@..^B
06-23 12:21:48.548 D/CCodecConfig( 5305):     00000010:  02 02 02 0f 08 84 6a 00  00 00 01 68 ce 01 a8 35  ......j....h...5
06-23 12:21:48.548 D/CCodecConfig( 5305):     00000020:  c8                                                .
06-23 12:21:48.548 D/CCodecConfig( 5305):   }
06-23 12:21:48.572 D/FirebaseSessions( 5391): Subscriber CRASHLYTICS registered.
06-23 12:21:48.586 E/RoleControllerServiceImpl( 1270): Default/fallback role holder package doesn't qualify for the role, package: com.google.android.gms.supervision, role: android.app.role.SYSTEM_SUPERVISION
06-23 12:21:48.592 I/Role    ( 1270): com.google.android.gms not qualified for android.app.role.SYSTEM_CALL_STREAMING due to missing RequiredComponent{mIntentFilterData=IntentFilterData{mAction='android.telecom.CallStreamingService', mCategories='[]', mDataScheme='null', mDataType='null'}, mMinTargetSdkVersion=1, mFlags='0', mPermission='android.permission.BIND_CALL_STREAMING_SERVICE', mQueryFlags=0, mMetaData=[]}
06-23 12:21:48.593 E/RoleControllerServiceImpl( 1270): Default/fallback role holder package doesn't qualify for the role, package: com.google.android.gms, role: android.app.role.SYSTEM_CALL_STREAMING
06-23 12:21:48.596 W/Role    ( 1270): Default holder doesn't have required signing certificate: com.google.android.apps.work.clouddpc:23962F4B43B9857638EA66F4D419518EAE282491ACDA4B94707BD59003C45E58
06-23 12:21:48.618 D/MPEG4Writer( 5305): fpathconf _PC_FILESIZEBITS:64
06-23 12:21:48.618 D/MPEG4Writer( 5305): File size limit set to 4503599627370495 bytes implicitly
06-23 12:21:48.618 D/MPEG4Writer( 5305): MP4WtrCtrlHlpLooper Started
06-23 12:21:48.620 I/MPEG4Writer( 5305): limits: 4503599627370495/0 bytes/us, bit rate: -1 bps and the estimated moov size 3192 bytes
06-23 12:21:48.663 I/MPEG4Writer( 5305): setStartTimestampUs: 294313316
06-23 12:21:48.663 I/MPEG4Writer( 5305): Earliest track starting time: 294313316
06-23 12:21:48.665 D/CompatibilityChangeReporter( 5391): Compat change id reported: 247079863; UID 10190; state: ENABLED
06-23 12:21:48.682 W/ziparchive( 5391): Unable to open '/data/user_de/0/com.google.android.gms/app_chimera/m/00000002/DynamiteLoader.dm': No such file or directory
06-23 12:21:48.683 W/ziparchive( 5391): Unable to open '/data/user_de/0/com.google.android.gms/app_chimera/m/00000002/DynamiteLoader.dm': No such file or directory
06-23 12:21:48.685 W/InputDispatcher(  562): Waiting because no window has focus but ActivityRecord{ce263d4 u0 com.uptodown/.activities.MainActivity t7} may eventually add a window when it finishes starting up. Will wait for 5000ms
06-23 12:21:48.898 I/FirebaseCrashlytics( 5391): Saved version control info
06-23 12:21:48.921 I/DynamiteModule( 5391): Considering local module com.google.android.gms.measurement.dynamite:155 and remote module com.google.android.gms.measurement.dynamite:90
06-23 12:21:48.921 I/DynamiteModule( 5391): Selected local version of com.google.android.gms.measurement.dynamite
06-23 12:21:48.946 D/TrafficStats( 5391): tagSocket(68) with statsTag=0xffffffff, statsUid=-1
06-23 12:21:48.964 D/FirebaseSessions( 5391): Initializing Firebase Sessions 3.0.4.
06-23 12:21:48.970 I/FirebaseInitProvider( 5391): FirebaseApp initialization successful
06-23 12:21:48.996 D/WM-WrkMgrInitializer( 5391): Initializing WorkManager with default configuration.
06-23 12:21:49.065 D/FirebaseSessions( 5391): Notified CRASHLYTICS of new session dc273e7912a949f8bb9f3e6cdf1989e1
06-23 12:21:49.091 D/WM-PackageManagerHelper( 5391): androidx.work.impl.background.systemjob.SystemJobService enabled
06-23 12:21:49.091 D/WM-Schedulers( 5391): Created SystemJobScheduler and enabled SystemJobService
06-23 12:21:49.099 D/WM-ForceStopRunnable( 5391): The default process name was not specified.
06-23 12:21:49.100 D/WM-ForceStopRunnable( 5391): Performing cleanup operations.
06-23 12:21:49.230 D/CompatibilityChangeReporter(  562): Compat change id reported: 161145287; UID 10190; state: ENABLED
06-23 12:21:49.248 D/ConnectivityService(  562): requestNetwork for uid/pid:10190/5391 activeRequest: null callbackRequest: 148 [NetworkRequest [ REQUEST id=149, [ Capabilities: INTERNET&NOT_RESTRICTED&TRUSTED&NOT_VCN_MANAGED Uid: 10190 RequestorUid: 10190 RequestorPkg: com.uptodown UnderlyingNetworks: Null] ]] callback flags: 0 order: 2147483647
06-23 12:21:49.257 D/ConnectivityService(  562): NetReassign [149 : null → 100] [c 0] [a 2] [i 3]
06-23 12:21:49.258 D/WifiNetworkFactory(  562): got request NetworkRequest [ REQUEST id=149, [ Capabilities: INTERNET&NOT_RESTRICTED&TRUSTED&NOT_VCN_MANAGED Uid: 10190 RequestorUid: 10190 RequestorPkg: com.uptodown UnderlyingNetworks: Null] ]
06-23 12:21:49.259 D/UntrustedWifiNetworkFactory(  562): got request NetworkRequest [ REQUEST id=149, [ Capabilities: INTERNET&NOT_RESTRICTED&TRUSTED&NOT_VCN_MANAGED Uid: 10190 RequestorUid: 10190 RequestorPkg: com.uptodown UnderlyingNetworks: Null] ]
06-23 12:21:49.259 D/OemPaidWifiNetworkFactory(  562): got request NetworkRequest [ REQUEST id=149, [ Capabilities: INTERNET&NOT_RESTRICTED&TRUSTED&NOT_VCN_MANAGED Uid: 10190 RequestorUid: 10190 RequestorPkg: com.uptodown UnderlyingNetworks: Null] ]
06-23 12:21:49.259 D/MultiInternetWifiNetworkFactory(  562): got request NetworkRequest [ REQUEST id=149, [ Capabilities: INTERNET&NOT_RESTRICTED&TRUSTED&NOT_VCN_MANAGED Uid: 10190 RequestorUid: 10190 RequestorPkg: com.uptodown UnderlyingNetworks: Null] ]
06-23 12:21:49.280 D/CompatibilityChangeReporter( 5391): Compat change id reported: 160794467; UID 10190; state: ENABLED
06-23 12:21:49.303 D/TrafficStats( 5391): tagSocket(73) with statsTag=0x8001, statsUid=-1
06-23 12:21:49.339 D/CompatibilityChangeReporter( 5391): Compat change id reported: 194532703; UID 10190; state: ENABLED
06-23 12:21:49.340 D/CompatibilityChangeReporter( 5391): Compat change id reported: 253665015; UID 10190; state: ENABLED
06-23 12:21:49.340 D/WM-SystemJobScheduler( 5391): Scheduling work ID 5bb7d9d3-8275-4d4c-8bcf-70b338bedd8cJob ID 0
06-23 12:21:49.342 D/CompatibilityChangeReporter(  562): Compat change id reported: 253665015; UID 10190; state: ENABLED
06-23 12:21:49.343 D/CompatibilityChangeReporter(  562): Compat change id reported: 194532703; UID 10190; state: ENABLED
06-23 12:21:49.373 E/com.uptodown( 5391): Invalid resource ID 0x00000000.
06-23 12:21:49.400 D/WM-GreedyScheduler( 5391): Starting work for 5bb7d9d3-8275-4d4c-8bcf-70b338bedd8c
06-23 12:21:49.423 I/FA      ( 5391): App measurement initialized, version: 133005
06-23 12:21:49.424 I/FA      ( 5391): To enable debug logging run: adb shell setprop log.tag.FA VERBOSE
06-23 12:21:49.424 I/FA      ( 5391): To enable faster debug mode event logging run:
06-23 12:21:49.424 I/FA      ( 5391):   adb shell setprop debug.firebase.analytics.app com.uptodown
06-23 12:21:49.427 D/WM-Processor( 5391): Processor: processing WorkGenerationalId(workSpecId=5bb7d9d3-8275-4d4c-8bcf-70b338bedd8c, generation=0)
06-23 12:21:49.463 E/com.uptodown( 5391): Invalid resource ID 0x00000000.
06-23 12:21:49.463 D/WM-SystemJobScheduler( 5391): Scheduling work ID 8a41b2b6-7316-4824-884e-105df04a28aeJob ID 1
06-23 12:21:49.464 D/CompatibilityChangeReporter(  562): Compat change id reported: 271850009; UID 10190; state: ENABLED
06-23 12:21:49.466 D/ConnectivityService(  562): requestNetwork for uid/pid:1000/562 asUid: 10190 activeRequest: null callbackRequest: 150 [NetworkRequest [ REQUEST id=151, [ Capabilities: INTERNET&NOT_RESTRICTED&TRUSTED&NOT_VCN_MANAGED Uid: 10190 RequestorUid: 1000 RequestorPkg: android UnderlyingNetworks: Null] ]] callback flags: 0 order: 2147483647
06-23 12:21:49.474 D/ConnectivityService(  562): NetReassign [151 : null → 100] [c 3] [a 2] [i 2]
06-23 12:21:49.474 D/WifiNetworkFactory(  562): got request NetworkRequest [ REQUEST id=151, [ Capabilities: INTERNET&NOT_RESTRICTED&TRUSTED&NOT_VCN_MANAGED Uid: 10190 RequestorUid: 1000 RequestorPkg: android UnderlyingNetworks: Null] ]
06-23 12:21:49.475 D/UntrustedWifiNetworkFactory(  562): got request NetworkRequest [ REQUEST id=151, [ Capabilities: INTERNET&NOT_RESTRICTED&TRUSTED&NOT_VCN_MANAGED Uid: 10190 RequestorUid: 1000 RequestorPkg: android UnderlyingNetworks: Null] ]
06-23 12:21:49.475 D/OemPaidWifiNetworkFactory(  562): got request NetworkRequest [ REQUEST id=151, [ Capabilities: INTERNET&NOT_RESTRICTED&TRUSTED&NOT_VCN_MANAGED Uid: 10190 RequestorUid: 1000 RequestorPkg: android UnderlyingNetworks: Null] ]
06-23 12:21:49.476 D/MultiInternetWifiNetworkFactory(  562): got request NetworkRequest [ REQUEST id=151, [ Capabilities: INTERNET&NOT_RESTRICTED&TRUSTED&NOT_VCN_MANAGED Uid: 10190 RequestorUid: 1000 RequestorPkg: android UnderlyingNetworks: Null] ]
06-23 12:21:49.485 D/WM-GreedyScheduler( 5391): Starting tracking for 8a41b2b6-7316-4824-884e-105df04a28ae
06-23 12:21:49.500 D/CompatibilityChangeReporter( 5391): Compat change id reported: 263076149; UID 10190; state: ENABLED
06-23 12:21:49.533 D/WM-SystemJobScheduler( 5391): Scheduling work ID fb8a4669-0169-4fd9-bd06-5998200b99f1Job ID 2
06-23 12:21:49.572 D/WM-GreedyScheduler( 5391): Starting work for fb8a4669-0169-4fd9-bd06-5998200b99f1
06-23 12:21:49.572 D/WM-GreedyScheduler( 5391): Starting tracking for 8a41b2b6-7316-4824-884e-105df04a28ae
06-23 12:21:49.576 D/WM-PackageManagerHelper( 5391): androidx.work.impl.background.systemalarm.RescheduleReceiver enabled
06-23 12:21:49.580 D/WM-Processor( 5391): Processor: processing WorkGenerationalId(workSpecId=fb8a4669-0169-4fd9-bd06-5998200b99f1, generation=0)
06-23 12:21:49.584 D/WM-ConstraintTracker( 5391): NetworkStateTracker24: initial state = NetworkState(isConnected=true, isValidated=true, isMetered=false, isNotRoaming=true, isBlocked=false)
06-23 12:21:49.584 D/WM-NetworkStateTracker( 5391): Registering network callback
06-23 12:21:49.586 D/ConnectivityService(  562): requestNetwork for uid/pid:10190/5391 activeRequest: null callbackRequest: 152 [NetworkRequest [ REQUEST id=153, [ Capabilities: INTERNET&NOT_RESTRICTED&TRUSTED&NOT_VCN_MANAGED Uid: 10190 RequestorUid: 10190 RequestorPkg: com.uptodown UnderlyingNetworks: Null] ]] callback flags: 0 order: 2147483647
06-23 12:21:49.591 D/WifiNetworkFactory(  562): got request NetworkRequest [ REQUEST id=153, [ Capabilities: INTERNET&NOT_RESTRICTED&TRUSTED&NOT_VCN_MANAGED Uid: 10190 RequestorUid: 10190 RequestorPkg: com.uptodown UnderlyingNetworks: Null] ]
06-23 12:21:49.591 D/WM-NetworkStateTracker( 5391): Network capabilities changed: [ Transports: WIFI Capabilities: NOT_METERED&INTERNET&NOT_RESTRICTED&TRUSTED&NOT_VPN&VALIDATED&NOT_ROAMING&FOREGROUND&NOT_CONGESTED&NOT_SUSPENDED&NOT_VCN_MANAGED LinkUpBandwidth>=12000Kbps LinkDnBandwidth>=30000Kbps TransportInfo: <SSID: <unknown ssid>, BSSID: 02:00:00:00:00:00, MAC: 02:00:00:00:00:00, IP: /10.0.2.16, Security type: 0, Supplicant state: COMPLETED, Wi-Fi standard: 1, RSSI: -50, Link speed: 2Mbps, Tx Link speed: 2Mbps, Max Supported Tx Link speed: 11Mbps, Rx Link speed: 2Mbps, Max Supported Rx Link speed: 11Mbps, Frequency: 2447MHz, Net ID: -1, Metered hint: false, score: 60, isUsable: true, CarrierMerged: false, SubscriptionId: -1, IsPrimary: -1, Trusted: true, Restricted: false, Ephemeral: false, OEM paid: false, OEM private: false, OSU AP: false, FQDN: <none>, Provider friendly name: <none>, Requesting package name: <none><none>MLO Information: , Is TID-To-Link negotiation supported by the AP: false, AP MLD Address: <none>, AP MLO Link Id: <none>, AP MLO Affiliated links: <none>> SignalStrength: -50 UnderlyingNetworks: Null]
06-23 12:21:49.591 D/UntrustedWifiNetworkFactory(  562): got request NetworkRequest [ REQUEST id=153, [ Capabilities: INTERNET&NOT_RESTRICTED&TRUSTED&NOT_VCN_MANAGED Uid: 10190 RequestorUid: 10190 RequestorPkg: com.uptodown UnderlyingNetworks: Null] ]
06-23 12:21:49.592 D/OemPaidWifiNetworkFactory(  562): got request NetworkRequest [ REQUEST id=153, [ Capabilities: INTERNET&NOT_RESTRICTED&TRUSTED&NOT_VCN_MANAGED Uid: 10190 RequestorUid: 10190 RequestorPkg: com.uptodown UnderlyingNetworks: Null] ]
