06-23 12:21:49.593 D/MultiInternetWifiNetworkFactory(  562): got request NetworkRequest [ REQUEST id=153, [ Capabilities: INTERNET&NOT_RESTRICTED&TRUSTED&NOT_VCN_MANAGED Uid: 10190 RequestorUid: 10190 RequestorPkg: com.uptodown UnderlyingNetworks: Null] ]
06-23 12:21:49.594 D/ConnectivityService(  562): NetReassign [153 : null → 100] [c 0] [a 3] [i 2]
06-23 12:21:49.603 D/WM-NetworkStateTracker( 5391): Network blocked status changed: false
06-23 12:21:49.612 D/WM-GreedyScheduler( 5391): Constraints met: Scheduling work ID WorkGenerationalId(workSpecId=8a41b2b6-7316-4824-884e-105df04a28ae, generation=0)
06-23 12:21:49.616 D/WM-Processor( 5391): Processor: processing WorkGenerationalId(workSpecId=8a41b2b6-7316-4824-884e-105df04a28ae, generation=0)
06-23 12:21:49.686 D/CompatibilityChangeReporter(  562): Compat change id reported: 149924527; UID 10190; state: ENABLED
06-23 12:21:49.687 D/CompatibilityChangeReporter(  562): Compat change id reported: 132649864; UID 10190; state: DISABLED
06-23 12:21:49.735 I/ActivityManager(  562): Flag disabled. Ignoring finishAttachApplication from uid: 10190. pid: 5391
06-23 12:21:49.788 D/libEGL  ( 5391): loaded /vendor/lib64/egl/libEGL_emulation.so
06-23 12:21:49.789 D/AppCompatDelegate( 5391): Checking for metadata for AppLocalesMetadataHolderService : Service not found
06-23 12:21:49.796 D/libEGL  ( 5391): loaded /vendor/lib64/egl/libGLESv1_CM_emulation.so
06-23 12:21:49.820 D/libEGL  ( 5391): loaded /vendor/lib64/egl/libGLESv2_emulation.so
06-23 12:21:49.836 D/CompatibilityChangeReporter( 5391): Compat change id reported: 270306772; UID 10190; state: ENABLED
06-23 12:21:49.861 D/CompatibilityChangeReporter( 5391): Compat change id reported: 235355681; UID 10190; state: ENABLED
06-23 12:21:49.878 D/TrafficStats( 5391): tagSocket(111) with statsTag=0xffffffff, statsUid=-1
06-23 12:21:49.888 I/serviceDiscovery(  562): [MdnsSocketProvider] Start monitoring sockets.
06-23 12:21:49.892 I/TetheringManager(  562): registerTetheringEventCallback caller:android
06-23 12:21:49.897 D/FirebaseSessions( 5391): Fetching settings from server.
06-23 12:21:49.900 D/ConnectivityService(  562): NetReassign [no changes] [c 0] [a 2] [i 2]
06-23 12:21:49.916 I/serviceDiscovery(  562): [MdnsAdvertiser] Adding service name: Google sdk_gphone64_x86_64_d:_6e7380bb61f71c29_:d__t:_0, type: _nsduptodown._tcp, hostAddresses: , port: 45135, network: null, txtRecord:  with ID 2 and subtype null
06-23 12:21:49.916 E/com.uptodown( 5391): Invalid resource ID 0x00000000.
06-23 12:21:49.937 I/serviceDiscovery(  562): [MdnsDiscoveryManager] Registering listener for serviceType: _nsduptodown._tcp.local
06-23 12:21:49.949 D/CompatibilityChangeReporter(  562): Compat change id reported: 261072174; UID 10190; state: ENABLED
06-23 12:21:49.963 D/TrafficStats(  562): tagSocket(601) with statsTag=0xffffffff, statsUid=-1
06-23 12:21:50.000 D/BoundBrokerSvc( 1767): onBind: Intent { act=com.google.android.gms.auth.api.signin.service.START pkg=com.google.android.gms }
06-23 12:21:50.001 D/BoundBrokerSvc( 1767): Loading bound service for intent: Intent { act=com.google.android.gms.auth.api.signin.service.START pkg=com.google.android.gms }
06-23 12:21:50.012 D/FirebaseSessions( 5391): Fetched settings: {"settings_version":3,"cache_duration":177094,"features":{"collect_logged_exceptions":true,"collect_reports":true,"collect_analytics":false,"prompt_enabled":false,"push_enabled":false,"firebase_crashlytics_enabled":false,"collect_anrs":true,"collect_metric_kit":false,"collect_build_ids":true},"app":{"status":"activated","update_required":false,"report_upload_variant":2,"native_report_upload_variant":2},"fabric":{"org_id":"64c8f71286c4000f3d2940f3","bundle_id":"com.uptodown"},"on_demand_upload_rate_per_minute":10,"on_demand_backoff_base":1.2,"on_demand_backoff_step_duration_seconds":60,"app_quality":{"sessions_enabled":true,"sampling_rate":1,"session_timeout_seconds":1800},"on_demand_thread_recording_suspension_enabled":true}
06-23 12:21:50.036 D/CompatibilityChangeReporter( 5391): Compat change id reported: 171228096; UID 10190; state: ENABLED
06-23 12:21:50.074 D/CompatibilityChangeReporter( 5391): Compat change id reported: 210923482; UID 10190; state: ENABLED
06-23 12:21:50.078 E/com.uptodown( 5391): Invalid resource ID 0x00000000.
06-23 12:21:50.127 D/CarrierSvcBindHelper(  969): onPackageModified: com.uptodown
06-23 12:21:50.128 D/CarrierSvcBindHelper(  969): No carrier app for: 0
06-23 12:21:50.132 W/DynamiteModule( 5391): Local module descriptor class for com.google.android.gms.providerinstaller.dynamite not found.
06-23 12:21:50.142 I/RoleService(  562): Granting default roles...
06-23 12:21:50.154 I/InputReader(  562): Reconfiguring input devices, changes=KEYBOARD_LAYOUTS
06-23 12:21:50.160 V/MediaPlayerList(  906): mPackageChangedBroadcastReceiver: action: android.intent.action.PACKAGE_CHANGED
06-23 12:21:50.160 V/MediaPlayerList(  906): mPackageChangedBroadcastReceiver: action: android.intent.action.PACKAGE_CHANGED
06-23 12:21:50.164 I/PermissionControllerServiceImpl( 1270): Updating user sensitive for uid 10190
06-23 12:21:50.193 W/ProviderHelper( 2923): Unknown dynamite feature providerinstaller.dynamite
06-23 12:21:50.209 I/DynamiteModule( 5391): Considering local module com.google.android.gms.providerinstaller.dynamite:0 and remote module com.google.android.gms.providerinstaller.dynamite:0
06-23 12:21:50.209 W/ProviderInstaller( 5391): Failed to load providerinstaller module: No acceptable module com.google.android.gms.providerinstaller.dynamite found. Local version is 0 and remote version is 0.
06-23 12:21:50.230 D/ControlsListingControllerImpl(  783): ServiceConfig reloaded, count: 0
06-23 12:21:50.252 D/BoundBrokerSvc( 1767): onBind: Intent { act=com.google.android.gms.measurement.START pkg=com.google.android.gms }
06-23 12:21:50.252 D/BoundBrokerSvc( 1767): Loading bound service for intent: Intent { act=com.google.android.gms.measurement.START pkg=com.google.android.gms }
06-23 12:21:50.288 D/TrafficStats( 5391): tagSocket(110) with statsTag=0xffffffff, statsUid=-1
06-23 12:21:50.302 W/WindowOnBackDispatcher( 5391): OnBackInvokedCallback is not enabled for the application.
06-23 12:21:50.302 W/WindowOnBackDispatcher( 5391): Set 'android:enableOnBackInvokedCallback="true"' in the application manifest.
06-23 12:21:50.310 D/FirebaseSessions( 5391): App foregrounded on com.uptodown
06-23 12:21:50.310 D/FirebaseSessions( 5391): Session dc273e7912a949f8bb9f3e6cdf1989e1 has not backgrounded yet
06-23 12:21:50.310 D/FirebaseSessions( 5391): No process data for com.uptodown
06-23 12:21:50.317 D/FirebaseSessions( 5391): Session e2beb720df4f420499bdb795a76a5e5a has not backgrounded yet
06-23 12:21:50.317 D/FirebaseSessions( 5391): No process data map
06-23 12:21:50.317 D/FirebaseSessions( 5391): No process data for com.uptodown
06-23 12:21:50.319 D/FirebaseSessions( 5391): Sessions SDK disabled through data collection. Events will not be sent.
06-23 12:21:50.330 D/CompatibilityChangeReporter( 5391): Compat change id reported: 237531167; UID 10190; state: DISABLED
06-23 12:21:50.339 W/OpenGLRenderer( 5391): Unknown dataspace 0
06-23 12:21:50.340 D/ImsResolver(  969): maybeAddedImsService, packageName: com.uptodown
06-23 12:21:50.349 D/FirebaseSessions( 5391): Notified CRASHLYTICS of new session 79294508858c4010b87c95dd0a95cc1f
06-23 12:21:50.355 D/EGL_emulation(  783): app_time_stats: avg=23516.75ms min=23516.75ms max=23516.75ms count=1
06-23 12:21:50.362 E/system_server(  562): No package ID 7f found for resource ID 0x7f0802cd.
06-23 12:21:50.362 E/system_server(  562): No package ID 7f found for resource ID 0x7f130442.
06-23 12:21:50.362 E/system_server(  562): No package ID 7f found for resource ID 0x7f130442.
06-23 12:21:50.363 E/system_server(  562): No package ID 7f found for resource ID 0x7f0802cb.
06-23 12:21:50.363 E/system_server(  562): No package ID 7f found for resource ID 0x7f1301db.
06-23 12:21:50.363 E/system_server(  562): No package ID 7f found for resource ID 0x7f1301db.
06-23 12:21:50.364 E/system_server(  562): No package ID 7f found for resource ID 0x7f0802ca.
06-23 12:21:50.365 E/system_server(  562): No package ID 7f found for resource ID 0x7f130168.
06-23 12:21:50.366 E/system_server(  562): No package ID 7f found for resource ID 0x7f130168.
06-23 12:21:50.366 E/system_server(  562): No package ID 7f found for resource ID 0x7f0802cc.
06-23 12:21:50.366 E/system_server(  562): No package ID 7f found for resource ID 0x7f1303c7.
06-23 12:21:50.366 E/system_server(  562): No package ID 7f found for resource ID 0x7f1303c7.
06-23 12:21:50.396 E/com.uptodown( 5391): Invalid resource ID 0x00000000.
06-23 12:21:50.398 D/nativeloader( 5391): Configuring clns-7 for other apk /system/framework/org.apache.http.legacy.jar. target_sdk_version=33, uses_libraries=ALL, library_path=/product/priv-app/PrebuiltGmsCore/lib/x86_64:/product/priv-app/PrebuiltGmsCore/PrebuiltGmsCore.apk!/lib/x86_64, permitted_path=/data:/mnt/expand:/data/user/0/com.google.android.gms
06-23 12:21:50.409 I/Choreographer( 5391): Skipped 76 frames!  The application may be doing too much work on its main thread.
06-23 12:21:50.426 D/CoreBackPreview(  562): Window{32dd8a u0 com.uptodown/com.uptodown.activities.MainActivity}: Setting back callback OnBackInvokedCallbackInfo{mCallback=android.window.IOnBackInvokedCallback$Stub$Proxy@82b6278, mPriority=0, mIsAnimationCallback=false}
06-23 12:21:50.463 I/AiAiEcho( 1386): AppFetcherImpl onPackageChanged com.uptodown.
06-23 12:21:50.471 I/AiAiEcho( 1386): AppIndexer Package:[com.uptodown] UserProfile:[0] Enabled:[true].
06-23 12:21:50.471 I/AiAiEcho( 1386): AppFetcherImplV2 updateApps package:[com.uptodown], userId:[0], reason:[package is updated.].
06-23 12:21:50.581 D/nativeloader( 5391): Configuring clns-8 for other apk /system/framework/com.android.media.remotedisplay.jar. target_sdk_version=33, uses_libraries=ALL, library_path=/product/priv-app/PrebuiltGmsCore/lib/x86_64:/product/priv-app/PrebuiltGmsCore/PrebuiltGmsCore.apk!/lib/x86_64, permitted_path=/data:/mnt/expand:/data/user/0/com.google.android.gms
06-23 12:21:50.587 I/FA      ( 5391): Tag Manager is not found and thus will not be used
06-23 12:21:50.604 W/ServiceManagerCppClient(  445): Permission failure: android.permission.ROTATE_SURFACE_FLINGER from uid=10190 pid=0
06-23 12:21:50.605 D/PermissionCache(  445): checking android.permission.ROTATE_SURFACE_FLINGER for uid=10190 => denied (1162 us)
06-23 12:21:50.606 W/ServiceManagerCppClient(  445): Permission failure: android.permission.INTERNAL_SYSTEM_WINDOW from uid=10190 pid=0
06-23 12:21:50.606 D/PermissionCache(  445): checking android.permission.INTERNAL_SYSTEM_WINDOW for uid=10190 => denied (1835 us)
06-23 12:21:50.611 W/ServiceManagerCppClient(  445): Permission failure: android.permission.ACCESS_SURFACE_FLINGER from uid=10190 pid=5391
06-23 12:21:50.611 D/PermissionCache(  445): checking android.permission.ACCESS_SURFACE_FLINGER for uid=10190 => denied (3704 us)
06-23 12:21:50.619 W/ServiceManagerCppClient(  445): Permission failure: android.permission.ACCESS_SURFACE_FLINGER from uid=10190 pid=0
06-23 12:21:50.619 D/PermissionCache(  445): checking android.permission.ACCESS_SURFACE_FLINGER for uid=10190 => denied (12658 us)
06-23 12:21:50.620 D/nativeloader( 5391): Configuring clns-9 for other apk /system/framework/com.android.location.provider.jar. target_sdk_version=33, uses_libraries=ALL, library_path=/product/priv-app/PrebuiltGmsCore/lib/x86_64:/product/priv-app/PrebuiltGmsCore/PrebuiltGmsCore.apk!/lib/x86_64, permitted_path=/data:/mnt/expand:/data/user/0/com.google.android.gms
06-23 12:21:50.697 E/com.uptodown( 5391): Invalid resource ID 0x00000000.
06-23 12:21:50.707 W/RecyclerView( 5391): No adapter attached; skipping layout
06-23 12:21:50.723 W/OpenGLRenderer( 5391): Failed to choose config with EGL_SWAP_BEHAVIOR_PRESERVED, retrying without...
06-23 12:21:50.724 W/OpenGLRenderer( 5391): Failed to initialize 101010-2 format, error = EGL_SUCCESS
06-23 12:21:50.724 D/ApplicationLoaders( 5391): Returning zygote-cached class loader: /system_ext/framework/androidx.window.extensions.jar
06-23 12:21:50.724 D/ApplicationLoaders( 5391): Returning zygote-cached class loader: /system_ext/framework/androidx.window.sidecar.jar
06-23 12:21:50.739 W/RecyclerView( 5391): No adapter attached; skipping layout
06-23 12:21:50.747 W/RecyclerView( 5391): No adapter attached; skipping layout
06-23 12:21:50.752 D/TrafficStats( 5391): tagSocket(133) with statsTag=0xffffffff, statsUid=-1
06-23 12:21:50.764 D/TrafficStats( 5391): tagSocket(132) with statsTag=0xffffffff, statsUid=-1
06-23 12:21:50.776 D/TrafficStats( 5391): tagSocket(139) with statsTag=0xffffffff, statsUid=-1
06-23 12:21:50.779 I/Fitness ( 2923): (REDACTED) OnPackageChangedOperation got intent: %s
06-23 12:21:50.796 D/TrafficStats( 5391): tagSocket(136) with statsTag=0xffffffff, statsUid=-1
06-23 12:21:50.798 D/CompatibilityChangeReporter(  562): Compat change id reported: 161252188; UID 10190; state: DISABLED
06-23 12:21:50.800 D/TrafficStats( 5391): tagSocket(140) with statsTag=0xffffffff, statsUid=-1
06-23 12:21:50.819 E/com.uptodown( 5391): Invalid resource ID 0x00000000.
06-23 12:21:50.832 D/nativeloader( 5391): InitLlndkLibrariesProduct: libEGL.so:libGLESv1_CM.so:libGLESv2.so:libGLESv3.so:libRS.so:libandroid_net.so:libbinder_ndk.so:libc.so:libcgrouprc.so:libclang_rt.asan-x86_64-android.so:libcom.android.tethering.connectivity_native.so:libdl.so:libft2.so:liblog.so:libm.so:libmediandk.so:libnativewindow.so:libneuralnetworks.so:libselinux.so:libsync.so:libvndksupport.so:libvulkan.so
06-23 12:21:50.837 D/nativeloader( 5391): Configuring product-clns-10 for unbundled product apk /product/priv-app/PrebuiltGmsCore/PrebuiltGmsCore.apk. target_sdk_version=33, uses_libraries=, library_path=/product/priv-app/PrebuiltGmsCore/lib/x86_64:/product/priv-app/PrebuiltGmsCore/PrebuiltGmsCore.apk!/lib/x86_64:/product/lib64:/system/product/lib64, permitted_path=/data:/mnt/expand:/data/user/0/com.google.android.gms:/product/lib64:/system/product/lib64
06-23 12:21:50.874 E/TaskPersister(  562): File error accessing recents directory (directory doesn't exist?).
06-23 12:21:50.884 D/nativeloader( 5391): InitVndkspLibrariesProduct: android.hardware.common-V2-ndk.so:android.hardware.common.fmq-V1-ndk.so:android.hardware.graphics.allocator-V2-ndk.so:android.hardware.graphics.common-V4-ndk.so:android.hardware.graphics.common@1.0.so:android.hardware.graphics.common@1.1.so:android.hardware.graphics.common@1.2.so:android.hardware.graphics.composer3-V1-ndk.so:android.hardware.graphics.mapper@2.0.so:android.hardware.graphics.mapper@2.1.so:android.hardware.graphics.mapper@3.0.so:android.hardware.graphics.mapper@4.0.so:android.hardware.renderscript@1.0.so:android.hidl.memory.token@1.0.so:android.hidl.memory@1.0-impl.so:android.hidl.memory@1.0.so:android.hidl.safe_union@1.0.so:libRSCpuRef.so:libRSDriver.so:libRS_internal.so:libbase.so:libbcinfo.so:libblas.so:libc++.so:libcompiler_rt.so:libcutils.so:libdmabufheap.so:libgralloctypes.so:libhardware.so:libhidlbase.so:libhidlmemory.so:libion.so:libjsoncpp.so:liblzma.so:libprocessgroup.so:libunwindstack.so:libutils.so:libutilscallstack.so:libz.so
06-23 12:21:50.894 D/EGL_emulation( 1017): app_time_stats: avg=599.38ms min=11.25ms max=2342.25ms count=4
06-23 12:21:50.907 I/serviceDiscovery(  562): [MdnsAdvertiser.wlan0] Probing finished for service 2
06-23 12:21:51.013 W/ProviderInstaller( 5391): Failed to report request stats: java.lang.NoSuchMethodException: com.google.android.gms.common.security.ProviderInstallerImpl.reportRequestStats2 [class android.content.Context, long, long]
06-23 12:21:51.051 I/Fitness ( 2923): (REDACTED) FitCleanupIntentOperation received Intent %s
06-23 12:21:51.074 W/RecyclerView( 5391): No adapter attached; skipping layout
06-23 12:21:51.091 E/com.uptodown( 5391): Invalid resource ID 0x00000000.
06-23 12:21:51.096 I/hwservicemanager(  186): getTransport: Cannot find entry android.hardware.graphics.mapper@4.0::IMapper/default in either framework or device VINTF manifest.
06-23 12:21:51.096 I/Gralloc4( 5391): mapper 4.x is not supported
06-23 12:21:51.139 W/ChimeraUtils( 2923): Module com.google.android.gms.nearby_en missing resource null(0)
06-23 12:21:51.151 V/NativeCrypto( 5391): Registering com/google/android/gms/org/conscrypt/NativeCrypto's 295 native methods...
06-23 12:21:51.202 E/OpenGLRenderer( 5391): Unable to match the desired swap behavior.
06-23 12:21:51.204 W/ChimeraUtils( 2923): Module com.google.android.gms.nearby_en missing resource null(0)
06-23 12:21:51.219 I/Icing   ( 1767): Indexing com.google.android.gms-apps from com.google.android.gms
06-23 12:21:51.263 I/Icing   ( 1767): Indexing done com.google.android.gms-apps
06-23 12:21:51.339 E/com.uptodown( 5391): Invalid resource ID 0x00000000.
06-23 12:21:51.357 I/ProviderInstaller( 5391): Installed default security provider GmsCore_OpenSSL
06-23 12:21:51.360 D/TrafficStats( 5391): tagSocket(77) with statsTag=0xffffffff, statsUid=-1
06-23 12:21:51.395 W/ProcessStats(  562): Tracking association SourceState{36e8d25 com.uptodown/10190 BTop #3822} whose proc state 2 is better than process ProcessState{f921957 com.google.android.gms/10127 pkg=com.google.android.gms} proc state 4 (1108 skipped)
06-23 12:21:51.406 W/ServiceManagerCppClient(  562): Permission failure: android.permission.ROTATE_SURFACE_FLINGER from uid=10190 pid=0
06-23 12:21:51.406 D/PermissionCache(  562): checking android.permission.ROTATE_SURFACE_FLINGER for uid=10190 => denied (511 us)
06-23 12:21:51.406 W/ServiceManagerCppClient(  562): Permission failure: android.permission.INTERNAL_SYSTEM_WINDOW from uid=10190 pid=0
06-23 12:21:51.406 D/PermissionCache(  562): checking android.permission.INTERNAL_SYSTEM_WINDOW for uid=10190 => denied (155 us)
06-23 12:21:51.406 W/ServiceManagerCppClient(  562): Permission failure: android.permission.ACCESS_SURFACE_FLINGER from uid=10190 pid=0
06-23 12:21:51.406 D/PermissionCache(  562): checking android.permission.ACCESS_SURFACE_FLINGER for uid=10190 => denied (106 us)
06-23 12:21:51.410 D/OomAdjuster(  562): Not killing cached processes
06-23 12:21:51.414 D/WM-WorkerWrapper( 5391): Starting work for com.uptodown.workers.DeviceStatusWorker
06-23 12:21:51.417 D/WM-WorkerWrapper( 5391): Starting work for com.uptodown.workers.SearchApksWorker
06-23 12:21:51.421 D/WM-WorkerWrapper( 5391): Starting work for com.uptodown.workers.TrackingWorker
06-23 12:21:51.423 V/WindowManagerShell(  783): onTransitionReady android.os.BinderProxy@9f1732d: {id=4 t=OPEN f=0x0 trk=0 r=[0@Point(0, 0)] c=[{WCT{android.window.IWindowContainerToken$Stub$Proxy@dc86e4f} m=OPEN f=NONE leash=Surface(name=Task=7)/@0xc48a2b0 sb=Rect(0, 0 - 1080, 2400) eb=Rect(0, 0 - 1080, 2400) d=0},{WCT{android.window.IWindowContainerToken$Stub$Proxy@d39dc} m=TO_BACK f=SHOW_WALLPAPER leash=Surface(name=Task=1)/@0x9f1529 sb=Rect(0, 0 - 1080, 2400) eb=Rect(0, 0 - 1080, 2400) d=0}]}
06-23 12:21:51.424 V/WindowManagerShell(  783): Playing animation for (#4)android.os.BinderProxy@9f1732d@0
06-23 12:21:51.427 V/WindowManagerShell(  783):  try handler com.android.wm.shell.transition.DefaultMixedHandler@2e16f0b
06-23 12:21:51.427 V/WindowManagerShell(  783):  try handler com.android.wm.shell.keyguard.KeyguardTransitionHandler@753d1e8
06-23 12:21:51.428 V/WindowManagerShell(  783):  try handler com.android.wm.shell.activityembedding.ActivityEmbeddingController@a154001
06-23 12:21:51.428 V/WindowManagerShell(  783):  try handler com.android.wm.shell.recents.RecentsTransitionHandler@652bea6
06-23 12:21:51.428 V/ShellRecents(  783): RecentsTransitionHandler.startAnimation: no controller found
06-23 12:21:51.428 V/WindowManagerShell(  783):  try handler com.android.wm.shell.pip.PipTransition@1b5f0e7
06-23 12:21:51.428 V/WindowManagerShell(  783):  try handler com.android.wm.shell.splitscreen.StageCoordinator@3882494
06-23 12:21:51.428 V/WindowManagerShell(  783):  try handler com.android.wm.shell.transition.RemoteTransitionHandler@a94db3d
06-23 12:21:51.428 V/WindowManagerShell(  783): Transition doesn't have explicit remote, search filters for match for {id=4 t=OPEN f=0x0 trk=0 r=[0@Point(0, 0)] c=[{WCT{android.window.IWindowContainerToken$Stub$Proxy@dc86e4f} m=OPEN f=NONE leash=Surface(name=Task=7)/@0xc48a2b0 sb=Rect(0, 0 - 1080, 2400) eb=Rect(0, 0 - 1080, 2400) d=0},{WCT{android.window.IWindowContainerToken$Stub$Proxy@d39dc} m=TO_BACK f=SHOW_WALLPAPER leash=Surface(name=Task=1)/@0x9f1529 sb=Rect(0, 0 - 1080, 2400) eb=Rect(0, 0 - 1080, 2400) d=0}]}
06-23 12:21:51.429 V/WindowManagerShell(  783):  Checking filter Pair{{types=[] flags=0x0] notFlags=0x0 checks=[{atype=dream independent=true modes=[OPEN,TO_FRONT] flags=NONE mustBeTask=false order=ANY topActivity=null},{atype=home independent=true modes=[CLOSE,TO_BACK] flags=NONE mustBeTask=false order=ANY topActivity=null}]} RemoteTransition { remoteTransition = android.window.IRemoteTransition$Stub$Proxy@96adae5, appThread = android.app.IApplicationThread$Stub$Proxy@34f29ba, debugName = LauncherToDream }}
06-23 12:21:51.429 V/WindowManagerShell(  783):  Checking filter Pair{{types=[] flags=0x0] notFlags=0x100 checks=[{atype=home independent=true modes=[OPEN,TO_FRONT] flags=NONE mustBeTask=false order=TOP topActivity=ComponentInfo{com.google.android.apps.nexuslauncher/com.google.android.apps.nexuslauncher.NexusLauncherActivity}},{atype=standard independent=true modes=[CLOSE,TO_BACK] flags=NONE mustBeTask=false order=ANY topActivity=null}]} RemoteTransition { remoteTransition = android.window.IRemoteTransition$Stub$Proxy@747a06b, appThread = android.app.IApplicationThread$Stub$Proxy@a2217c8, debugName = QuickstepLaunchHome }}
06-23 12:21:51.430 V/WindowManagerShell(  783):  Delegate animation for #4 to null
06-23 12:21:51.430 V/WindowManagerShell(  783):  try handler com.android.wm.shell.transition.DefaultTransitionHandler@a5c1f32
06-23 12:21:51.430 V/WindowManagerShell(  783): start default transition animation, info = {id=4 t=OPEN f=0x0 trk=0 r=[0@Point(0, 0)] c=[{WCT{android.window.IWindowContainerToken$Stub$Proxy@dc86e4f} m=OPEN f=NONE leash=Surface(name=Task=7)/@0xc48a2b0 sb=Rect(0, 0 - 1080, 2400) eb=Rect(0, 0 - 1080, 2400) d=0},{WCT{android.window.IWindowContainerToken$Stub$Proxy@d39dc} m=TO_BACK f=SHOW_WALLPAPER leash=Surface(name=Task=1)/@0x9f1529 sb=Rect(0, 0 - 1080, 2400) eb=Rect(0, 0 - 1080, 2400) d=0}]}
06-23 12:21:51.435 I/OpenGLRenderer( 5391): Davey! duration=2276ms; Flags=1, FrameTimelineVsyncId=11542, IntendedVsync=296054394834, Vsync=297321061298, InputEventId=0, HandleInputStart=297337360400, AnimationStart=297337432200, PerformTraversalsStart=297338454300, DrawStart=298131626700, FrameDeadline=296071061500, FrameInterval=297335973300, FrameStartTime=16666664, SyncQueued=298167437400, SyncStart=298175584400, IssueDrawCommandsStart=298200907600, SwapBuffers=298323633700, FrameCompleted=298338763700, DequeueBufferDuration=163000, QueueBufferDuration=800400, GpuCompleted=298338763700, SwapBuffersCompleted=298329344600, DisplayPresentTime=-3407588025072168812, CommandSubmissionCompleted=298323633700, 
06-23 12:21:51.436 I/Choreographer( 5391): Skipped 60 frames!  The application may be doing too much work on its main thread.
06-23 12:21:51.443 W/com.uptodown( 5391): Accessing hidden method Landroid/os/storage/StorageVolume;->getPath()Ljava/lang/String; (max-target-q,test-api, reflection, denied)
06-23 12:21:51.443 W/com.uptodown( 5391): If this is a platform test consider enabling VMRuntime.ALLOW_TEST_API_ACCESS change id for this package.
06-23 12:21:51.447 V/WindowManagerShell(  783): loadAnimation: anim=android.view.animation.AnimationSet@b24e874 animAttr=0x13 type=OPEN isEntrance=false
06-23 12:21:51.451 V/WindowManagerShell(  783): loadAnimation: anim=android.view.animation.AnimationSet@de217e0 animAttr=0x12 type=OPEN isEntrance=true
06-23 12:21:51.453 V/WindowManagerShell(  783):  animated by com.android.wm.shell.transition.DefaultTransitionHandler@a5c1f32
06-23 12:21:51.486 W/com.uptodown( 5391): Accessing hidden method Landroid/os/storage/StorageVolume;->getPath()Ljava/lang/String; (max-target-q,test-api, reflection, denied)
06-23 12:21:51.486 W/com.uptodown( 5391): If this is a platform test consider enabling VMRuntime.ALLOW_TEST_API_ACCESS change id for this package.
06-23 12:21:51.492 D/CompatibilityChangeReporter(  562): Compat change id reported: 265464455; UID 1000; state: DISABLED
06-23 12:21:51.492 D/EGL_emulation(  783): app_time_stats: avg=1136.70ms min=1136.70ms max=1136.70ms count=1
06-23 12:21:51.492 D/CompatibilityChangeReporter(  562): Compat change id reported: 265452344; UID 1000; state: DISABLED
06-23 12:21:51.494 D/CompatibilityChangeReporter(  562): Compat change id reported: 266124927; UID 1000; state: DISABLED
06-23 12:21:51.495 D/CompatibilityChangeReporter(  562): Compat change id reported: 265451093; UID 1000; state: DISABLED
06-23 12:21:51.495 D/CompatibilityChangeReporter(  562): Compat change id reported: 265456536; UID 1000; state: DISABLED
06-23 12:21:51.528 I/OpenGLRenderer( 5391): Davey! duration=1058ms; Flags=0, FrameTimelineVsyncId=11586, IntendedVsync=297354383728, Vsync=298354383688, InputEventId=0, HandleInputStart=298368298800, AnimationStart=298368345900, PerformTraversalsStart=298375062000, DrawStart=298375442000, FrameDeadline=298371061132, FrameInterval=298363746000, FrameStartTime=16666666, SyncQueued=298375935100, SyncStart=298386559600, IssueDrawCommandsStart=298387260900, SwapBuffers=298389625700, FrameCompleted=298423998300, DequeueBufferDuration=57000, QueueBufferDuration=524500, GpuCompleted=298423998300, SwapBuffersCompleted=298397778700, DisplayPresentTime=-8371766395530998831, CommandSubmissionCompleted=298389625700, 
06-23 12:21:51.512 I/ActivityTaskManager(  562): Displayed com.uptodown/.activities.MainActivity for user 0: +3s977ms
06-23 12:21:51.539 D/CompatibilityChangeReporter(  562): Compat change id reported: 255940284; UID 1000; state: DISABLED
06-23 12:21:51.540 W/Looper  (  562): Slow dispatch took 122ms android.fg h=android.os.Handler c=com.android.server.wm.ActivityMetricsLogger$$ExternalSyntheticLambda0@646029e m=0
06-23 12:21:51.542 D/CompatibilityChangeReporter(  562): Compat change id reported: 236283604; UID 1000; state: DISABLED
06-23 12:21:51.543 D/CompatibilityChangeReporter(  562): Compat change id reported: 263959004; UID 1000; state: DISABLED
06-23 12:21:51.544 D/CompatibilityChangeReporter(  562): Compat change id reported: 264304459; UID 1000; state: DISABLED
06-23 12:21:51.545 D/CompatibilityChangeReporter(  562): Compat change id reported: 264301586; UID 1000; state: DISABLED
06-23 12:21:51.546 V/WindowManager(  562): Sent Transition #4 createdAt=06-23 12:21:47.653 via request=TransitionRequestInfo { type = OPEN, triggerTask = TaskInfo{userId=0 taskId=7 displayId=0 isRunning=true baseIntent=Intent { act=android.intent.action.MAIN cat=[android.intent.category.LAUNCHER] flg=0x10200000 cmp=com.uptodown/.activities.MainActivity } baseActivity=ComponentInfo{com.uptodown/com.uptodown.activities.MainActivity} topActivity=ComponentInfo{com.uptodown/com.uptodown.activities.MainActivity} origActivity=null realActivity=ComponentInfo{com.uptodown/com.uptodown.activities.MainActivity} numActivities=1 lastActiveTime=294746 supportsMultiWindow=true resizeMode=2 isResizeable=true minWidth=-1 minHeight=-1 defaultMinSize=220 token=WCT{RemoteToken{4cf717f Task{ec9072 #7 type=standard A=10190:com.uptodown}}} topActivityType=1 pictureInPictureParams=null shouldDockBigOverlays=false launchIntoPipHostTaskId=-1 lastParentTaskIdBeforePip=-1 displayCutoutSafeInsets=null topActivityInfo=ActivityInfo{822354c com.uptodown.activities.MainActivity} launchCookies=[] positionInParent=Point(0, 0) parentTaskId=-1 isFocused=false isVisible=false isVisibleRequested=false isSleeping=false topActivityInSizeCompat=false topActivityEligibleForLetterboxEducation= false topActivityLetterboxed= false isFromDoubleTap= false topActivityLetterboxVerticalPosition= -1 topActivityLetterboxHorizontalPosition= -1 topActivityLetterboxWidth=-1 topActivityLetterboxHeight=-1 locusId=null displayAreaFeatureId=1 cameraCompatControlState=hidden}, remoteTransition = null, displayChange = null }
06-23 12:21:51.546 V/WindowManager(  562):     startWCT=WindowContainerTransaction { changes = {} hops = [] errorCallbackToken=null taskFragmentOrganizer=null }
06-23 12:21:51.546 V/WindowManager(  562):     info={id=4 t=OPEN f=0x0 trk=0 r=[0@Point(0, 0)] c=[{WCT{RemoteToken{4cf717f Task{ec9072 #7 type=standard A=10190:com.uptodown}}} m=OPEN f=NONE leash=Surface(name=Task=7)/@0x4b18efa sb=Rect(0, 0 - 1080, 2400) eb=Rect(0, 0 - 1080, 2400) d=0},{WCT{RemoteToken{7960995 Task{ff72e3b #1 type=home}}} m=TO_BACK f=SHOW_WALLPAPER leash=Surface(name=Task=1)/@0x84ebe86 sb=Rect(0, 0 - 1080, 2400) eb=Rect(0, 0 - 1080, 2400) d=0}]}
06-23 12:21:51.550 D/CompatibilityChangeReporter(  562): Compat change id reported: 254631730; UID 1000; state: DISABLED
06-23 12:21:51.551 D/CompatibilityChangeReporter(  562): Compat change id reported: 273509367; UID 1000; state: DISABLED
06-23 12:21:51.551 D/CompatibilityChangeReporter(  562): Compat change id reported: 263259275; UID 1000; state: DISABLED
06-23 12:21:51.553 D/CompatibilityChangeReporter(  562): Compat change id reported: 174042980; UID 1000; state: DISABLED
06-23 12:21:51.574 D/CompatibilityChangeReporter(  562): Compat change id reported: 174042936; UID 1000; state: DISABLED
06-23 12:21:51.575 D/CompatibilityChangeReporter(  562): Compat change id reported: 181136395; UID 1000; state: DISABLED
06-23 12:21:51.580 I/FontLog ( 2923): (REDACTED) Received query %s, URI %s
06-23 12:21:51.580 I/FontLog ( 2923): (REDACTED) Query [%s] resolved to %s
06-23 12:21:51.620 I/FontLog ( 2923): (REDACTED) Fetch %s end status %s
06-23 12:21:51.637 I/FontLog ( 2923): (REDACTED) Pulling font file for id = %d, cache size = %d
06-23 12:21:51.682 I/FontLog ( 2923): (REDACTED) Pulling font file for id = %d, cache size = %d
06-23 12:21:51.707 D/TrafficStats( 5391): tagSocket(166) with statsTag=0xffffffff, statsUid=-1
06-23 12:21:51.752 V/WindowManagerShell(  783): Transition animation finished (aborted=false), notifying core (#4)android.os.BinderProxy@9f1732d@0
06-23 12:21:51.804 D/BufferPoolAccessor2.0(  499): evictor expired: 1, evicted: 0
06-23 12:21:51.846 E/com.uptodown( 5391): Invalid resource ID 0x00000000.
06-23 12:21:52.029 E/com.uptodown( 5391): Invalid resource ID 0x00000000.
06-23 12:21:52.036 W/InputDispatcher(  562): Dispatching key to 32dd8a com.uptodown/com.uptodown.activities.MainActivity even though there are other unprocessed events
06-23 12:21:52.076 D/NetworkStatsObservers(  562): Unregistering RequestInfo from pid/uid:562/1000(android) for DataUsageRequest [ requestId=10, networkTemplate=NetworkTemplate: matchRule=MOBILE, matchSubscriberIds=[310260...], matchWifiNetworkKeys=[], metered=YES, defaultNetwork=NO, thresholdInBytes=3675884 ] accessLevel:3
06-23 12:21:52.079 E/com.uptodown( 5391): Invalid resource ID 0x00000000.
06-23 12:21:52.081 D/NetworkStatsObservers(  562): Registering observer for RequestInfo from pid/uid:562/1000(android) for DataUsageRequest [ requestId=11, networkTemplate=NetworkTemplate: matchRule=MOBILE, matchSubscriberIds=[310260...], matchWifiNetworkKeys=[], metered=YES, defaultNetwork=NO, thresholdInBytes=3675237 ] accessLevel:3
06-23 12:21:52.088 D/PickerSyncController( 1357): syncAllMedia
06-23 12:21:52.088 D/PickerSyncController( 1357): syncAllMediaFromProvider() LOCAL, auth=com.android.providers.media.photopicker, retry=true
06-23 12:21:52.088 D/PickerSyncController( 1357): getSyncRequestParams() LOCAL, auth=com.android.providers.media.photopicker
06-23 12:21:52.102 D/PickerSyncController( 1357):    Latest ID/Gen=1407:f472a090-5a5d-46d3-99c7-142a96c82cd3:0000-0000:external_primary/152
06-23 12:21:52.102 D/PickerSyncController( 1357):    Cached ID/Gen=1407:f472a090-5a5d-46d3-99c7-142a96c82cd3:0000-0000:external_primary/134
06-23 12:21:52.109 D/TrafficStats( 2923): tagSocket(72) with statsTag=0x407, statsUid=-1
06-23 12:21:52.111 D/PickerSyncController( 1357):    RESULT=SyncRequestParams{type=MEDIA_INCREMENTAL, gen=134, latest=Bundle[{last_media_sync_generation=152, media_collection_id=1407:f472a090-5a5d-46d3-99c7-142a96c82cd3:0000-0000:external_primary}]}
06-23 12:21:52.111 I/PickerSyncController( 1357): Executing SyncAdd. isLocal: true. authority: com.android.providers.media.photopicker
06-23 12:21:52.179 I/PickerSyncController( 1357): Paged sync successful. QueryArgs: Bundle[{android.provider.extra.SYNC_GENERATION=134}]. Result count: 0. Cursor count: 0
06-23 12:21:52.182 I/PickerSyncController( 1357): Executing SyncRemove. isLocal: true. authority: com.android.providers.media.photopicker
06-23 12:21:52.236 W/PickerDbFacade( 1357): Unable to promote cloud media with localId: 1000000037
06-23 12:21:52.238 I/PickerSyncController( 1357): Paged sync successful. QueryArgs: Bundle[{android.provider.extra.SYNC_GENERATION=134}]. Result count: 0. Cursor count: 1
06-23 12:21:52.242 D/PickerSyncController( 1357): syncAllMediaFromProvider() CLOUD, auth=null, retry=true
06-23 12:21:52.242 D/PickerSyncController( 1357): getSyncRequestParams() CLOUD, auth=null
06-23 12:21:52.242 D/PickerSyncController( 1357):    RESULT=SyncRequestParams{type=MEDIA_RESET, gen=0, latest=null}
06-23 12:21:52.242 I/PickerSyncController( 1357): Executing SyncReset. isLocal: false. authority: null
06-23 12:21:52.255 I/PickerSyncController( 1357): SyncReset. isLocal:false. authority: null. result count: 0
06-23 12:21:52.256 D/PickerSyncController( 1357): Ignoring cache media info for null authority with bundle: null
06-23 12:21:52.256 I/PickerSyncController( 1357): Executing SyncAlbumReset. isLocal: true. authority: com.android.providers.media.photopicker. albumId: null
06-23 12:21:52.272 I/PickerSyncController( 1357): Successfully executed SyncResetAlbum. authority: com.android.providers.media.photopicker. albumId: null. Result count: 0
06-23 12:21:52.272 I/PickerSyncController( 1357): Executing SyncAlbumReset. isLocal: false. authority: null. albumId: null
06-23 12:21:52.274 E/com.uptodown( 5391): Invalid resource ID 0x00000000.
06-23 12:21:52.301 D/BufferPoolAccessor2.0(  506): bufferpool2 0x7c710a2410c8 : 2(7776000 size) total buffers - 1(3888000 size) used buffers - 12/14 (recycle/alloc) - 2/13 (fetch/transfer)
06-23 12:21:52.316 D/TrafficStats( 2923): tagSocket(217) with statsTag=0x407, statsUid=-1
06-23 12:21:52.326 I/PickerSyncController( 1357): Successfully executed SyncResetAlbum. authority: null. albumId: null. Result count: 0
06-23 12:21:52.396 I/keystore2(  201): system/security/keystore2/src/watchdog.rs:319 - Watchdog thread idle -> terminating. Have a great day.
06-23 12:21:52.509 I/FuseDaemon( 1357): Background young concurrent copying GC freed 38985(2076KB) AllocSpace objects, 3(124KB) LOS objects, 37% free, 3438KB/5504KB, paused 36.980ms,396us total 163.457ms
06-23 12:21:52.510 D/CompatibilityChangeReporter(  562): Compat change id reported: 194480991; UID 1000; state: ENABLED
06-23 12:21:52.533 E/Transition(  562): Trying to add a ready-group twice: Display{#0 state=ON size=1080x2400 ROTATION_0}
06-23 12:21:52.534 I/ActivityTaskManager(  562): START u0 {act=android.settings.MANAGE_APP_ALL_FILES_ACCESS_PERMISSION dat=package: cmp=com.android.settings/.Settings$AppManageExternalStorageActivity} with LAUNCH_MULTIPLE from uid 10190 (BAL_ALLOW_VISIBLE_WINDOW) result code=0
06-23 12:21:52.541 D/CompatibilityChangeReporter(  562): Compat change id reported: 214016041; UID 10190; state: ENABLED
06-23 12:21:52.542 I/ImeTracker(  562): com.uptodown:1c94599e: onRequestHide at ORIGIN_SERVER_HIDE_INPUT reason HIDE_UNSPECIFIED_WINDOW
06-23 12:21:52.542 I/ImeTracker(  562): com.uptodown:1c94599e: onCancelled at PHASE_SERVER_SHOULD_HIDE
06-23 12:21:52.543 V/WindowManager(  562): Finish Transition #4: created at 06-23 12:21:47.653 collect-started=0.128ms request-sent=166.23ms started=225.877ms ready=519.274ms sent=3761.344ms finished=4886.468ms
06-23 12:21:52.547 V/WindowManagerShell(  783): Track 0 became idle
06-23 12:21:52.547 V/WindowManagerShell(  783): All active transition animations finished
06-23 12:21:52.587 D/WM-SystemJobService( 5391): onStartJob for WorkGenerationalId(workSpecId=8a41b2b6-7316-4824-884e-105df04a28ae, generation=0)
06-23 12:21:52.601 D/WM-SystemJobService( 5391): onStartJob for WorkGenerationalId(workSpecId=5bb7d9d3-8275-4d4c-8bcf-70b338bedd8c, generation=0)
06-23 12:21:52.603 D/WM-SystemJobService( 5391): onStartJob for WorkGenerationalId(workSpecId=fb8a4669-0169-4fd9-bd06-5998200b99f1, generation=0)
06-23 12:21:52.618 V/WindowManagerShell(  783): Transition requested: android.os.BinderProxy@b80d20c TransitionRequestInfo { type = OPEN, triggerTask = TaskInfo{userId=0 taskId=7 displayId=0 isRunning=true baseIntent=Intent { act=android.intent.action.MAIN cat=[android.intent.category.LAUNCHER] flg=0x10200000 cmp=com.uptodown/.activities.MainActivity } baseActivity=ComponentInfo{com.uptodown/com.uptodown.activities.MainActivity} topActivity=ComponentInfo{com.android.settings/com.android.settings.Settings$AppManageExternalStorageActivity} origActivity=null realActivity=ComponentInfo{com.uptodown/com.uptodown.activities.MainActivity} numActivities=2 lastActiveTime=299458 supportsMultiWindow=true resizeMode=2 isResizeable=true minWidth=-1 minHeight=-1 defaultMinSize=220 token=WCT{android.window.IWindowContainerToken$Stub$Proxy@7214755} topActivityType=1 pictureInPictureParams=null shouldDockBigOverlays=false launchIntoPipHostTaskId=-1 lastParentTaskIdBeforePip=-1 displayCutoutSafeInsets=null topActivityInfo=ActivityInfo{da5756a com.android.settings.Settings$AppManageExternalStorageActivity} launchCookies=[] positionInParent=Point(0, 0) parentTaskId=-1 isFocused=true isVisible=true isVisibleRequested=true isSleeping=false topActivityInSizeCompat=false topActivityEligibleForLetterboxEducation= false topActivityLetterboxed= false isFromDoubleTap= false topActivityLetterboxVerticalPosition= -1 topActivityLetterboxHorizontalPosition= -1 topActivityLetterboxWidth=-1 topActivityLetterboxHeight=-1 locusId=null displayAreaFeatureId=1 cameraCompatControlState=hidden}, remoteTransition = null, displayChange = null }
06-23 12:21:52.636 I/BpBinder(  445): onLastStrongRef automatically unlinking death recipients: 
06-23 12:21:52.642 D/TrafficStats( 5391): tagSocket(173) with statsTag=0xffffffff, statsUid=-1
06-23 12:21:52.644 D/TrafficStats( 2923): tagSocket(224) with statsTag=0x407, statsUid=-1
06-23 12:21:52.652 D/TrafficStats( 5391): tagSocket(169) with statsTag=0xffffffff, statsUid=-1
06-23 12:21:52.653 I/Choreographer( 5391): Skipped 72 frames!  The application may be doing too much work on its main thread.
06-23 12:21:52.654 D/TrafficStats( 5391): tagSocket(172) with statsTag=0xffffffff, statsUid=-1
06-23 12:21:52.659 D/WM-Processor( 5391): Work WorkGenerationalId(workSpecId=8a41b2b6-7316-4824-884e-105df04a28ae, generation=0) is already enqueued for processing
06-23 12:21:52.669 D/TrafficStats( 5391): tagSocket(174) with statsTag=0xffffffff, statsUid=-1
06-23 12:21:52.712 I/InputDispatcher(  562): Waiting because 32dd8a com.uptodown/com.uptodown.activities.MainActivity is paused
06-23 12:21:52.737 I/InputDispatcher(  562): Waiting because 32dd8a com.uptodown/com.uptodown.activities.MainActivity is paused
06-23 12:21:52.740 I/GoogleInputMethodService( 1292): GoogleInputMethodService.onFinishInput():3227 
06-23 12:21:52.743 D/FirebaseSessions( 5391): App backgrounded on com.uptodown
06-23 12:21:52.756 D/EGL_emulation( 5391): app_time_stats: avg=676.99ms min=65.77ms max=1288.21ms count=2
06-23 12:21:52.774 I/InputDispatcher(  562): Waiting because 32dd8a com.uptodown/com.uptodown.activities.MainActivity is paused
06-23 12:21:52.777 D/ActivityManager(  562): quick sync unfreeze 4956 for 1
06-23 12:21:52.814 D/WM-Processor( 5391): Work WorkGenerationalId(workSpecId=5bb7d9d3-8275-4d4c-8bcf-70b338bedd8c, generation=0) is already enqueued for processing
06-23 12:21:52.817 D/WM-Processor( 5391): Work WorkGenerationalId(workSpecId=fb8a4669-0169-4fd9-bd06-5998200b99f1, generation=0) is already enqueued for processing
06-23 12:21:52.842 D/ActivityManager(  562): sync unfroze 4956 com.android.settings for 1
06-23 12:21:52.858 I/OpenGLRenderer( 5391): Davey! duration=1303ms; Flags=0, FrameTimelineVsyncId=11657, IntendedVsync=298371050354, Vsync=299571050306, InputEventId=-264764520, HandleInputStart=299582267900, AnimationStart=299582456500, PerformTraversalsStart=299582573100, DrawStart=299583205700, FrameDeadline=298454383684, FrameInterval=299580172200, FrameStartTime=16666666, SyncQueued=299586127000, SyncStart=299643260900, IssueDrawCommandsStart=299643463600, SwapBuffers=299662845900, FrameCompleted=299731460300, DequeueBufferDuration=148300, QueueBufferDuration=3186700, GpuCompleted=299731460300, SwapBuffersCompleted=299704614500, DisplayPresentTime=-2265955061140758379, CommandSubmissionCompleted=299662845900, 
06-23 12:21:52.863 I/WM-WorkerWrapper( 5391): Worker result SUCCESS for Work [ id=8a41b2b6-7316-4824-884e-105df04a28ae, tags={ com.uptodown.workers.TrackingWorker,TrackingWorkerPeriodic } ]
06-23 12:21:52.871 W/InputDispatcher(  562): Waiting because no window has focus but ActivityRecord{bdd8c61 u0 com.android.settings/.Settings$AppManageExternalStorageActivity t7} may eventually add a window when it finishes starting up. Will wait for 5000ms
06-23 12:21:52.889 D/libEGL  ( 4956): loaded /vendor/lib64/egl/libEGL_emulation.so
06-23 12:21:52.922 D/libEGL  ( 4956): loaded /vendor/lib64/egl/libGLESv1_CM_emulation.so
06-23 12:21:52.926 I/GoogleInputMethodService( 1292): GoogleInputMethodService.updateDeviceLockedStatus():2087 repeatCheckTimes = 0, unlocked = true
06-23 12:21:52.927 I/GoogleInputMethodService( 1292): GoogleInputMethodService.onStartInput():1877 onStartInput(EditorInfo{inputType=0x0(NULL) imeOptions=0x0 privateImeOptions=null actionName=UNSPECIFIED actionLabel=null actionId=0 initialSelStart=-1 initialSelEnd=-1 initialCapsMode=0x0 hintText=null label=null packageName=com.uptodown fieldId=0 fieldName=null extras=null}, false)
06-23 12:21:52.927 I/GoogleInputMethodService( 1292): GoogleInputMethodService.shouldHideHeaderOnInitialState():4008 ShouldHideHeaderOnInitialState = false
06-23 12:21:52.929 I/GoogleInputMethodService( 1292): GoogleInputMethodService.updateDeviceLockedStatus():2087 repeatCheckTimes = 2, unlocked = true
06-23 12:21:52.953 D/libEGL  ( 4956): loaded /vendor/lib64/egl/libGLESv2_emulation.so
06-23 12:21:53.016 I/ndroid.settings( 4956): Background concurrent copying GC freed 4050(432KB) AllocSpace objects, 0(0B) LOS objects, 49% free, 2344KB/4688KB, paused 5.069ms,623us total 227.395ms
06-23 12:21:53.165 I/WM-WorkerWrapper( 5391): Worker result SUCCESS for Work [ id=5bb7d9d3-8275-4d4c-8bcf-70b338bedd8c, tags={ com.uptodown.workers.DeviceStatusWorker,DeviceStatusWorker } ]
06-23 12:21:53.202 I/ImeTracker( 1017): com.google.android.apps.nexuslauncher:6a0dfeab: onRequestHide at ORIGIN_CLIENT_HIDE_SOFT_INPUT reason HIDE_SOFT_INPUT
06-23 12:21:53.203 I/ImeTracker( 1017): com.google.android.apps.nexuslauncher:6a0dfeab: onFailed at PHASE_CLIENT_VIEW_SERVED
06-23 12:21:53.309 D/ActivityEmbeddingUtils( 4956): isEmbeddingActivityEnabled = true
06-23 12:21:53.313 D/OneSearchSuggestProvider( 1017): Shut down the binder channel
06-23 12:21:53.336 I/IPCThreadState( 1017): oneway function results for code 2 on binder at 0x7bb5b2276520 will be dropped but finished with status UNKNOWN_TRANSACTION
06-23 12:21:53.587 D/CompatibilityChangeReporter( 4956): Compat change id reported: 210923482; UID 1000; state: ENABLED
06-23 12:21:53.588 D/SettingsActivity( 4956): Starting onCreate
06-23 12:21:53.663 E/com.uptodown( 5391): Invalid resource ID 0x00000000.
06-23 12:21:53.764 W/earchbox:search( 1598): Cleared Reference was only reachable from finalizer (only reported once)
06-23 12:21:53.799 I/ActivityTaskManager(  562): START u0 {cmp=com.android.settings/.spa.SpaActivity (has extras)} with LAUNCH_MULTIPLE from uid 1000 (BAL_ALLOW_ALLOWLISTED_UID) result code=0
06-23 12:21:53.839 D/SettingsActivity( 4956): MetricsCategory is 1822
06-23 12:21:53.863 W/InputDispatcher(  562): Waiting because no window has focus but ActivityRecord{932579 u0 com.android.settings/.spa.SpaActivity t7} may eventually add a window when it finishes starting up. Will wait for 5000ms
06-23 12:21:53.923 D/CompatibilityChangeReporter( 4956): Compat change id reported: 237531167; UID 1000; state: DISABLED
06-23 12:21:53.926 W/OpenGLRenderer( 4956): Unknown dataspace 0
06-23 12:21:53.934 D/CompatibilityChangeReporter(  562): Compat change id reported: 168419799; UID 1000; state: DISABLED
06-23 12:21:53.936 D/CompatibilityChangeReporter(  562): Compat change id reported: 273564678; UID 1000; state: DISABLED
06-23 12:21:53.949 D/CoreBackPreview(  562): Window{e2f0ab1 u0 com.android.settings/com.android.settings.spa.SpaActivity}: Setting back callback OnBackInvokedCallbackInfo{mCallback=android.window.IOnBackInvokedCallback$Stub$Proxy@797f317, mPriority=-1, mIsAnimationCallback=false}
06-23 12:21:53.976 D/EGL_emulation( 5391): app_time_stats: avg=67.66ms min=8.85ms max=243.28ms count=14
06-23 12:21:54.132 E/RoleControllerServiceImpl( 1270): Default/fallback role holder package doesn't qualify for the role, package: com.google.android.gms.supervision, role: android.app.role.SYSTEM_SUPERVISION
06-23 12:21:54.146 D/TrafficStats( 5391): tagSocket(135) with statsTag=0xffffffff, statsUid=-1
06-23 12:21:54.186 D/TrafficStats( 5391): tagSocket(147) with statsTag=0xffffffff, statsUid=-1
06-23 12:21:54.236 W/com.uptodown( 5391): Accessing hidden method Lcom/android/org/conscrypt/ConscryptEngineSocket;->setUseSessionTickets(Z)V (max-target-q,core-platform-api, reflection, denied)
06-23 12:21:54.236 W/ContentProviderHelper(  562): Slow operation: 59ms so far, now at getContentProviderImpl: after updateOomAdj
06-23 12:21:54.236 W/com.uptodown( 5391): Accessing hidden method Lcom/android/org/conscrypt/OpenSSLSocketImpl;->setUseSessionTickets(Z)V (max-target-q,core-platform-api, reflection, denied)
06-23 12:21:54.236 W/com.uptodown( 5391): Accessing hidden method Lcom/android/org/conscrypt/AbstractConscryptSocket;->setUseSessionTickets(Z)V (max-target-q, reflection, denied)
06-23 12:21:54.237 W/ContentProviderHelper(  562): Slow operation: 59ms so far, now at getContentProviderImpl: done!
06-23 12:21:54.237 W/com.uptodown( 5391): Accessing hidden method Lcom/android/org/conscrypt/ConscryptEngineSocket;->setHostname(Ljava/lang/String;)V (max-target-q,core-platform-api, reflection, denied)
06-23 12:21:54.237 W/com.uptodown( 5391): Accessing hidden method Lcom/android/org/conscrypt/OpenSSLSocketImpl;->setHostname(Ljava/lang/String;)V (max-target-q,core-platform-api, reflection, denied)
06-23 12:21:54.238 W/com.uptodown( 5391): Accessing hidden method Lcom/android/org/conscrypt/AbstractConscryptSocket;->setHostname(Ljava/lang/String;)V (max-target-q, reflection, denied)
06-23 12:21:54.238 W/com.uptodown( 5391): Accessing hidden method Lcom/android/org/conscrypt/OpenSSLSocketImpl;->setAlpnProtocols([B)V (max-target-q,core-platform-api, reflection, denied)
06-23 12:21:54.238 W/com.uptodown( 5391): Accessing hidden method Lcom/android/org/conscrypt/AbstractConscryptSocket;->setAlpnProtocols([B)V (max-target-q, reflection, denied)
06-23 12:21:54.239 I/Role    ( 1270): com.google.android.gms not qualified for android.app.role.SYSTEM_CALL_STREAMING due to missing RequiredComponent{mIntentFilterData=IntentFilterData{mAction='android.telecom.CallStreamingService', mCategories='[]', mDataScheme='null', mDataType='null'}, mMinTargetSdkVersion=1, mFlags='0', mPermission='android.permission.BIND_CALL_STREAMING_SERVICE', mQueryFlags=0, mMetaData=[]}
06-23 12:21:54.239 E/RoleControllerServiceImpl( 1270): Default/fallback role holder package doesn't qualify for the role, package: com.google.android.gms, role: android.app.role.SYSTEM_CALL_STREAMING
06-23 12:21:54.285 W/com.uptodown( 5391): Accessing hidden method Lcom/android/org/conscrypt/ConscryptEngineSocket;->setUseSessionTickets(Z)V (max-target-q,core-platform-api, reflection, denied)
06-23 12:21:54.285 W/com.uptodown( 5391): Accessing hidden method Lcom/android/org/conscrypt/OpenSSLSocketImpl;->setUseSessionTickets(Z)V (max-target-q,core-platform-api, reflection, denied)
06-23 12:21:54.285 W/com.uptodown( 5391): Accessing hidden method Lcom/android/org/conscrypt/AbstractConscryptSocket;->setUseSessionTickets(Z)V (max-target-q, reflection, denied)
06-23 12:21:54.286 W/com.uptodown( 5391): Accessing hidden method Lcom/android/org/conscrypt/ConscryptEngineSocket;->setHostname(Ljava/lang/String;)V (max-target-q,core-platform-api, reflection, denied)
06-23 12:21:54.286 W/com.uptodown( 5391): Accessing hidden method Lcom/android/org/conscrypt/OpenSSLSocketImpl;->setHostname(Ljava/lang/String;)V (max-target-q,core-platform-api, reflection, denied)
06-23 12:21:54.286 W/com.uptodown( 5391): Accessing hidden method Lcom/android/org/conscrypt/AbstractConscryptSocket;->setHostname(Ljava/lang/String;)V (max-target-q, reflection, denied)
06-23 12:21:54.286 W/com.uptodown( 5391): Accessing hidden method Lcom/android/org/conscrypt/OpenSSLSocketImpl;->setAlpnProtocols([B)V (max-target-q,core-platform-api, reflection, denied)
06-23 12:21:54.287 W/com.uptodown( 5391): Accessing hidden method Lcom/android/org/conscrypt/AbstractConscryptSocket;->setAlpnProtocols([B)V (max-target-q, reflection, denied)
06-23 12:21:54.294 D/CompatibilityChangeReporter(  562): Compat change id reported: 161252188; UID 10131; state: DISABLED
06-23 12:21:54.331 I/GMS_MM_Logger( 1767): Memory Metric Logging not allowed. Stopping.
06-23 12:21:54.348 W/Role    ( 1270): Default holder doesn't have required signing certificate: com.google.android.apps.work.clouddpc:23962F4B43B9857638EA66F4D419518EAE282491ACDA4B94707BD59003C45E58
