06-22 20:00:51.386 D/WindowManagerShell(  778): onActivityRestartAttempt: ComponentInfo{com.farsitel.bazaar/com.farsitel.bazaar.MainActivity}
06-22 20:00:51.409 V/MediaPlayerList(  920): onActiveSessionsChanged: number of controllers: 1
06-22 20:00:51.417 D/KeyguardViewMediator(  778): handleSetOccluded(false)
06-22 20:00:51.434 D/MediaPlayerList(  920): onActiveSessionsChanged: controller: com.google.android.googlequicksearchbox
06-22 20:00:51.434 V/MediaPlayerList(  920): onActiveSessionsChanged: number of controllers: 1
06-22 20:00:51.437 D/MediaPlayerList(  920): onActiveSessionsChanged: controller: com.google.android.googlequicksearchbox
06-22 20:00:51.437 V/MediaPlayerList(  920): onActiveSessionsChanged: number of controllers: 2
06-22 20:00:51.439 D/MediaPlayerList(  920): onActiveSessionsChanged: controller: com.google.android.googlequicksearchbox
06-22 20:00:51.442 D/MediaPlayerList(  920): onActiveSessionsChanged: controller: com.farsitel.bazaar
06-22 20:00:51.442 V/MediaPlayerList(  920): onActiveSessionsChanged: number of controllers: 2
06-22 20:00:51.444 D/MediaPlayerList(  920): onActiveSessionsChanged: controller: com.google.android.googlequicksearchbox
06-22 20:00:51.448 D/MediaPlayerList(  920): onActiveSessionsChanged: controller: com.farsitel.bazaar
06-22 20:00:51.468 E/SurfaceSyncGroup(  571): Failed to receive transaction ready in 1000ms. Marking SurfaceSyncGroup(wmsSync-VRI[bazaar]#0) as ready
06-22 20:00:51.469 E/SurfaceSyncGroup(  571): Failed to receive transaction ready in 1000ms. Marking SurfaceSyncGroup(VRI[bazaar]#1) as ready
06-22 20:00:51.491 D/BufferPoolAccessor2.0(  508): bufferpool2 0x7f8eb40d39a8 : 1(3888000 size) total buffers - 1(3888000 size) used buffers - 40/41 (recycle/alloc) - 1/41 (fetch/transfer)
06-22 20:00:51.510 W/JobScheduler(  571): Job didn't exist in JobStore: cee4025 {androidx.work.systemjobscheduler} #u0a190/1 @androidx.work.systemjobscheduler@com.farsitel.bazaar/androidx.work.impl.background.systemjob.SystemJobService
06-22 20:00:51.610 I/Choreographer( 5025): Skipped 70 frames!  The application may be doing too much work on its main thread.
06-22 20:00:51.722 D/WM-SystemJobService( 5025): onStopJob for WorkGenerationalId(workSpecId=a3bf4967-a65a-4440-87d3-56dc1930dd7f, generation=0)
06-22 20:00:51.725 D/WM-SystemJobService( 5025): onStartJob for WorkGenerationalId(workSpecId=006ad963-a3a4-4347-b3b5-a35ae16b8090, generation=0)
06-22 20:00:51.730 D/WM-Processor( 5025): Work WorkGenerationalId(workSpecId=006ad963-a3a4-4347-b3b5-a35ae16b8090, generation=0) is already enqueued for processing
06-22 20:00:51.737 I/artd    ( 5411): Starting artd
06-22 20:00:51.739 I/AidlLazyServiceRegistrar( 5411): Registering service artd
06-22 20:00:51.785 I/OpenGLRenderer( 5025): Davey! duration=1306ms; Flags=0, FrameTimelineVsyncId=55786, IntendedVsync=846082382146, Vsync=847249048766, InputEventId=0, HandleInputStart=847255562000, AnimationStart=847255608500, PerformTraversalsStart=847258556600, DrawStart=847311361000, FrameDeadline=846515715462, FrameInterval=847254285500, FrameStartTime=16666666, SyncQueued=847315512400, SyncStart=847316068300, IssueDrawCommandsStart=847316347900, SwapBuffers=847356541000, FrameCompleted=847389234600, DequeueBufferDuration=80400, QueueBufferDuration=543900, GpuCompleted=847389234600, SwapBuffersCompleted=847365269000, DisplayPresentTime=-70312312602361856, CommandSubmissionCompleted=847356541000, 
06-22 20:00:51.846 I/AidlLazyServiceRegistrar( 5411): Process has 1 (of 1 available) client(s) in use after notification artd has clients: 1
06-22 20:00:51.871 W/ziparchive( 5411): Unable to open '/data/user_de/0/com.google.android.gms/app_chimera/m/00000009/dl-MlkitBarcodeUi.optional_231818100000.dm': No such file or directory
06-22 20:00:51.871 W/ziparchive( 5411): Unable to open '/data/user_de/0/com.google.android.gms/app_chimera/m/00000009/dl-MlkitBarcodeUi.optional_231818100000.dm': No such file or directory
06-22 20:00:51.887 W/ziparchive( 5411): Unable to open '/data/user_de/0/com.google.android.gms/app_chimera/m/00000000/AdsDynamite.dm': No such file or directory
06-22 20:00:51.887 W/ziparchive( 5411): Unable to open '/data/user_de/0/com.google.android.gms/app_chimera/m/00000000/AdsDynamite.dm': No such file or directory
06-22 20:00:51.891 D/EGL_emulation(  778): app_time_stats: avg=67.96ms min=8.82ms max=149.81ms count=8
06-22 20:00:51.910 W/ziparchive( 5411): Unable to open '/data/user_de/0/com.google.android.gms/app_chimera/m/00000004/DynamiteModulesC.dm': No such file or directory
06-22 20:00:51.910 W/ziparchive( 5411): Unable to open '/data/user_de/0/com.google.android.gms/app_chimera/m/00000004/DynamiteModulesC.dm': No such file or directory
06-22 20:00:51.931 W/ziparchive( 5411): Unable to open '/data/user_de/0/com.google.android.gms/app_chimera/m/00000001/CronetDynamite.dm': No such file or directory
06-22 20:00:51.931 W/ziparchive( 5411): Unable to open '/data/user_de/0/com.google.android.gms/app_chimera/m/00000001/CronetDynamite.dm': No such file or directory
06-22 20:00:51.937 W/ziparchive( 5411): Unable to open '/data/user_de/0/com.google.android.gms/app_chimera/m/00000002/DynamiteLoader.dm': No such file or directory
06-22 20:00:51.937 W/ziparchive( 5411): Unable to open '/data/user_de/0/com.google.android.gms/app_chimera/m/00000002/DynamiteLoader.dm': No such file or directory
06-22 20:00:51.983 W/ziparchive( 5411): Unable to open '/data/user_de/0/com.google.android.gms/app_chimera/m/00000008/dl-VisionOcrDynamite.integ_231602402100000.dm': No such file or directory
06-22 20:00:51.983 W/ziparchive( 5411): Unable to open '/data/user_de/0/com.google.android.gms/app_chimera/m/00000008/dl-VisionOcrDynamite.integ_231602402100000.dm': No such file or directory
06-22 20:00:52.001 W/ziparchive( 5411): Unable to open '/data/user_de/0/com.google.android.gms/app_chimera/m/00000005/GoogleCertificates.dm': No such file or directory
06-22 20:00:52.001 W/ziparchive( 5411): Unable to open '/data/user_de/0/com.google.android.gms/app_chimera/m/00000005/GoogleCertificates.dm': No such file or directory
06-22 20:00:52.010 W/ziparchive( 5411): Unable to open '/data/user_de/0/com.google.android.gms/app_chimera/m/0000000b/dl-TfliteDynamiteDynamite.integ_260580502100800.dm': No such file or directory
06-22 20:00:52.010 W/ziparchive( 5411): Unable to open '/data/user_de/0/com.google.android.gms/app_chimera/m/0000000b/dl-TfliteDynamiteDynamite.integ_260580502100800.dm': No such file or directory
06-22 20:00:52.031 W/ziparchive( 5411): Unable to open '/data/user_de/0/com.google.android.gms/app_chimera/m/0000000a/dl-MlkitOcrCommon.optional_231818100800.dm': No such file or directory
06-22 20:00:52.032 W/ziparchive( 5411): Unable to open '/data/user_de/0/com.google.android.gms/app_chimera/m/0000000a/dl-MlkitOcrCommon.optional_231818100800.dm': No such file or directory
06-22 20:00:52.046 W/ziparchive( 5411): Unable to open '/data/user_de/0/com.google.android.gms/app_chimera/m/00000007/MeasurementDynamite.dm': No such file or directory
06-22 20:00:52.047 W/ziparchive( 5411): Unable to open '/data/user_de/0/com.google.android.gms/app_chimera/m/00000007/MeasurementDynamite.dm': No such file or directory
06-22 20:00:52.131 W/WindowOnBackDispatcher( 5025): sendCancelIfRunning: isInProgress=falsecallback=androidx.activity.OnBackPressedDispatcher$b$a@78cd658
06-22 20:00:52.133 D/WM-WorkerWrapper( 5025): Starting work for com.farsitel.bazaar.work.IntroduceDeviceWorker
06-22 20:00:52.134 D/CoreBackPreview(  571): Window{1e98a97 u0 com.farsitel.bazaar/com.farsitel.bazaar.MainActivity}: Setting back callback OnBackInvokedCallbackInfo{mCallback=android.window.IOnBackInvokedCallback$Stub$Proxy@f903083, mPriority=-1, mIsAnimationCallback=false}
06-22 20:00:52.137 W/InputDispatcher(  571): Dispatching key to 3328f45 Application Not Responding: com.farsitel.bazaar even though there are other unprocessed events
06-22 20:00:52.158 D/CoreBackPreview(  571): Window{1e98a97 u0 com.farsitel.bazaar/com.farsitel.bazaar.MainActivity}: Setting back callback OnBackInvokedCallbackInfo{mCallback=android.window.IOnBackInvokedCallback$Stub$Proxy@77ec200, mPriority=0, mIsAnimationCallback=true}
06-22 20:00:52.331 D/ConnectivityService(  571): requestNetwork for uid/pid:10190/5025 activeRequest: null callbackRequest: 147 [NetworkRequest [ REQUEST id=148, [ Capabilities: INTERNET&NOT_RESTRICTED&TRUSTED&NOT_VCN_MANAGED Uid: 10190 RequestorUid: 10190 RequestorPkg: com.farsitel.bazaar UnderlyingNetworks: Null] ]] callback flags: 0 order: 2147483647
06-22 20:00:52.346 W/SingleLiveEvent( 5025): java.lang.Throwable: Multiple observers registered but only one will be notified of changes.
06-22 20:00:52.346 W/SingleLiveEvent( 5025): 	at com.farsitel.bazaar.util.core.SingleLiveEvent.i(SourceFile:21)
06-22 20:00:52.346 W/SingleLiveEvent( 5025): 	at com.farsitel.bazaar.util.ui.MessageManager.a(SourceFile:18)
06-22 20:00:52.346 W/SingleLiveEvent( 5025): 	at com.farsitel.bazaar.plugins.feature.activity.MessagePlugin.onResume(SourceFile:49)
06-22 20:00:52.346 W/SingleLiveEvent( 5025): 	at androidx.lifecycle.h.D(SourceFile:56)
06-22 20:00:52.346 W/SingleLiveEvent( 5025): 	at androidx.lifecycle.A$b.a(SourceFile:25)
06-22 20:00:52.346 W/SingleLiveEvent( 5025): 	at androidx.lifecycle.A.h(SourceFile:83)
06-22 20:00:52.346 W/SingleLiveEvent( 5025): 	at androidx.lifecycle.A.o(SourceFile:80)
06-22 20:00:52.346 W/SingleLiveEvent( 5025): 	at androidx.lifecycle.A.k(SourceFile:33)
06-22 20:00:52.346 W/SingleLiveEvent( 5025): 	at androidx.lifecycle.A.i(SourceFile:15)
06-22 20:00:52.346 W/SingleLiveEvent( 5025): 	at androidx.lifecycle.P$b.a(SourceFile:27)
06-22 20:00:52.346 W/SingleLiveEvent( 5025): 	at androidx.lifecycle.P$c.onActivityPostResumed(SourceFile:10)
06-22 20:00:52.346 W/SingleLiveEvent( 5025): 	at android.app.Activity.dispatchActivityPostResumed(Activity.java:1496)
06-22 20:00:52.346 W/SingleLiveEvent( 5025): 	at android.app.Activity.performResume(Activity.java:8776)
06-22 20:00:52.346 W/SingleLiveEvent( 5025): 	at android.app.ActivityThread.performResumeActivity(ActivityThread.java:4952)
06-22 20:00:52.346 W/SingleLiveEvent( 5025): 	at android.app.ActivityThread.handleResumeActivity(ActivityThread.java:4995)
06-22 20:00:52.346 W/SingleLiveEvent( 5025): 	at android.app.servertransaction.TransactionExecutor.performLifecycleSequence(TransactionExecutor.java:229)
06-22 20:00:52.346 W/SingleLiveEvent( 5025): 	at android.app.servertransaction.TransactionExecutor.cycleToPath(TransactionExecutor.java:205)
06-22 20:00:52.346 W/SingleLiveEvent( 5025): 	at android.app.servertransaction.TransactionExecutor.executeCallbacks(TransactionExecutor.java:150)
06-22 20:00:52.346 W/SingleLiveEvent( 5025): 	at android.app.servertransaction.TransactionExecutor.execute(TransactionExecutor.java:96)
06-22 20:00:52.346 W/SingleLiveEvent( 5025): 	at android.app.ActivityThread$H.handleMessage(ActivityThread.java:2443)
06-22 20:00:52.346 W/SingleLiveEvent( 5025): 	at android.os.Handler.dispatchMessage(Handler.java:106)
06-22 20:00:52.346 W/SingleLiveEvent( 5025): 	at android.os.Looper.loopOnce(Looper.java:205)
06-22 20:00:52.346 W/SingleLiveEvent( 5025): 	at android.os.Looper.loop(Looper.java:294)
06-22 20:00:52.346 W/SingleLiveEvent( 5025): 	at android.app.ActivityThread.main(ActivityThread.java:8177)
06-22 20:00:52.346 W/SingleLiveEvent( 5025): 	at java.lang.reflect.Method.invoke(Native Method)
06-22 20:00:52.346 W/SingleLiveEvent( 5025): 	at com.android.internal.os.RuntimeInit$MethodAndArgsCaller.run(RuntimeInit.java:552)
06-22 20:00:52.346 W/SingleLiveEvent( 5025): 	at com.android.internal.os.ZygoteInit.main(ZygoteInit.java:971)
06-22 20:00:52.347 W/SingleLiveEvent( 5025): java.lang.Throwable: Multiple observers registered but only one will be notified of changes.
06-22 20:00:52.347 W/SingleLiveEvent( 5025): 	at com.farsitel.bazaar.util.core.SingleLiveEvent.i(SourceFile:21)
06-22 20:00:52.347 W/SingleLiveEvent( 5025): 	at com.farsitel.bazaar.util.ui.MessageManager.a(SourceFile:33)
06-22 20:00:52.347 W/SingleLiveEvent( 5025): 	at com.farsitel.bazaar.plugins.feature.activity.MessagePlugin.onResume(SourceFile:49)
06-22 20:00:52.347 W/SingleLiveEvent( 5025): 	at androidx.lifecycle.h.D(SourceFile:56)
06-22 20:00:52.347 W/SingleLiveEvent( 5025): 	at androidx.lifecycle.A$b.a(SourceFile:25)
06-22 20:00:52.347 W/SingleLiveEvent( 5025): 	at androidx.lifecycle.A.h(SourceFile:83)
06-22 20:00:52.347 W/SingleLiveEvent( 5025): 	at androidx.lifecycle.A.o(SourceFile:80)
06-22 20:00:52.347 W/SingleLiveEvent( 5025): 	at androidx.lifecycle.A.k(SourceFile:33)
06-22 20:00:52.347 W/SingleLiveEvent( 5025): 	at androidx.lifecycle.A.i(SourceFile:15)
06-22 20:00:52.347 W/SingleLiveEvent( 5025): 	at androidx.lifecycle.P$b.a(SourceFile:27)
06-22 20:00:52.347 W/SingleLiveEvent( 5025): 	at androidx.lifecycle.P$c.onActivityPostResumed(SourceFile:10)
06-22 20:00:52.347 W/SingleLiveEvent( 5025): 	at android.app.Activity.dispatchActivityPostResumed(Activity.java:1496)
06-22 20:00:52.347 W/SingleLiveEvent( 5025): 	at android.app.Activity.performResume(Activity.java:8776)
06-22 20:00:52.347 W/SingleLiveEvent( 5025): 	at android.app.ActivityThread.performResumeActivity(ActivityThread.java:4952)
06-22 20:00:52.347 W/SingleLiveEvent( 5025): 	at android.app.ActivityThread.handleResumeActivity(ActivityThread.java:4995)
06-22 20:00:52.347 W/SingleLiveEvent( 5025): 	at android.app.servertransaction.TransactionExecutor.performLifecycleSequence(TransactionExecutor.java:229)
06-22 20:00:52.347 W/SingleLiveEvent( 5025): 	at android.app.servertransaction.TransactionExecutor.cycleToPath(TransactionExecutor.java:205)
06-22 20:00:52.347 W/SingleLiveEvent( 5025): 	at android.app.servertransaction.TransactionExecutor.executeCallbacks(TransactionExecutor.java:150)
06-22 20:00:52.347 W/SingleLiveEvent( 5025): 	at android.app.servertransaction.TransactionExecutor.execute(TransactionExecutor.java:96)
06-22 20:00:52.347 W/SingleLiveEvent( 5025): 	at android.app.ActivityThread$H.handleMessage(ActivityThread.java:2443)
06-22 20:00:52.347 W/SingleLiveEvent( 5025): 	at android.os.Handler.dispatchMessage(Handler.java:106)
06-22 20:00:52.347 W/SingleLiveEvent( 5025): 	at android.os.Looper.loopOnce(Looper.java:205)
06-22 20:00:52.347 W/SingleLiveEvent( 5025): 	at android.os.Looper.loop(Looper.java:294)
06-22 20:00:52.347 W/SingleLiveEvent( 5025): 	at android.app.ActivityThread.main(ActivityThread.java:8177)
06-22 20:00:52.347 W/SingleLiveEvent( 5025): 	at java.lang.reflect.Method.invoke(Native Method)
06-22 20:00:52.347 W/SingleLiveEvent( 5025): 	at com.android.internal.os.RuntimeInit$MethodAndArgsCaller.run(RuntimeInit.java:552)
06-22 20:00:52.347 W/SingleLiveEvent( 5025): 	at com.android.internal.os.ZygoteInit.main(ZygoteInit.java:971)
06-22 20:00:52.397 D/WM-SystemJobScheduler( 5025): Scheduling work ID fe54abbf-5631-4d86-b11f-f0831389848eJob ID 10
06-22 20:00:52.435 D/WM-GreedyScheduler( 5025): Starting tracking for fe54abbf-5631-4d86-b11f-f0831389848e
06-22 20:00:52.438 I/Choreographer( 5025): Skipped 49 frames!  The application may be doing too much work on its main thread.
06-22 20:00:52.449 D/WifiNetworkFactory(  571): got request NetworkRequest [ REQUEST id=148, [ Capabilities: INTERNET&NOT_RESTRICTED&TRUSTED&NOT_VCN_MANAGED Uid: 10190 RequestorUid: 10190 RequestorPkg: com.farsitel.bazaar UnderlyingNetworks: Null] ]
06-22 20:00:52.451 D/UntrustedWifiNetworkFactory(  571): got request NetworkRequest [ REQUEST id=148, [ Capabilities: INTERNET&NOT_RESTRICTED&TRUSTED&NOT_VCN_MANAGED Uid: 10190 RequestorUid: 10190 RequestorPkg: com.farsitel.bazaar UnderlyingNetworks: Null] ]
06-22 20:00:52.457 D/WM-GreedyScheduler( 5025): Constraints met: Scheduling work ID WorkGenerationalId(workSpecId=fe54abbf-5631-4d86-b11f-f0831389848e, generation=0)
06-22 20:00:52.460 D/WM-Processor( 5025): t: processing WorkGenerationalId(workSpecId=fe54abbf-5631-4d86-b11f-f0831389848e, generation=0)
06-22 20:00:52.466 D/OemPaidWifiNetworkFactory(  571): got request NetworkRequest [ REQUEST id=148, [ Capabilities: INTERNET&NOT_RESTRICTED&TRUSTED&NOT_VCN_MANAGED Uid: 10190 RequestorUid: 10190 RequestorPkg: com.farsitel.bazaar UnderlyingNetworks: Null] ]
06-22 20:00:52.467 D/MultiInternetWifiNetworkFactory(  571): got request NetworkRequest [ REQUEST id=148, [ Capabilities: INTERNET&NOT_RESTRICTED&TRUSTED&NOT_VCN_MANAGED Uid: 10190 RequestorUid: 10190 RequestorPkg: com.farsitel.bazaar UnderlyingNetworks: Null] ]
06-22 20:00:52.468 D/ConnectivityService(  571): NetReassign [148 : null → 100] [c 1] [a 24] [i 100]
06-22 20:00:52.571 I/bluetooth(  920): packages/modules/Bluetooth/system/gd/hci/le_address_manager.cc:265 ack_pause: Client already in paused state
06-22 20:00:52.608 I/bluetooth(  920): packages/modules/Bluetooth/system/gd/hci/le_address_manager.cc:596 OnCommandComplete: Received command complete with op_code LE_SET_RANDOM_ADDRESS
06-22 20:00:52.612 I/bluetooth(  920): packages/modules/Bluetooth/system/gd/hci/le_address_manager.cc:616 OnCommandComplete: update random address : xx:xx:xx:xx:f3:f5
06-22 20:00:52.612 I/bluetooth(  920): packages/modules/Bluetooth/system/gd/hci/le_address_manager.cc:294 resume_registered_clients: Resuming registered clients
06-22 20:00:52.664 W/InputDispatcher(  571): Dispatching key to 3328f45 Application Not Responding: com.farsitel.bazaar even though there are other unprocessed events
06-22 20:00:52.666 I/Monkey  ( 5371): Events injected: 3
06-22 20:00:52.715 I/Monkey  ( 5371): ## Network stats: elapsed time=1405ms (0ms mobile, 0ms wifi, 1405ms not connected)
06-22 20:00:52.718 I/app_process( 5371): System.exit called, status: 0
06-22 20:00:52.718 I/AndroidRuntime( 5371): VM exiting with result code 0.
06-22 20:00:52.753 E/TaskPersister(  571): File error accessing recents directory (directory doesn't exist?).
06-22 20:00:52.841 I/MediaController( 5025): Init 5099d12 [AndroidXMedia3/1.4.1] [emu64xa, sdk_gphone64_x86_64, Google, 34]
06-22 20:00:52.872 I/WM-WorkerWrapper( 5025): Worker result SUCCESS for Work [ id=006ad963-a3a4-4347-b3b5-a35ae16b8090, tags={ com.farsitel.bazaar.work.IntroduceDeviceWorker } ]
06-22 20:00:52.895 D/EGL_emulation( 5025): app_time_stats: avg=1011.15ms min=847.91ms max=1174.39ms count=2
06-22 20:00:53.008 D/EGL_emulation(  778): app_time_stats: avg=45.81ms min=7.98ms max=110.36ms count=11
06-22 20:00:53.030 I/Choreographer( 5025): Skipped 34 frames!  The application may be doing too much work on its main thread.
06-22 20:00:53.057 W/ActivityTaskManager(  571): Activity transferring splash screen timeout for ActivityRecord{70b2fba u0 com.farsitel.bazaar/.MainActivity t14} state 2
06-22 20:00:53.169 I/OpenGLRenderer( 5025): Davey! duration=1276ms; Flags=0, FrameTimelineVsyncId=56089, IntendedVsync=847265715432, Vsync=848082382066, InputEventId=0, HandleInputStart=848084251900, AnimationStart=848084316600, PerformTraversalsStart=848098360400, DrawStart=848418796600, FrameDeadline=847415715426, FrameInterval=848083082100, FrameStartTime=16666666, SyncQueued=848452286400, SyncStart=848452782100, IssueDrawCommandsStart=848454271600, SwapBuffers=848495779000, FrameCompleted=848542821000, DequeueBufferDuration=53200, QueueBufferDuration=1402100, GpuCompleted=848542319200, SwapBuffersCompleted=848542821000, DisplayPresentTime=72057628414509145, CommandSubmissionCompleted=848495779000, 
06-22 20:00:53.636 D/WM-SystemJobService( 5025): onStartJob for WorkGenerationalId(workSpecId=fe54abbf-5631-4d86-b11f-f0831389848e, generation=0)
06-22 20:00:53.658 W/Looper  (  571): Slow dispatch took 3372ms android.ui h=android.view.Choreographer$FrameHandler c=android.view.Choreographer$FrameDisplayEventReceiver@eb32d2e m=0
06-22 20:00:53.659 D/WM-Processor( 5025): Work WorkGenerationalId(workSpecId=fe54abbf-5631-4d86-b11f-f0831389848e, generation=0) is already enqueued for processing
06-22 20:00:53.665 I/InputDispatcher(  571): 3328f45 Application Not Responding: com.farsitel.bazaar (server) spent 2069ms processing FocusEvent(hasFocus=true)
06-22 20:00:53.677 D/WM-WorkerWrapper( 5025): Starting work for com.farsitel.bazaar.work.UpdateDeviceLongTermInfoWorker
06-22 20:00:53.679 D/WM-Processor( 5025): t 006ad963-a3a4-4347-b3b5-a35ae16b8090 executed; reschedule = false
06-22 20:00:53.682 D/WM-GreedyScheduler( 5025): Stopping tracking for WorkGenerationalId(workSpecId=006ad963-a3a4-4347-b3b5-a35ae16b8090, generation=0)
06-22 20:00:53.684 D/WM-SystemJobService( 5025): 006ad963-a3a4-4347-b3b5-a35ae16b8090 executed on JobScheduler
06-22 20:00:53.685 I/Choreographer( 5025): Skipped 35 frames!  The application may be doing too much work on its main thread.
06-22 20:00:53.699 D/WM-GreedyScheduler( 5025): Cancelling work ID 006ad963-a3a4-4347-b3b5-a35ae16b8090
06-22 20:00:53.718 I/Choreographer(  571): Skipped 205 frames!  The application may be doing too much work on its main thread.
06-22 20:00:53.760 W/InputManager-JNI(  571): Input channel object '2bb4647 Splash Screen com.farsitel.bazaar (client)' was disposed without first being removed with the input manager!
06-22 20:00:53.791 I/OpenGLRenderer(  571): Davey! duration=3512ms; Flags=1, FrameTimelineVsyncId=55610, IntendedVsync=845782382158, Vsync=845915715486, InputEventId=0, HandleInputStart=845931805600, AnimationStart=845931846800, PerformTraversalsStart=845931908300, DrawStart=846903446100, FrameDeadline=845799048824, FrameInterval=845930457400, FrameStartTime=16666666, SyncQueued=846904531200, SyncStart=846952236400, IssueDrawCommandsStart=847173529400, SwapBuffers=849003556300, FrameCompleted=849342242700, DequeueBufferDuration=280700, QueueBufferDuration=408800, GpuCompleted=849342242700, SwapBuffersCompleted=849283890800, DisplayPresentTime=72624531566658096, CommandSubmissionCompleted=849003556300, 
06-22 20:00:53.856 I/OpenGLRenderer( 5025): Davey! duration=1325ms; Flags=0, FrameTimelineVsyncId=56254, IntendedVsync=848099048732, Vsync=848665715376, InputEventId=0, HandleInputStart=848682629100, AnimationStart=848682765000, PerformTraversalsStart=848986774900, DrawStart=849002610600, FrameDeadline=848565715380, FrameInterval=848674968600, FrameStartTime=16666666, SyncQueued=849216014900, SyncStart=849216145600, IssueDrawCommandsStart=849217975700, SwapBuffers=849332979100, FrameCompleted=849424533800, DequeueBufferDuration=54700, QueueBufferDuration=6910400, GpuCompleted=849424533800, SwapBuffersCompleted=849373856300, DisplayPresentTime=0, CommandSubmissionCompleted=849332979100, 
06-22 20:00:53.885 I/OpenGLRenderer(  571): Davey! duration=3528ms; Flags=0, FrameTimelineVsyncId=55705, IntendedVsync=845932382152, Vsync=849349048682, InputEventId=-99222109, HandleInputStart=849364626900, AnimationStart=849364699900, PerformTraversalsStart=849364851700, DrawStart=849366312500, FrameDeadline=849365715348, FrameInterval=849362245400, FrameStartTime=16666666, SyncQueued=849367036200, SyncStart=849367145500, IssueDrawCommandsStart=849367378800, SwapBuffers=849435149900, FrameCompleted=849461206900, DequeueBufferDuration=54700, QueueBufferDuration=4877500, GpuCompleted=849460947000, SwapBuffersCompleted=849461206900, DisplayPresentTime=3832618478325543222, CommandSubmissionCompleted=849435149900, 
06-22 20:00:53.969 D/EGL_emulation(  778): app_time_stats: avg=556.52ms min=18.03ms max=3204.11ms count=6
06-22 20:00:53.982 W/Looper  (  571): Drained
06-22 20:00:54.337 W/JobScheduler(  571): Job didn't exist in JobStore: e6f0cee {androidx.work.systemjobscheduler} #u0a190/9 @androidx.work.systemjobscheduler@com.farsitel.bazaar/androidx.work.impl.background.systemjob.SystemJobService
06-22 20:00:54.343 D/WM-SystemJobService( 5025): onStopJob for WorkGenerationalId(workSpecId=006ad963-a3a4-4347-b3b5-a35ae16b8090, generation=0)
06-22 20:00:54.400 I/Choreographer( 5025): Skipped 41 frames!  The application may be doing too much work on its main thread.
06-22 20:00:54.415 I/WM-WorkerWrapper( 5025): Worker result SUCCESS for Work [ id=fe54abbf-5631-4d86-b11f-f0831389848e, tags={ com.farsitel.bazaar.work.UpdateDeviceLongTermInfoWorker } ]
06-22 20:00:54.439 D/EGL_emulation( 5025): app_time_stats: avg=484.09ms min=53.58ms max=830.87ms count=3
06-22 20:00:54.445 D/WM-Processor( 5025): t fe54abbf-5631-4d86-b11f-f0831389848e executed; reschedule = false
06-22 20:00:54.445 D/WM-GreedyScheduler( 5025): Stopping tracking for WorkGenerationalId(workSpecId=fe54abbf-5631-4d86-b11f-f0831389848e, generation=0)
06-22 20:00:54.446 D/WM-SystemJobService( 5025): fe54abbf-5631-4d86-b11f-f0831389848e executed on JobScheduler
06-22 20:00:54.476 D/WM-SystemJobScheduler( 5025): Scheduling work ID 7761285f-a2f7-416a-8446-08ca9d04dcceJob ID 11
06-22 20:00:54.511 D/WM-GreedyScheduler( 5025): Starting tracking for 7761285f-a2f7-416a-8446-08ca9d04dcce
06-22 20:00:54.523 I/OpenGLRenderer( 5025): Davey! duration=751ms; Flags=0, FrameTimelineVsyncId=56466, IntendedVsync=849349048682, Vsync=850032381988, InputEventId=0, HandleInputStart=850047263600, AnimationStart=850047522700, PerformTraversalsStart=850054331200, DrawStart=850054425100, FrameDeadline=849465715344, FrameInterval=850044367600, FrameStartTime=16666666, SyncQueued=850055219100, SyncStart=850055751600, IssueDrawCommandsStart=850055958700, SwapBuffers=850070099200, FrameCompleted=850101143100, DequeueBufferDuration=78200, QueueBufferDuration=487600, GpuCompleted=850101143100, SwapBuffersCompleted=850085017500, DisplayPresentTime=0, CommandSubmissionCompleted=850070099200, 
06-22 20:00:54.531 D/WM-SystemJobScheduler( 5025): Scheduling work ID 3f1988ad-3f78-4174-b8c1-285198c164a4Job ID 12
06-22 20:00:54.565 D/WM-GreedyScheduler( 5025): Starting tracking for 3f1988ad-3f78-4174-b8c1-285198c164a4,7761285f-a2f7-416a-8446-08ca9d04dcce
06-22 20:00:54.568 D/WM-GreedyScheduler( 5025): Cancelling work ID fe54abbf-5631-4d86-b11f-f0831389848e
06-22 20:00:54.597 D/WM-GreedyScheduler( 5025): Starting tracking for 3f1988ad-3f78-4174-b8c1-285198c164a4,7761285f-a2f7-416a-8446-08ca9d04dcce
06-22 20:00:54.598 D/WM-NetworkStateTracker( 5025): Unregistering network callback
06-22 20:00:54.631 D/WM-SystemJobService( 5025): onStartJob for WorkGenerationalId(workSpecId=7761285f-a2f7-416a-8446-08ca9d04dcce, generation=0)
06-22 20:00:54.693 D/WM-SystemJobService( 5025): onStartJob for WorkGenerationalId(workSpecId=3f1988ad-3f78-4174-b8c1-285198c164a4, generation=0)
06-22 20:00:54.711 D/WM-SystemJobScheduler( 5025): Scheduling work ID d97d2282-4919-4b7d-ba6b-e7a492e2b584Job ID 13
06-22 20:00:54.763 D/WM-GreedyScheduler( 5025): Starting tracking for 3f1988ad-3f78-4174-b8c1-285198c164a4,7761285f-a2f7-416a-8446-08ca9d04dcce,d97d2282-4919-4b7d-ba6b-e7a492e2b584
06-22 20:00:54.773 I/WM-WorkerWrapper( 5025): Worker result SUCCESS for Work [ id=4386a258-7359-4862-9b84-3c5c7671277f, tags={ com.farsitel.bazaar.work.GetAppConfigWorker,getAppConfig_oneTime } ]
06-22 20:00:54.792 D/WM-Processor( 5025): t: processing WorkGenerationalId(workSpecId=7761285f-a2f7-416a-8446-08ca9d04dcce, generation=0)
06-22 20:00:54.795 D/WM-Processor( 5025): t: processing WorkGenerationalId(workSpecId=3f1988ad-3f78-4174-b8c1-285198c164a4, generation=0)
06-22 20:00:54.847 D/WM-Processor( 5025): t 4386a258-7359-4862-9b84-3c5c7671277f executed; reschedule = false
06-22 20:00:54.847 D/WM-GreedyScheduler( 5025): Stopping tracking for WorkGenerationalId(workSpecId=4386a258-7359-4862-9b84-3c5c7671277f, generation=0)
06-22 20:00:54.848 D/WM-SystemJobService( 5025): 4386a258-7359-4862-9b84-3c5c7671277f executed on JobScheduler
06-22 20:00:54.848 D/WM-SystemJobService( 5025): onStartJob for WorkGenerationalId(workSpecId=d97d2282-4919-4b7d-ba6b-e7a492e2b584, generation=0)
06-22 20:00:54.881 D/StatusBarIconController(  778): ignoring old pipeline callbacks, because the new mobile icons are enabled
06-22 20:00:54.929 D/WM-GreedyScheduler( 5025): Cancelling work ID 4386a258-7359-4862-9b84-3c5c7671277f
06-22 20:00:54.947 W/JobScheduler(  571): Job didn't exist in JobStore: 8577fbd {androidx.work.systemjobscheduler} #u0a190/6 @androidx.work.systemjobscheduler@com.farsitel.bazaar/androidx.work.impl.background.systemjob.SystemJobService
06-22 20:00:54.954 D/WM-GreedyScheduler( 5025): Starting tracking for d97d2282-4919-4b7d-ba6b-e7a492e2b584
06-22 20:00:54.958 D/WM-Processor( 5025): t: processing WorkGenerationalId(workSpecId=d97d2282-4919-4b7d-ba6b-e7a492e2b584, generation=0)
06-22 20:00:54.959 D/WM-ConstraintTracker( 5025): c: initial state = true
06-22 20:00:54.960 D/WM-BrdcstRcvrCnstrntTrc( 5025): c: registering receiver
06-22 20:00:54.974 E/RoleControllerManager(  571): Error calling grantDefaultRoles()
06-22 20:00:54.974 E/RoleControllerManager(  571): java.util.concurrent.TimeoutException
06-22 20:00:54.974 E/RoleControllerManager(  571): 	at android.permission.jarjar.com.android.internal.infra.AndroidFuture.triggerTimeout(AndroidFuture.java:289)
06-22 20:00:54.974 E/RoleControllerManager(  571): 	at android.permission.jarjar.com.android.internal.infra.AndroidFuture$$ExternalSyntheticLambda1.run(Unknown Source:2)
06-22 20:00:54.974 E/RoleControllerManager(  571): 	at android.os.Handler.handleCallback(Handler.java:958)
06-22 20:00:54.974 E/RoleControllerManager(  571): 	at android.os.Handler.dispatchMessage(Handler.java:99)
06-22 20:00:54.974 E/RoleControllerManager(  571): 	at android.os.Looper.loopOnce(Looper.java:205)
06-22 20:00:54.974 E/RoleControllerManager(  571): 	at android.os.Looper.loop(Looper.java:294)
06-22 20:00:54.974 E/RoleControllerManager(  571): 	at com.android.server.SystemServer.run(SystemServer.java:970)
06-22 20:00:54.974 E/RoleControllerManager(  571): 	at com.android.server.SystemServer.main(SystemServer.java:664)
06-22 20:00:54.974 E/RoleControllerManager(  571): 	at java.lang.reflect.Method.invoke(Native Method)
06-22 20:00:54.974 E/RoleControllerManager(  571): 	at com.android.internal.os.RuntimeInit$MethodAndArgsCaller.run(RuntimeInit.java:552)
06-22 20:00:54.974 E/RoleControllerManager(  571): 	at com.android.internal.os.ZygoteInit.main(ZygoteInit.java:949)
06-22 20:00:55.006 D/WM-WorkerWrapper( 5025): Starting work for com.farsitel.bazaar.deliveryconfig.worker.DeliveryConfigWorker
06-22 20:00:55.007 D/WM-WorkerWrapper( 5025): Starting work for com.farsitel.bazaar.work.UpgradableAppsWorker
06-22 20:00:55.008 D/WM-SystemJobService( 5025): onStopJob for WorkGenerationalId(workSpecId=4386a258-7359-4862-9b84-3c5c7671277f, generation=0)
06-22 20:00:55.044 D/WM-WorkerWrapper( 5025): Starting work for com.farsitel.bazaar.work.DownloadAppConfigResourceWorker
06-22 20:00:55.078 D/WM-Processor( 5025): Processor cancelling 7761285f-a2f7-416a-8446-08ca9d04dcce
06-22 20:00:55.079 D/WM-Processor( 5025): WorkerWrapper interrupted for 7761285f-a2f7-416a-8446-08ca9d04dcce
06-22 20:00:55.098 D/WM-GreedyScheduler( 5025): Cancelling work ID 7761285f-a2f7-416a-8446-08ca9d04dcce
06-22 20:00:55.108 D/WM-SystemJobScheduler( 5025): Scheduling work ID 9b233243-5126-4427-97c1-528b9869fa17Job ID 14
06-22 20:00:55.150 D/WM-GreedyScheduler( 5025): Starting tracking for 9b233243-5126-4427-97c1-528b9869fa17
06-22 20:00:55.214 D/WM-SystemJobService( 5025): onStopJob for WorkGenerationalId(workSpecId=7761285f-a2f7-416a-8446-08ca9d04dcce, generation=0)
06-22 20:00:55.214 I/WM-WorkerWrapper( 5025): Work [ id=7761285f-a2f7-416a-8446-08ca9d04dcce, tags={ com.farsitel.bazaar.deliveryconfig.worker.DeliveryConfigWorker } ] was cancelled
06-22 20:00:55.214 I/WM-WorkerWrapper( 5025): androidx.work.impl.WorkerStoppedException
06-22 20:00:55.214 I/WM-WorkerWrapper( 5025): 	at androidx.work.impl.WorkerWrapper.o(SourceFile:5)
06-22 20:00:55.214 I/WM-WorkerWrapper( 5025): 	at androidx.work.impl.t.i(SourceFile:3)
06-22 20:00:55.214 I/WM-WorkerWrapper( 5025): 	at androidx.work.impl.t.q(SourceFile:40)
06-22 20:00:55.214 I/WM-WorkerWrapper( 5025): 	at androidx.work.impl.utils.CancelWorkRunnable.d(SourceFile:23)
06-22 20:00:55.214 I/WM-WorkerWrapper( 5025): 	at androidx.work.impl.utils.CancelWorkRunnable.h(SourceFile:25)
06-22 20:00:55.214 I/WM-WorkerWrapper( 5025): 	at androidx.work.impl.utils.CancelWorkRunnable.a(SourceFile:1)
06-22 20:00:55.214 I/WM-WorkerWrapper( 5025): 	at androidx.work.impl.utils.b.run(SourceFile:1)
06-22 20:00:55.214 I/WM-WorkerWrapper( 5025): 	at androidx.room.RoomDatabase.Z(SourceFile:1)
06-22 20:00:55.214 I/WM-WorkerWrapper( 5025): 	at androidx.room.RoomDatabase.d(SourceFile:1)
06-22 20:00:55.214 I/WM-WorkerWrapper( 5025): 	at androidx.room.x.invoke(SourceFile:1)
06-22 20:00:55.214 I/WM-WorkerWrapper( 5025): 	at androidx.room.RoomDatabase.X(SourceFile:10)
06-22 20:00:55.214 I/WM-WorkerWrapper( 5025): 	at androidx.room.RoomDatabase.Y(SourceFile:11)
06-22 20:00:55.214 I/WM-WorkerWrapper( 5025): 	at androidx.work.impl.utils.CancelWorkRunnable.g(SourceFile:25)
06-22 20:00:55.214 I/WM-WorkerWrapper( 5025): 	at androidx.work.impl.utils.g.d(SourceFile:18)
06-22 20:00:55.214 I/WM-WorkerWrapper( 5025): 	at androidx.work.impl.utils.g.c(SourceFile:30)
06-22 20:00:55.214 I/WM-WorkerWrapper( 5025): 	at androidx.work.impl.utils.g.e(SourceFile:78)
06-22 20:00:55.214 I/WM-WorkerWrapper( 5025): 	at androidx.work.impl.utils.g.a(SourceFile:19)
06-22 20:00:55.214 I/WM-WorkerWrapper( 5025): 	at androidx.work.impl.utils.g.b(SourceFile:7)
06-22 20:00:55.214 I/WM-WorkerWrapper( 5025): 	at androidx.work.impl.G.a(SourceFile:4)
06-22 20:00:55.214 I/WM-WorkerWrapper( 5025): 	at androidx.work.impl.F.invoke(SourceFile:1)
06-22 20:00:55.214 I/WM-WorkerWrapper( 5025): 	at androidx.work.OperationKt.f(SourceFile:13)
06-22 20:00:55.214 I/WM-WorkerWrapper( 5025): 	at androidx.work.OperationKt.b(SourceFile:1)
06-22 20:00:55.214 I/WM-WorkerWrapper( 5025): 	at androidx.work.y.run(SourceFile:1)
06-22 20:00:55.214 I/WM-WorkerWrapper( 5025): 	at androidx.work.impl.utils.I$a.run(SourceFile:3)
06-22 20:00:55.214 I/WM-WorkerWrapper( 5025): 	at java.util.concurrent.ThreadPoolExecutor.runWorker(ThreadPoolExecutor.java:1145)
06-22 20:00:55.214 I/WM-WorkerWrapper( 5025): 	at java.util.concurrent.ThreadPoolExecutor$Worker.run(ThreadPoolExecutor.java:644)
06-22 20:00:55.214 I/WM-WorkerWrapper( 5025): 	at java.lang.Thread.run(Thread.java:1012)
06-22 20:00:55.220 D/WM-WorkerWrapper( 5025): Status for 7761285f-a2f7-416a-8446-08ca9d04dcce is null ; not doing any work
06-22 20:00:55.221 D/WM-StopWorkRunnable( 5025): StopWorkRunnable for 7761285f-a2f7-416a-8446-08ca9d04dcce; Processor.stopWork = false
06-22 20:00:55.223 W/JobScheduler(  571): Job didn't exist in JobStore: 65bedd5 {androidx.work.systemjobscheduler} #u0a190/11 @androidx.work.systemjobscheduler@com.farsitel.bazaar/androidx.work.impl.background.systemjob.SystemJobService
06-22 20:00:55.224 D/WM-SystemJobService( 5025): onStartJob for WorkGenerationalId(workSpecId=9b233243-5126-4427-97c1-528b9869fa17, generation=0)
06-22 20:00:55.254 D/WM-Processor( 5025): t: processing WorkGenerationalId(workSpecId=9b233243-5126-4427-97c1-528b9869fa17, generation=0)
06-22 20:00:55.325 D/WM-Processor( 5025): t 7761285f-a2f7-416a-8446-08ca9d04dcce executed; reschedule = false
06-22 20:00:55.325 D/WM-GreedyScheduler( 5025): Stopping tracking for WorkGenerationalId(workSpecId=7761285f-a2f7-416a-8446-08ca9d04dcce, generation=0)
06-22 20:00:55.326 D/WM-SystemJobService( 5025): 7761285f-a2f7-416a-8446-08ca9d04dcce executed on JobScheduler
06-22 20:00:55.341 D/WM-GreedyScheduler( 5025): Cancelling work ID 7761285f-a2f7-416a-8446-08ca9d04dcce
06-22 20:00:55.360 D/WM-WorkerWrapper( 5025): Starting work for com.farsitel.bazaar.deliveryconfig.worker.DeliveryConfigWorker
06-22 20:00:55.370 D/WM-Processor( 5025): Processor cancelling 9b233243-5126-4427-97c1-528b9869fa17
06-22 20:00:55.372 D/WM-Processor( 5025): WorkerWrapper interrupted for 9b233243-5126-4427-97c1-528b9869fa17
06-22 20:00:55.376 D/WM-SystemJobService( 5025): onStopJob for WorkGenerationalId(workSpecId=9b233243-5126-4427-97c1-528b9869fa17, generation=0)
06-22 20:00:55.376 D/WM-GreedyScheduler( 5025): Cancelling work ID 9b233243-5126-4427-97c1-528b9869fa17
06-22 20:00:55.378 W/JobScheduler(  571): Job didn't exist in JobStore: 468b0da {androidx.work.systemjobscheduler} #u0a190/14 @androidx.work.systemjobscheduler@com.farsitel.bazaar/androidx.work.impl.background.systemjob.SystemJobService
06-22 20:00:55.387 D/WM-SystemJobScheduler( 5025): Scheduling work ID 28f0f8e0-b7d9-4447-a584-7b4b878d119cJob ID 15
06-22 20:00:55.466 D/WM-GreedyScheduler( 5025): Starting tracking for 28f0f8e0-b7d9-4447-a584-7b4b878d119c
06-22 20:00:55.480 D/EGL_emulation( 5025): app_time_stats: avg=27.71ms min=10.32ms max=69.03ms count=16
06-22 20:00:55.491 D/WM-Processor( 5025): Processor cancelling d97d2282-4919-4b7d-ba6b-e7a492e2b584
06-22 20:00:55.491 D/WM-Processor( 5025): WorkerWrapper interrupted for d97d2282-4919-4b7d-ba6b-e7a492e2b584
06-22 20:00:55.497 D/WM-GreedyScheduler( 5025): Cancelling work ID d97d2282-4919-4b7d-ba6b-e7a492e2b584
06-22 20:00:55.515 D/WM-SystemJobScheduler( 5025): Scheduling work ID 07f084a8-6f07-4f84-9326-2f1cd4aeabddJob ID 16
06-22 20:00:55.570 D/WM-GreedyScheduler( 5025): Starting tracking for 07f084a8-6f07-4f84-9326-2f1cd4aeabdd,28f0f8e0-b7d9-4447-a584-7b4b878d119c
06-22 20:00:55.572 I/Finsky  ( 1657): [54] jtf.h(1): Completed 0 account content syncs with 0 successful.
06-22 20:00:55.572 I/WM-WorkerWrapper( 5025): Work [ id=d97d2282-4919-4b7d-ba6b-e7a492e2b584, tags={ com.farsitel.bazaar.work.DownloadAppConfigResourceWorker } ] was cancelled
06-22 20:00:55.572 I/WM-WorkerWrapper( 5025): androidx.work.impl.WorkerStoppedException
06-22 20:00:55.572 I/WM-WorkerWrapper( 5025): 	at androidx.work.impl.WorkerWrapper.o(SourceFile:5)
06-22 20:00:55.572 I/WM-WorkerWrapper( 5025): 	at androidx.work.impl.t.i(SourceFile:3)
06-22 20:00:55.572 I/WM-WorkerWrapper( 5025): 	at androidx.work.impl.t.q(SourceFile:40)
06-22 20:00:55.572 I/WM-WorkerWrapper( 5025): 	at androidx.work.impl.utils.CancelWorkRunnable.d(SourceFile:23)
06-22 20:00:55.572 I/WM-WorkerWrapper( 5025): 	at androidx.work.impl.utils.CancelWorkRunnable.h(SourceFile:25)
06-22 20:00:55.572 I/WM-WorkerWrapper( 5025): 	at androidx.work.impl.utils.CancelWorkRunnable.a(SourceFile:1)
06-22 20:00:55.572 I/WM-WorkerWrapper( 5025): 	at androidx.work.impl.utils.b.run(SourceFile:1)
06-22 20:00:55.572 I/WM-WorkerWrapper( 5025): 	at androidx.room.RoomDatabase.Z(SourceFile:1)
06-22 20:00:55.572 I/WM-WorkerWrapper( 5025): 	at androidx.room.RoomDatabase.d(SourceFile:1)
06-22 20:00:55.572 I/WM-WorkerWrapper( 5025): 	at androidx.room.x.invoke(SourceFile:1)
06-22 20:00:55.572 I/WM-WorkerWrapper( 5025): 	at androidx.room.RoomDatabase.X(SourceFile:10)
06-22 20:00:55.572 I/WM-WorkerWrapper( 5025): 	at androidx.room.RoomDatabase.Y(SourceFile:11)
06-22 20:00:55.572 I/WM-WorkerWrapper( 5025): 	at androidx.work.impl.utils.CancelWorkRunnable.g(SourceFile:25)
06-22 20:00:55.572 I/WM-WorkerWrapper( 5025): 	at androidx.work.impl.utils.g.d(SourceFile:18)
06-22 20:00:55.572 I/WM-WorkerWrapper( 5025): 	at androidx.work.impl.utils.g.c(SourceFile:30)
06-22 20:00:55.572 I/WM-WorkerWrapper( 5025): 	at androidx.work.impl.utils.g.e(SourceFile:78)
06-22 20:00:55.572 I/WM-WorkerWrapper( 5025): 	at androidx.work.impl.utils.g.a(SourceFile:19)
06-22 20:00:55.572 I/WM-WorkerWrapper( 5025): 	at androidx.work.impl.utils.g.b(SourceFile:7)
06-22 20:00:55.572 I/WM-WorkerWrapper( 5025): 	at androidx.work.impl.G.a(SourceFile:4)
06-22 20:00:55.572 I/WM-WorkerWrapper( 5025): 	at androidx.work.impl.F.invoke(SourceFile:1)
06-22 20:00:55.572 I/WM-WorkerWrapper( 5025): 	at androidx.work.OperationKt.f(SourceFile:13)
06-22 20:00:55.572 I/WM-WorkerWrapper( 5025): 	at androidx.work.OperationKt.b(SourceFile:1)
06-22 20:00:55.572 I/WM-WorkerWrapper( 5025): 	at androidx.work.y.run(SourceFile:1)
06-22 20:00:55.572 I/WM-WorkerWrapper( 5025): 	at androidx.work.impl.utils.I$a.run(SourceFile:3)
06-22 20:00:55.572 I/WM-WorkerWrapper( 5025): 	at java.util.concurrent.ThreadPoolExecutor.runWorker(ThreadPoolExecutor.java:1145)
06-22 20:00:55.572 I/WM-WorkerWrapper( 5025): 	at java.util.concurrent.ThreadPoolExecutor$Worker.run(ThreadPoolExecutor.java:644)
06-22 20:00:55.572 I/WM-WorkerWrapper( 5025): 	at java.lang.Thread.run(Thread.java:1012)
06-22 20:00:55.575 D/WM-WorkerWrapper( 5025): Status for d97d2282-4919-4b7d-ba6b-e7a492e2b584 is null ; not doing any work
06-22 20:00:55.576 I/WM-WorkerWrapper( 5025): Work [ id=9b233243-5126-4427-97c1-528b9869fa17, tags={ com.farsitel.bazaar.deliveryconfig.worker.DeliveryConfigWorker } ] was cancelled
06-22 20:00:55.576 I/WM-WorkerWrapper( 5025): androidx.work.impl.WorkerStoppedException
06-22 20:00:55.576 I/WM-WorkerWrapper( 5025): 	at androidx.work.impl.WorkerWrapper.o(SourceFile:5)
06-22 20:00:55.576 I/WM-WorkerWrapper( 5025): 	at androidx.work.impl.t.i(SourceFile:3)
06-22 20:00:55.576 I/WM-WorkerWrapper( 5025): 	at androidx.work.impl.t.q(SourceFile:40)
06-22 20:00:55.576 I/WM-WorkerWrapper( 5025): 	at androidx.work.impl.utils.CancelWorkRunnable.d(SourceFile:23)
06-22 20:00:55.576 I/WM-WorkerWrapper( 5025): 	at androidx.work.impl.utils.CancelWorkRunnable.h(SourceFile:25)
06-22 20:00:55.576 I/WM-WorkerWrapper( 5025): 	at androidx.work.impl.utils.CancelWorkRunnable.a(SourceFile:1)
06-22 20:00:55.576 I/WM-WorkerWrapper( 5025): 	at androidx.work.impl.utils.b.run(SourceFile:1)
06-22 20:00:55.576 I/WM-WorkerWrapper( 5025): 	at androidx.room.RoomDatabase.Z(SourceFile:1)
06-22 20:00:55.576 I/WM-WorkerWrapper( 5025): 	at androidx.room.RoomDatabase.d(SourceFile:1)
06-22 20:00:55.576 I/WM-WorkerWrapper( 5025): 	at androidx.room.x.invoke(SourceFile:1)
06-22 20:00:55.576 I/WM-WorkerWrapper( 5025): 	at androidx.room.RoomDatabase.X(SourceFile:10)
06-22 20:00:55.576 I/WM-WorkerWrapper( 5025): 	at androidx.room.RoomDatabase.Y(SourceFile:11)
06-22 20:00:55.576 I/WM-WorkerWrapper( 5025): 	at androidx.work.impl.utils.CancelWorkRunnable.g(SourceFile:25)
06-22 20:00:55.576 I/WM-WorkerWrapper( 5025): 	at androidx.work.impl.utils.g.d(SourceFile:18)
06-22 20:00:55.576 I/WM-WorkerWrapper( 5025): 	at androidx.work.impl.utils.g.c(SourceFile:30)
06-22 20:00:55.576 I/WM-WorkerWrapper( 5025): 	at androidx.work.impl.utils.g.e(SourceFile:78)
06-22 20:00:55.576 I/WM-WorkerWrapper( 5025): 	at androidx.work.impl.utils.g.a(SourceFile:19)
06-22 20:00:55.576 I/WM-WorkerWrapper( 5025): 	at androidx.work.impl.utils.g.b(SourceFile:7)
06-22 20:00:55.576 I/WM-WorkerWrapper( 5025): 	at androidx.work.impl.G.a(SourceFile:4)
06-22 20:00:55.576 I/WM-WorkerWrapper( 5025): 	at androidx.work.impl.F.invoke(SourceFile:1)
06-22 20:00:55.576 I/WM-WorkerWrapper( 5025): 	at androidx.work.OperationKt.f(SourceFile:13)
06-22 20:00:55.576 I/WM-WorkerWrapper( 5025): 	at androidx.work.OperationKt.b(SourceFile:1)
06-22 20:00:55.576 I/WM-WorkerWrapper( 5025): 	at androidx.work.y.run(SourceFile:1)
06-22 20:00:55.576 I/WM-WorkerWrapper( 5025): 	at androidx.work.impl.utils.I$a.run(SourceFile:3)
06-22 20:00:55.576 I/WM-WorkerWrapper( 5025): 	at java.util.concurrent.ThreadPoolExecutor.runWorker(ThreadPoolExecutor.java:1145)
06-22 20:00:55.576 I/WM-WorkerWrapper( 5025): 	at java.util.concurrent.ThreadPoolExecutor$Worker.run(ThreadPoolExecutor.java:644)
06-22 20:00:55.576 I/WM-WorkerWrapper( 5025): 	at java.lang.Thread.run(Thread.java:1012)
06-22 20:00:55.578 D/WM-WorkerWrapper( 5025): Status for 9b233243-5126-4427-97c1-528b9869fa17 is null ; not doing any work
06-22 20:00:55.578 I/Finsky  ( 1657): [2] ContentSyncJob.a(1): [ContentSync] Installation state replication succeeded.
06-22 20:00:55.579 D/WM-StopWorkRunnable( 5025): StopWorkRunnable for 9b233243-5126-4427-97c1-528b9869fa17; Processor.stopWork = false
06-22 20:00:55.579 I/Finsky  ( 1657): [2] yse.r(4): SCH: jobFinished: 12-1. TimeElapsed: 6421ms.
06-22 20:00:55.631 D/WM-SystemJobService( 5025): onStartJob for WorkGenerationalId(workSpecId=28f0f8e0-b7d9-4447-a584-7b4b878d119c, generation=0)
06-22 20:00:55.650 D/WM-SystemJobService( 5025): onStopJob for WorkGenerationalId(workSpecId=d97d2282-4919-4b7d-ba6b-e7a492e2b584, generation=0)
06-22 20:00:55.662 D/WM-Processor( 5025): t: processing WorkGenerationalId(workSpecId=28f0f8e0-b7d9-4447-a584-7b4b878d119c, generation=0)
06-22 20:00:55.663 D/WM-StopWorkRunnable( 5025): StopWorkRunnable for d97d2282-4919-4b7d-ba6b-e7a492e2b584; Processor.stopWork = false
06-22 20:00:55.664 W/JobScheduler(  571): Job didn't exist in JobStore: f05028d {androidx.work.systemjobscheduler} #u0a190/13 @androidx.work.systemjobscheduler@com.farsitel.bazaar/androidx.work.impl.background.systemjob.SystemJobService
06-22 20:00:55.717 I/Finsky  ( 1657): [61] ycx.accept(55): SCH: Scheduling phonesky job Id: 1-1337, CT: 1782125959111, Constraints: [{ L: 24971094, D: 68171094, C: 1, I: 1, N: 1 }]
06-22 20:00:55.793 D/WM-SystemJobService( 5025): onStartJob for WorkGenerationalId(workSpecId=07f084a8-6f07-4f84-9326-2f1cd4aeabdd, generation=0)
06-22 20:00:55.801 D/WM-Processor( 5025): t d97d2282-4919-4b7d-ba6b-e7a492e2b584 executed; reschedule = false
06-22 20:00:55.810 D/WM-GreedyScheduler( 5025): Stopping tracking for WorkGenerationalId(workSpecId=d97d2282-4919-4b7d-ba6b-e7a492e2b584, generation=0)
06-22 20:00:55.811 D/WM-SystemJobService( 5025): d97d2282-4919-4b7d-ba6b-e7a492e2b584 executed on JobScheduler
06-22 20:00:55.811 D/WM-Processor( 5025): t 9b233243-5126-4427-97c1-528b9869fa17 executed; reschedule = false
06-22 20:00:55.811 D/WM-GreedyScheduler( 5025): Stopping tracking for WorkGenerationalId(workSpecId=9b233243-5126-4427-97c1-528b9869fa17, generation=0)
06-22 20:00:55.813 D/WM-SystemJobService( 5025): 9b233243-5126-4427-97c1-528b9869fa17 executed on JobScheduler
06-22 20:00:55.814 D/WM-WorkerWrapper( 5025): Starting work for com.farsitel.bazaar.deliveryconfig.worker.DeliveryConfigWorker
06-22 20:00:55.819 D/WM-Processor( 5025): t: processing WorkGenerationalId(workSpecId=07f084a8-6f07-4f84-9326-2f1cd4aeabdd, generation=0)
06-22 20:00:55.824 D/WM-GreedyScheduler( 5025): Cancelling work ID d97d2282-4919-4b7d-ba6b-e7a492e2b584
06-22 20:00:55.832 D/WM-GreedyScheduler( 5025): Starting tracking for 07f084a8-6f07-4f84-9326-2f1cd4aeabdd
06-22 20:00:55.841 D/WM-GreedyScheduler( 5025): Cancelling work ID 9b233243-5126-4427-97c1-528b9869fa17
06-22 20:00:55.868 I/Finsky  ( 1657): [55] ycy.apply(69): SCH: Scheduling 1 system job(s)
06-22 20:00:55.869 I/Finsky  ( 1657): [55] ysd.d(4): SCH: Scheduling system job Id: 9219, L: 3274336, D: 46474336, C: false, I: false, N: 1
06-22 20:00:55.909 D/WM-GreedyScheduler( 5025): Starting tracking for 07f084a8-6f07-4f84-9326-2f1cd4aeabdd
06-22 20:00:55.921 D/WM-SystemJobScheduler( 5025): Scheduling work ID bf3ecb3b-0b20-406e-910d-caf8d4a4fbb0Job ID 17
06-22 20:00:55.934 I/Finsky  ( 1657): [131] ytn.a(16): SCH: job service finished with id 9217.
06-22 20:00:55.967 D/WM-GreedyScheduler( 5025): Starting tracking for 07f084a8-6f07-4f84-9326-2f1cd4aeabdd,bf3ecb3b-0b20-406e-910d-caf8d4a4fbb0
06-22 20:00:55.993 D/WM-WorkerWrapper( 5025): Starting work for com.farsitel.bazaar.work.DownloadAppConfigResourceWorker
06-22 20:00:55.998 D/WM-WorkConstraintsTrack( 5025): NetworkRequestConstraintController didn't receive neither onCapabilitiesChanged/onLost callback, sending `ConstraintsNotMet` after 1000 ms
06-22 20:00:56.005 D/WM-GreedyScheduler( 5025): Constraints not met: Cancelling work ID WorkGenerationalId(workSpecId=3f1988ad-3f78-4174-b8c1-285198c164a4, generation=0)
06-22 20:00:56.064 W/Looper  (  571): Slow dispatch took 107ms main h=android.app.ActivityThread$H c=android.app.LoadedApk$ServiceDispatcher$RunConnection@d03e195 m=0
06-22 20:00:56.067 D/WM-SystemJobService( 5025): onStartJob for WorkGenerationalId(workSpecId=bf3ecb3b-0b20-406e-910d-caf8d4a4fbb0, generation=0)
06-22 20:00:56.081 I/WM-WorkerWrapper( 5025): Worker result SUCCESS for Work [ id=07f084a8-6f07-4f84-9326-2f1cd4aeabdd, tags={ com.farsitel.bazaar.work.DownloadAppConfigResourceWorker } ]
06-22 20:00:56.106 D/WM-Processor( 5025): t: processing WorkGenerationalId(workSpecId=bf3ecb3b-0b20-406e-910d-caf8d4a4fbb0, generation=0)
06-22 20:00:56.182 D/WM-Processor( 5025): t 07f084a8-6f07-4f84-9326-2f1cd4aeabdd executed; reschedule = false
06-22 20:00:56.183 D/WM-GreedyScheduler( 5025): Stopping tracking for WorkGenerationalId(workSpecId=07f084a8-6f07-4f84-9326-2f1cd4aeabdd, generation=0)
06-22 20:00:56.183 D/WM-SystemJobService( 5025): 07f084a8-6f07-4f84-9326-2f1cd4aeabdd executed on JobScheduler
06-22 20:00:56.185 D/WM-WorkerWrapper( 5025): Starting work for com.farsitel.bazaar.work.UpgradableAppsWorker
06-22 20:00:56.194 D/WM-GreedyScheduler( 5025): Cancelling work ID 07f084a8-6f07-4f84-9326-2f1cd4aeabdd
06-22 20:00:56.209 D/WM-BrdcstRcvrCnstrntTrc( 5025): c: unregistering receiver
06-22 20:00:56.228 D/WM-Processor( 5025): Processor cancelling 28f0f8e0-b7d9-4447-a584-7b4b878d119c
06-22 20:00:56.230 D/WM-Processor( 5025): WorkerWrapper interrupted for 28f0f8e0-b7d9-4447-a584-7b4b878d119c
06-22 20:00:56.237 D/WM-GreedyScheduler( 5025): Cancelling work ID 28f0f8e0-b7d9-4447-a584-7b4b878d119c
06-22 20:00:56.237 D/WM-SystemJobService( 5025): onStopJob for WorkGenerationalId(workSpecId=28f0f8e0-b7d9-4447-a584-7b4b878d119c, generation=0)
06-22 20:00:56.245 W/JobScheduler(  571): Job didn't exist in JobStore: 2e5df61 {androidx.work.systemjobscheduler} #u0a190/15 @androidx.work.systemjobscheduler@com.farsitel.bazaar/androidx.work.impl.background.systemjob.SystemJobService
06-22 20:00:56.256 D/WM-SystemJobScheduler( 5025): Scheduling work ID c36a249e-343e-4f65-9ee4-e6ddc1d4ebb6Job ID 18
06-22 20:00:56.272 D/WM-GreedyScheduler( 5025): Starting tracking for c36a249e-343e-4f65-9ee4-e6ddc1d4ebb6
06-22 20:00:56.272 I/WM-WorkerWrapper( 5025): Work [ id=28f0f8e0-b7d9-4447-a584-7b4b878d119c, tags={ com.farsitel.bazaar.deliveryconfig.worker.DeliveryConfigWorker } ] was cancelled
06-22 20:00:56.272 I/WM-WorkerWrapper( 5025): androidx.work.impl.WorkerStoppedException
06-22 20:00:56.272 I/WM-WorkerWrapper( 5025): 	at androidx.work.impl.WorkerWrapper.o(SourceFile:5)
06-22 20:00:56.272 I/WM-WorkerWrapper( 5025): 	at androidx.work.impl.t.i(SourceFile:3)
06-22 20:00:56.272 I/WM-WorkerWrapper( 5025): 	at androidx.work.impl.t.q(SourceFile:40)
06-22 20:00:56.272 I/WM-WorkerWrapper( 5025): 	at androidx.work.impl.utils.CancelWorkRunnable.d(SourceFile:23)
