06-22 20:00:35.815 V/WindowManagerShell(  778): start default transition animation, info = {id=10 t=OPEN f=0x0 trk=0 r=[0@Point(0, 0)] c=[{WCT{android.window.IWindowContainerToken$Stub$Proxy@989f44} m=OPEN f=NONE leash=Surface(name=Task=13)/@0x5222df1 sb=Rect(0, 0 - 1080, 2400) eb=Rect(0, 0 - 1080, 2400) d=0},{WCT{android.window.IWindowContainerToken$Stub$Proxy@41ab82d} m=TO_BACK f=SHOW_WALLPAPER leash=Surface(name=Task=1)/@0x2f32dd6 sb=Rect(0, 0 - 1080, 2400) eb=Rect(0, 0 - 1080, 2400) d=0}]}
06-22 20:00:35.826 V/WindowManagerShell(  778): loadAnimation: anim=android.view.animation.AnimationSet@c16b2f3 animAttr=0x13 type=OPEN isEntrance=false
06-22 20:00:35.838 V/WindowManagerShell(  778): loadAnimation: anim=android.view.animation.AnimationSet@25f8b4f animAttr=0x12 type=OPEN isEntrance=true
06-22 20:00:35.849 V/WindowManagerShell(  778):  animated by com.android.wm.shell.transition.DefaultTransitionHandler@4669964
06-22 20:00:35.860 D/CompatibilityChangeReporter( 5025): Compat change id reported: 171979766; UID 10190; state: ENABLED
06-22 20:00:35.860 D/CompatibilityChangeReporter( 5025): Compat change id reported: 242716250; UID 10190; state: ENABLED
06-22 20:00:35.907 D/EGL_emulation(  778): app_time_stats: avg=11018.37ms min=11018.37ms max=11018.37ms count=1
06-22 20:00:35.943 D/CompatibilityChangeReporter(  571): Compat change id reported: 170503758; UID 10190; state: ENABLED
06-22 20:00:35.950 D/ApplicationLoaders( 5025): Returning zygote-cached class loader: /system_ext/framework/androidx.window.extensions.jar
06-22 20:00:35.951 D/ApplicationLoaders( 5025): Returning zygote-cached class loader: /system_ext/framework/androidx.window.sidecar.jar
06-22 20:00:35.976 D/nativeloader( 5025): Configuring clns-6 for other apk /data/app/~~uRyHRKep9UOcua2ERIAOhA==/com.farsitel.bazaar-xR3WwIfi1mUHyOeq1G0DJw==/base.apk. target_sdk_version=35, uses_libraries=, library_path=/data/app/~~uRyHRKep9UOcua2ERIAOhA==/com.farsitel.bazaar-xR3WwIfi1mUHyOeq1G0DJw==/lib/x86_64:/data/app/~~uRyHRKep9UOcua2ERIAOhA==/com.farsitel.bazaar-xR3WwIfi1mUHyOeq1G0DJw==/base.apk!/lib/x86_64, permitted_path=/data:/mnt/expand:/data/user/0/com.farsitel.bazaar
06-22 20:00:35.993 D/GraphicBufferSource( 4954): got buffer with new dataSpace #104
06-22 20:00:35.993 D/C2OMXNode( 4954): dataspace changed to 0x104 pixel format: 0x1
06-22 20:00:35.994 I/hwservicemanager(  181): getTransport: Cannot find entry android.hardware.graphics.mapper@4.0::IMapper/default in either framework or device VINTF manifest.
06-22 20:00:36.004 D/SimpleC2Component(  508): Using output block pool with poolID 26 => got 26 - 0
06-22 20:00:36.004 D/SimpleC2Component(  508): applied 2 configUpdates => BAD_INDEX (6)
06-22 20:00:36.004 D/C2SoftAvcEnc(  508): Params width 1080 height 2400 level 50 colorFormat 0 bframes 0
06-22 20:00:36.037 V/GraphicsEnvironment( 5025): Currently set values for:
06-22 20:00:36.037 V/GraphicsEnvironment( 5025):   angle_gl_driver_selection_pkgs=[]
06-22 20:00:36.038 V/GraphicsEnvironment( 5025):   angle_gl_driver_selection_values=[]
06-22 20:00:36.041 V/GraphicsEnvironment( 5025): ANGLE GameManagerService for com.farsitel.bazaar: false
06-22 20:00:36.042 V/GraphicsEnvironment( 5025): com.farsitel.bazaar is not listed in per-application setting
06-22 20:00:36.042 V/GraphicsEnvironment( 5025): Neither updatable production driver nor prerelease driver is supported.
06-22 20:00:36.052 W/ziparchive( 4920): Unable to open '/data/user_de/0/com.google.android.gms/app_chimera/m/00000005/GoogleCertificates.dm': No such file or directory
06-22 20:00:36.052 W/ziparchive( 4920): Unable to open '/data/user_de/0/com.google.android.gms/app_chimera/m/00000005/GoogleCertificates.dm': No such file or directory
06-22 20:00:36.121 W/InputDispatcher(  571): Waiting because no window has focus but ActivityRecord{aa9decd u0 com.farsitel.bazaar/.MainActivity t13} may eventually add a window when it finishes starting up. Will wait for 5000ms
06-22 20:00:36.130 D/CompatibilityChangeReporter(  571): Compat change id reported: 161252188; UID 10167; state: DISABLED
06-22 20:00:36.134 W/HMSSDK_PushPreferences( 5025): get new sharedPreferences failed,start to get from context. 
06-22 20:00:36.136 I/HMSSDK_AutoInit( 5025): Push init start
06-22 20:00:36.140 E/C2SoftAvcEnc(  508): Unable to set air params = 0x1ad
06-22 20:00:36.178 E/HMSSDK_StreamUtil( 5025): file not exist.
06-22 20:00:36.182 V/WindowManagerShell(  778): Transition animation finished (aborted=false), notifying core (#10)android.os.BinderProxy@fbfe5bd@0
06-22 20:00:36.194 V/WindowManager(  571): Finish Transition #10: created at 06-22 20:00:35.439 collect-started=0.11ms request-sent=54.514ms started=86.906ms ready=336.946ms sent=345.666ms finished=751.866ms
06-22 20:00:36.198 V/WindowManagerShell(  778): Track 0 became idle
06-22 20:00:36.198 V/WindowManagerShell(  778): All active transition animations finished
06-22 20:00:36.201 E/HMSSDK_StreamUtil( 5025): file not exist.
06-22 20:00:36.201 E/HMSSDK_StreamUtil( 5025): file not exist.
06-22 20:00:36.202 E/HMSSDK_StreamUtil( 5025): file not exist.
06-22 20:00:36.203 E/HMSSDK_StreamUtil( 5025): file not exist.
06-22 20:00:36.210 I/hwservicemanager(  181): getTransport: Cannot find entry android.hardware.graphics.mapper@4.0::IMapper/default in either framework or device VINTF manifest.
06-22 20:00:36.211 I/Gralloc4(  508): mapper 4.x is not supported
06-22 20:00:36.215 I/SecurityComp10105310: BaseKeyUtil( 5025): exportRootKey: sha256
06-22 20:00:36.251 D/CompatibilityChangeReporter( 5025): Compat change id reported: 183155436; UID 10190; state: ENABLED
06-22 20:00:36.255 I/vol.VolumeDialogImpl(  778): mDialog.dismiss() reason: volume_controller from: com.android.systemui.volume.VolumeDialogImpl$7.onDismissRequested:3
06-22 20:00:36.282 I/FirebaseApp( 5025): Device unlocked: initializing all Firebase APIs for app [DEFAULT]
06-22 20:00:36.363 I/FirebaseInitProvider( 5025): FirebaseApp initialization successful
06-22 20:00:36.365 I/AGConnectProvider( 5025): AGConnectInitializeProvider#onCreate
06-22 20:00:36.366 I/AGConnectInstance( 5025): AGConnectInstance#initialize
06-22 20:00:36.391 I/ServiceRegistrarParser( 5025): getServices
06-22 20:00:36.397 I/ServiceRegistrarParser( 5025): services:0
06-22 20:00:36.433 I/Choreographer( 1000): Skipped 47 frames!  The application may be doing too much work on its main thread.
06-22 20:00:36.494 D/EGL_emulation(  778): app_time_stats: avg=17580.61ms min=4.51ms max=333643.97ms count=19
06-22 20:00:36.536 I/HMSSDK_o( 5025): save local secret key.
06-22 20:00:36.542 I/HMSSDK_o( 5025): save local secret key.
06-22 20:00:36.549 I/HMSSDK_o( 5025): save local secret key.
06-22 20:00:36.573 I/HMSSDK_o( 5025): save local secret key.
06-22 20:00:36.597 I/HMSSDK_o( 5025): save local secret key.
06-22 20:00:36.633 D/EGL_emulation( 1000): app_time_stats: avg=258.56ms min=111.97ms max=394.12ms count=3
06-22 20:00:36.645 I/HMSSDK_o( 5025): generate D.
06-22 20:00:36.646 W/HMSSDK_PushPreferences( 5025): get new sharedPreferences failed,start to get from context. 
06-22 20:00:36.665 I/AGC_Instance( 5025): AGC SDK initialize end, default route:DE
06-22 20:00:36.685 D/Sentry  ( 5025): io.sentry.auto-init read: false
06-22 20:00:36.689 I/Sentry  ( 5025): Retrieving auto-init from AndroidManifest.xml
06-22 20:00:36.691 E/HMSSDK_HMSPackageManager( 5025): resolveInfoList is null or empty
06-22 20:00:36.692 E/HMSSDK_HMSPackageManager( 5025): PackagePriorityInfo list is null
06-22 20:00:36.697 E/HMSSDK_HMSPackageManager( 5025): <initHmsPackageInfoForMultiService> Failed to find HMS apk
06-22 20:00:36.701 I/HMSSDK_HMSPackageManager( 5025): Enter getHMSPackageNameForMultiService
06-22 20:00:36.703 I/HMSSDK_HMSPackageManager( 5025): enter asyncOnceCheckMDMState
06-22 20:00:36.754 I/HMSSDK_HMSPackageManager( 5025): quit asyncOnceCheckMDMState
06-22 20:00:36.767 E/HMSSDK_HMSPackageManager( 5025): resolveInfoList is null or empty
06-22 20:00:36.767 E/HMSSDK_HMSPackageManager( 5025): PackagePriorityInfo list is null
06-22 20:00:36.768 E/HMSSDK_HMSPackageManager( 5025): <initHmsPackageInfoForMultiService> Failed to find HMS apk
06-22 20:00:36.805 I/HMSSDK_HianalyticsExist( 5025): In isHianalyticsExist, Failed to find class HiAnalyticsConfig.
06-22 20:00:36.806 I/HMSSDK_HianalyticsExist( 5025): hianalytics exist: false
06-22 20:00:36.807 I/HMSSDK_HMSBIInitializer( 5025): Builder->biInitFlag :false
06-22 20:00:36.811 I/NetworkKit_CountryCodeBean( 5025): Thread-2|null|com.huawei.hms.framework.network.grs.local.model.CountryCodeBean|getVendorCountryCode|39|countryCode by ro.hw.country is: UNKNOWN
06-22 20:00:36.817 I/NetworkKit_CountryCodeBean( 5025): Thread-2|SourceFile|com.huawei.hms.framework.network.grs.local.model.CountryCodeBean|getSimCountryCode|2|countryCode by SimCountryIso is: us
06-22 20:00:36.817 I/NetworkKit_CountryCodeBean( 5025): Thread-2|null|com.huawei.hms.framework.network.grs.local.model.CountryCodeBean|init|15|get issue_country code from SIM_COUNTRY
06-22 20:00:36.818 I/HMSSDK_AnalyticsSwitchHolder( 5025): not ChinaROM
06-22 20:00:36.822 I/HMSSDK_AnalyticsSwitchHolder( 5025): Get OOBE failed
06-22 20:00:36.829 I/HMSSDK_HMSPackageManager( 5025): Enter getHMSPackageNameForMultiService
06-22 20:00:36.839 E/HMSSDK_HMSPackageManager( 5025): resolveInfoList is null or empty
06-22 20:00:36.839 E/HMSSDK_HMSPackageManager( 5025): PackagePriorityInfo list is null
06-22 20:00:36.840 E/HMSSDK_HMSPackageManager( 5025): <initHmsPackageInfoForMultiService> Failed to find HMS apk
06-22 20:00:36.849 W/HMSSDK_PushPreferences( 5025): get new sharedPreferences failed,start to get from context. 
06-22 20:00:36.850 I/HMSSDK_HMSPackageManager( 5025): Enter getHMSPackageNameForMultiService
06-22 20:00:36.869 E/HMSSDK_HMSPackageManager( 5025): resolveInfoList is null or empty
06-22 20:00:36.870 E/HMSSDK_HMSPackageManager( 5025): PackagePriorityInfo list is null
06-22 20:00:36.870 E/HMSSDK_HMSPackageManager( 5025): <initHmsPackageInfoForMultiService> Failed to find HMS apk
06-22 20:00:36.901 W/HMSSDK_PushPreferences( 5025): get new sharedPreferences failed,start to get from context. 
06-22 20:00:36.969 W/HMSSDK_PushPreferences( 5025): get new sharedPreferences failed,start to get from context. 
06-22 20:00:37.086 I/HMSSDK_HMSPackageManager( 5025): Enter getHMSPackageNameForMultiService
06-22 20:00:37.106 E/HMSSDK_HMSPackageManager( 5025): resolveInfoList is null or empty
06-22 20:00:37.107 E/HMSSDK_HMSPackageManager( 5025): PackagePriorityInfo list is null
06-22 20:00:37.107 E/HMSSDK_HMSPackageManager( 5025): <initHmsPackageInfoForMultiService> Failed to find HMS apk
06-22 20:00:37.128 D/CCodecConfig( 4954): c2 config diff is   Buffer coded.init-data.value = {
06-22 20:00:37.128 D/CCodecConfig( 4954):     00000000:  00 00 00 01 67 42 c0 32  8d 68 04 40 12 de 5e 42  ....gB.2.h.@..^B
06-22 20:00:37.128 D/CCodecConfig( 4954):     00000010:  02 02 02 0f 08 84 6a 00  00 00 01 68 ce 01 a8 35  ......j....h...5
06-22 20:00:37.128 D/CCodecConfig( 4954):     00000020:  c8                                                .
06-22 20:00:37.128 D/CCodecConfig( 4954):   }
06-22 20:00:37.140 D/MPEG4Writer( 4954): fpathconf _PC_FILESIZEBITS:64
06-22 20:00:37.140 D/MPEG4Writer( 4954): File size limit set to 4503599627370495 bytes implicitly
06-22 20:00:37.141 D/MPEG4Writer( 4954): MP4WtrCtrlHlpLooper Started
06-22 20:00:37.142 I/MPEG4Writer( 4954): limits: 4503599627370495/0 bytes/us, bit rate: -1 bps and the estimated moov size 3192 bytes
06-22 20:00:37.169 I/HMSSDK_HMSPackageManager( 5025): Enter getHMSPackageNameForMultiService
06-22 20:00:37.187 E/HMSSDK_HMSPackageManager( 5025): resolveInfoList is null or empty
06-22 20:00:37.188 E/HMSSDK_HMSPackageManager( 5025): PackagePriorityInfo list is null
06-22 20:00:37.191 E/HMSSDK_HMSPackageManager( 5025): <initHmsPackageInfoForMultiService> Failed to find HMS apk
06-22 20:00:37.194 I/HMSSDK_HuaweiApi( 5025): No setInnerHms, hms pkg name is com.huawei.hwid
06-22 20:00:37.199 I/HMSSDK_HuaweiApi( 5025): sendRequest
06-22 20:00:37.201 I/HMSSDK_HMSPackageManager( 5025): Enter getHMSPackageName
06-22 20:00:37.203 E/HMSSDK_HMSPackageManager( 5025): <initHmsPackageInfo> Failed to find HMS apk
06-22 20:00:37.205 I/s.nexuslauncher( 1000): NativeAlloc concurrent copying GC freed 45526(2602KB) AllocSpace objects, 12(624KB) LOS objects, 49% free, 6672KB/13MB, paused 1.786ms,141us total 272.093ms
06-22 20:00:37.206 E/HMSSDK_PackageManagerHelper( 5025): get PackageVersionCode failed android.content.pm.PackageManager$NameNotFoundException: com.huawei.hwid
06-22 20:00:37.206 I/HMSSDK_HuaweiApi( 5025): isConnected:false.
06-22 20:00:37.207 I/HMSSDK_BaseHmsClient( 5025): ====== HMSSDK version: 60600300 ======
06-22 20:00:37.208 I/HMSSDK_BaseHmsClient( 5025): Enter connect, Connection Status: 1
06-22 20:00:37.208 I/HMSSDK_BaseHmsClient( 5025): connect minVersion:30000000 packageName:com.huawei.hwid
06-22 20:00:37.210 I/HMSSDK_Util( 5025): available exist: true
06-22 20:00:37.212 I/HMSSDK_Util( 5025): available exist: true
06-22 20:00:37.214 W/System  ( 1000): A resource failed to call release. 
06-22 20:00:37.214 W/System  ( 1000): A resource failed to call release. 
06-22 20:00:37.214 W/System  ( 1000): A resource failed to call release. 
06-22 20:00:37.237 E/HMSSDK_HMSPackageManager( 5025): resolveInfoList is null or empty
06-22 20:00:37.238 E/HMSSDK_HMSPackageManager( 5025): PackagePriorityInfo list is null
06-22 20:00:37.238 E/HMSSDK_HMSPackageManager( 5025): <initHmsPackageInfoForMultiService> Failed to find HMS apk
06-22 20:00:37.239 I/HMSSDK_AvailableAdapter( 5025): HMS is not installed
06-22 20:00:37.240 I/HMSSDK_BaseHmsClient( 5025): check available result: 1
06-22 20:00:37.246 I/HMSSDK_BaseHmsClient( 5025): bindCoreService3.0 fail, start resolution now.
06-22 20:00:37.247 I/HMSSDK_BaseHmsClient( 5025): enter HmsCore resolution
06-22 20:00:37.251 I/HMSSDK_HuaweiApiAvailabilityImpl( 5025): Enter getResolveErrorPendingIntent, errorCode: 1 requestCode: 0
06-22 20:00:37.252 I/HMSSDK_HuaweiApiAvailabilityImpl( 5025): Enter getResolveErrorIntent, errorCode: 1
06-22 20:00:37.253 I/HMSSDK_Util( 5025): available exist: true
06-22 20:00:37.254 I/MPEG4Writer( 4954): setStartTimestampUs: 831637193
06-22 20:00:37.254 I/MPEG4Writer( 4954): Earliest track starting time: 831637193
06-22 20:00:37.261 I/HMSSDK_AvailableUtil( 5025): available exist: false
06-22 20:00:37.265 D/CompatibilityChangeReporter( 5025): Compat change id reported: 160794467; UID 10190; state: ENABLED
06-22 20:00:37.266 D/TrafficStats( 5025): tagSocket(67) with statsTag=0x8001, statsUid=-1
06-22 20:00:37.270 I/HMSSDK_BaseHmsClient( 5025): notifyFailed result: 26
06-22 20:00:37.272 I/HMSSDK_RequestManager( 5025): RequestManager handleMessage.
06-22 20:00:37.273 I/HMSSDK_RequestManager( 5025): NOTIFY_CONNECT_FAILED.
06-22 20:00:37.274 I/HMSSDK_HuaweiApi( 5025): onConnectionFailed
06-22 20:00:37.277 I/HMSSDK_Util( 5025): available exist: true
06-22 20:00:37.278 I/HMSSDK_Util( 5025): available exist: true
06-22 20:00:37.279 I/HMSSDK_TaskApiCall( 5025): doExecute, uri:push.gettoken, errorCode:907135003, transactionId:102741671ttoken20260622200037128323792
06-22 20:00:37.279 E/HMSSDK_HmsInstanceId( 5025): TokenTask failed, ErrorCode:907135003
06-22 20:00:37.282 I/HMSSDK_HMSPackageManager( 5025): Enter getHMSPackageNameForMultiService
06-22 20:00:37.287 E/HMSSDK_HMSPackageManager( 5025): resolveInfoList is null or empty
06-22 20:00:37.291 E/HMSSDK_HMSPackageManager( 5025): PackagePriorityInfo list is null
06-22 20:00:37.292 E/HMSSDK_HMSPackageManager( 5025): <initHmsPackageInfoForMultiService> Failed to find HMS apk
06-22 20:00:37.293 I/HMSSDK_BaseHmsClient( 5025): Enter disconnect, Connection Status: 1
06-22 20:00:37.323 I/AiAiEcho( 1436): EchoSearch: WidgetFetcherImpl is initialized with [30] widgets [reason=package added for userId: 0]
06-22 20:00:37.393 D/StatusBarIconController(  778): ignoring old pipeline callback because the new wifi icon is enabled
06-22 20:00:37.554 D/EGL_emulation(  778): app_time_stats: avg=30.70ms min=8.34ms max=82.67ms count=7
06-22 20:00:38.213 D/CompatibilityChangeReporter(  571): Compat change id reported: 149924527; UID 10190; state: ENABLED
06-22 20:00:38.215 D/CompatibilityChangeReporter(  571): Compat change id reported: 132649864; UID 10190; state: DISABLED
06-22 20:00:38.319 I/AidlLazyServiceRegistrar( 4135): Process has 0 (of 1 available) client(s) in use after notification artd has clients: 0
06-22 20:00:38.319 I/AidlLazyServiceRegistrar( 4135): Trying to shut down the service. No clients in use for any service in process.
06-22 20:00:38.334 I/AidlLazyServiceRegistrar( 4135): Unregistered all clients and exiting
06-22 20:00:38.349 D/CompatibilityChangeReporter(  571): Compat change id reported: 261072174; UID 10190; state: ENABLED
06-22 20:00:38.530 W/.gms.persistent( 1241): Cleared Reference was only reachable from finalizer (only reported once)
06-22 20:00:38.536 E/TaskPersister(  571): File error accessing recents directory (directory doesn't exist?).
06-22 20:00:38.542 I/.gms.persistent( 1241): Background concurrent copying GC freed 325801(12MB) AllocSpace objects, 2(40KB) LOS objects, 49% free, 13MB/27MB, paused 950us,325us total 169.047ms
06-22 20:00:38.563 W/pool-13-thread-( 5025): type=1400 audit(0.0:28): avc:  denied  { read } for  name="version" dev="proc" ino=4026532032 scontext=u:r:untrusted_app:s0:c190,c256,c512,c768 tcontext=u:object_r:proc_version:s0 tclass=file permissive=0 app=com.farsitel.bazaar
06-22 20:00:38.613 D/ConnectivityService(  571): requestNetwork for uid/pid:10190/5025 activeRequest: null callbackRequest: 129 [NetworkRequest [ REQUEST id=130, [ Capabilities: INTERNET&NOT_RESTRICTED&TRUSTED&NOT_VCN_MANAGED Uid: 10190 RequestorUid: 10190 RequestorPkg: com.farsitel.bazaar UnderlyingNetworks: Null] ]] callback flags: 0 order: 2147483647
06-22 20:00:38.619 D/WifiNetworkFactory(  571): got request NetworkRequest [ REQUEST id=130, [ Capabilities: INTERNET&NOT_RESTRICTED&TRUSTED&NOT_VCN_MANAGED Uid: 10190 RequestorUid: 10190 RequestorPkg: com.farsitel.bazaar UnderlyingNetworks: Null] ]
06-22 20:00:38.619 D/UntrustedWifiNetworkFactory(  571): got request NetworkRequest [ REQUEST id=130, [ Capabilities: INTERNET&NOT_RESTRICTED&TRUSTED&NOT_VCN_MANAGED Uid: 10190 RequestorUid: 10190 RequestorPkg: com.farsitel.bazaar UnderlyingNetworks: Null] ]
06-22 20:00:38.620 D/ConnectivityService(  571): requestNetwork for uid/pid:10190/5025 activeRequest: null callbackRequest: 131 [NetworkRequest [ REQUEST id=132, [ Capabilities: INTERNET&NOT_RESTRICTED&TRUSTED&NOT_VCN_MANAGED Uid: 10190 RequestorUid: 10190 RequestorPkg: com.farsitel.bazaar UnderlyingNetworks: Null] ]] callback flags: 0 order: 2147483647
06-22 20:00:38.624 D/OemPaidWifiNetworkFactory(  571): got request NetworkRequest [ REQUEST id=130, [ Capabilities: INTERNET&NOT_RESTRICTED&TRUSTED&NOT_VCN_MANAGED Uid: 10190 RequestorUid: 10190 RequestorPkg: com.farsitel.bazaar UnderlyingNetworks: Null] ]
06-22 20:00:38.626 D/MultiInternetWifiNetworkFactory(  571): got request NetworkRequest [ REQUEST id=130, [ Capabilities: INTERNET&NOT_RESTRICTED&TRUSTED&NOT_VCN_MANAGED Uid: 10190 RequestorUid: 10190 RequestorPkg: com.farsitel.bazaar UnderlyingNetworks: Null] ]
06-22 20:00:38.628 D/ConnectivityService(  571): NetReassign [130 : null → 100] [c 0] [a 2] [i 9]
06-22 20:00:38.632 D/ConnectivityService(  571): requestNetwork for uid/pid:10190/5025 activeRequest: null callbackRequest: 133 [NetworkRequest [ REQUEST id=134, [ Capabilities: INTERNET&NOT_RESTRICTED&TRUSTED&NOT_VCN_MANAGED Uid: 10190 RequestorUid: 10190 RequestorPkg: com.farsitel.bazaar UnderlyingNetworks: Null] ]] callback flags: 0 order: 2147483647
06-22 20:00:38.636 D/WifiNetworkFactory(  571): got request NetworkRequest [ REQUEST id=132, [ Capabilities: INTERNET&NOT_RESTRICTED&TRUSTED&NOT_VCN_MANAGED Uid: 10190 RequestorUid: 10190 RequestorPkg: com.farsitel.bazaar UnderlyingNetworks: Null] ]
06-22 20:00:38.636 D/UntrustedWifiNetworkFactory(  571): got request NetworkRequest [ REQUEST id=132, [ Capabilities: INTERNET&NOT_RESTRICTED&TRUSTED&NOT_VCN_MANAGED Uid: 10190 RequestorUid: 10190 RequestorPkg: com.farsitel.bazaar UnderlyingNetworks: Null] ]
06-22 20:00:38.636 D/OemPaidWifiNetworkFactory(  571): got request NetworkRequest [ REQUEST id=132, [ Capabilities: INTERNET&NOT_RESTRICTED&TRUSTED&NOT_VCN_MANAGED Uid: 10190 RequestorUid: 10190 RequestorPkg: com.farsitel.bazaar UnderlyingNetworks: Null] ]
06-22 20:00:38.637 D/ConnectivityService(  571): NetReassign [132 : null → 100] [c 4] [a 2] [i 2]
06-22 20:00:38.638 D/MultiInternetWifiNetworkFactory(  571): got request NetworkRequest [ REQUEST id=132, [ Capabilities: INTERNET&NOT_RESTRICTED&TRUSTED&NOT_VCN_MANAGED Uid: 10190 RequestorUid: 10190 RequestorPkg: com.farsitel.bazaar UnderlyingNetworks: Null] ]
06-22 20:00:38.640 D/CompatibilityChangeReporter( 5025): Compat change id reported: 263076149; UID 10190; state: ENABLED
06-22 20:00:38.644 D/WifiNetworkFactory(  571): got request NetworkRequest [ REQUEST id=134, [ Capabilities: INTERNET&NOT_RESTRICTED&TRUSTED&NOT_VCN_MANAGED Uid: 10190 RequestorUid: 10190 RequestorPkg: com.farsitel.bazaar UnderlyingNetworks: Null] ]
06-22 20:00:38.644 D/UntrustedWifiNetworkFactory(  571): got request NetworkRequest [ REQUEST id=134, [ Capabilities: INTERNET&NOT_RESTRICTED&TRUSTED&NOT_VCN_MANAGED Uid: 10190 RequestorUid: 10190 RequestorPkg: com.farsitel.bazaar UnderlyingNetworks: Null] ]
06-22 20:00:38.644 D/OemPaidWifiNetworkFactory(  571): got request NetworkRequest [ REQUEST id=134, [ Capabilities: INTERNET&NOT_RESTRICTED&TRUSTED&NOT_VCN_MANAGED Uid: 10190 RequestorUid: 10190 RequestorPkg: com.farsitel.bazaar UnderlyingNetworks: Null] ]
06-22 20:00:38.644 D/MultiInternetWifiNetworkFactory(  571): got request NetworkRequest [ REQUEST id=134, [ Capabilities: INTERNET&NOT_RESTRICTED&TRUSTED&NOT_VCN_MANAGED Uid: 10190 RequestorUid: 10190 RequestorPkg: com.farsitel.bazaar UnderlyingNetworks: Null] ]
06-22 20:00:38.645 D/ConnectivityService(  571): NetReassign [134 : null → 100] [c 1] [a 4] [i 2]
06-22 20:00:38.675 D/CompatibilityChangeReporter(  571): Compat change id reported: 161145287; UID 10190; state: ENABLED
06-22 20:00:38.856 D/WM-PackageManagerHelper( 5025): androidx.work.impl.background.systemjob.SystemJobService enabled
06-22 20:00:38.856 D/WM-Schedulers( 5025): Created SystemJobScheduler and enabled SystemJobService
06-22 20:00:38.871 D/WM-ForceStopRunnable( 5025): The default process name was not specified.
06-22 20:00:38.875 D/WM-ForceStopRunnable( 5025): Performing cleanup operations.
06-22 20:00:38.902 D/TrafficStats( 5025): tagSocket(83) with statsTag=0xffffffff, statsUid=-1
06-22 20:00:38.964 I/ActivityManager(  571): Flag disabled. Ignoring finishAttachApplication from uid: 10190. pid: 5025
06-22 20:00:39.144 D/libEGL  ( 5025): loaded /vendor/lib64/egl/libEGL_emulation.so
06-22 20:00:39.151 D/libEGL  ( 5025): loaded /vendor/lib64/egl/libGLESv1_CM_emulation.so
06-22 20:00:39.158 D/libEGL  ( 5025): loaded /vendor/lib64/egl/libGLESv2_emulation.so
06-22 20:00:39.210 D/AppCompatDelegate( 5025): Checking for metadata for AppLocalesMetadataHolderService : Service not found
06-22 20:00:39.283 D/CompatibilityChangeReporter( 5025): Compat change id reported: 194532703; UID 10190; state: ENABLED
06-22 20:00:39.284 D/CompatibilityChangeReporter( 5025): Compat change id reported: 253665015; UID 10190; state: ENABLED
06-22 20:00:39.284 D/WM-SystemJobScheduler( 5025): Scheduling work ID 39b4f08c-c578-4720-b90f-c11518323032Job ID 0
06-22 20:00:39.287 D/CompatibilityChangeReporter(  571): Compat change id reported: 271850009; UID 10190; state: ENABLED
06-22 20:00:39.289 D/CompatibilityChangeReporter(  571): Compat change id reported: 253665015; UID 10190; state: ENABLED
06-22 20:00:39.290 D/CompatibilityChangeReporter(  571): Compat change id reported: 194532703; UID 10190; state: ENABLED
06-22 20:00:39.291 D/ConnectivityService(  571): requestNetwork for uid/pid:1000/571 asUid: 10190 activeRequest: null callbackRequest: 135 [NetworkRequest [ REQUEST id=136, [ Capabilities: INTERNET&NOT_RESTRICTED&TRUSTED&NOT_VCN_MANAGED Uid: 10190 RequestorUid: 1000 RequestorPkg: android UnderlyingNetworks: Null] ]] callback flags: 0 order: 2147483647
06-22 20:00:39.298 D/ConnectivityService(  571): NetReassign [136 : null → 100] [c 0] [a 1] [i 4]
06-22 20:00:39.298 D/WifiNetworkFactory(  571): got request NetworkRequest [ REQUEST id=136, [ Capabilities: INTERNET&NOT_RESTRICTED&TRUSTED&NOT_VCN_MANAGED Uid: 10190 RequestorUid: 1000 RequestorPkg: android UnderlyingNetworks: Null] ]
06-22 20:00:39.299 D/UntrustedWifiNetworkFactory(  571): got request NetworkRequest [ REQUEST id=136, [ Capabilities: INTERNET&NOT_RESTRICTED&TRUSTED&NOT_VCN_MANAGED Uid: 10190 RequestorUid: 1000 RequestorPkg: android UnderlyingNetworks: Null] ]
06-22 20:00:39.302 D/OemPaidWifiNetworkFactory(  571): got request NetworkRequest [ REQUEST id=136, [ Capabilities: INTERNET&NOT_RESTRICTED&TRUSTED&NOT_VCN_MANAGED Uid: 10190 RequestorUid: 1000 RequestorPkg: android UnderlyingNetworks: Null] ]
06-22 20:00:39.330 D/MultiInternetWifiNetworkFactory(  571): got request NetworkRequest [ REQUEST id=136, [ Capabilities: INTERNET&NOT_RESTRICTED&TRUSTED&NOT_VCN_MANAGED Uid: 10190 RequestorUid: 1000 RequestorPkg: android UnderlyingNetworks: Null] ]
06-22 20:00:39.349 D/WM-SystemJobScheduler( 5025): Scheduling work ID a3bf4967-a65a-4440-87d3-56dc1930dd7fJob ID 1
06-22 20:00:39.404 D/WM-GreedyScheduler( 5025): Starting work for a3bf4967-a65a-4440-87d3-56dc1930dd7f
06-22 20:00:39.427 D/WM-SystemJobScheduler( 5025): Scheduling work ID 9b37511b-bb8b-4bec-94c4-476ff3767600Job ID 2
06-22 20:00:39.506 D/WM-GreedyScheduler( 5025): Starting tracking for 9b37511b-bb8b-4bec-94c4-476ff3767600
06-22 20:00:39.509 E/RoleControllerServiceImpl( 1258): Default/fallback role holder package doesn't qualify for the role, package: com.google.android.gms.supervision, role: android.app.role.SYSTEM_SUPERVISION
06-22 20:00:39.533 D/WM-SystemJobScheduler( 5025): Scheduling work ID 7eaa8398-cf52-40c2-bb29-c3d6f60c4e4aJob ID 3
06-22 20:00:39.549 I/Role    ( 1258): com.google.android.gms not qualified for android.app.role.SYSTEM_CALL_STREAMING due to missing RequiredComponent{mIntentFilterData=IntentFilterData{mAction='android.telecom.CallStreamingService', mCategories='[]', mDataScheme='null', mDataType='null'}, mMinTargetSdkVersion=1, mFlags='0', mPermission='android.permission.BIND_CALL_STREAMING_SERVICE', mQueryFlags=0, mMetaData=[]}
06-22 20:00:39.549 E/RoleControllerServiceImpl( 1258): Default/fallback role holder package doesn't qualify for the role, package: com.google.android.gms, role: android.app.role.SYSTEM_CALL_STREAMING
06-22 20:00:39.558 W/Role    ( 1258): Default holder doesn't have required signing certificate: com.google.android.apps.work.clouddpc:23962F4B43B9857638EA66F4D419518EAE282491ACDA4B94707BD59003C45E58
06-22 20:00:39.602 D/WM-GreedyScheduler( 5025): Starting tracking for 9b37511b-bb8b-4bec-94c4-476ff3767600,7eaa8398-cf52-40c2-bb29-c3d6f60c4e4a
06-22 20:00:39.685 D/WM-SystemJobScheduler( 5025): Scheduling work ID 606a15b2-696f-4bee-8344-55122d16c9f6Job ID 4
06-22 20:00:39.846 D/WM-GreedyScheduler( 5025): Starting tracking for 606a15b2-696f-4bee-8344-55122d16c9f6,9b37511b-bb8b-4bec-94c4-476ff3767600,7eaa8398-cf52-40c2-bb29-c3d6f60c4e4a
06-22 20:00:39.851 I/ActivityManager(  571): Background started FGS: Allowed [callingPackage: com.google.android.apps.wellbeing; callingUid: 10121; uidState: BTOP; uidBFSL: [BFSL]; intent: Intent { cmp=com.google.android.apps.wellbeing/com.google.apps.tiktok.concurrent.InternalForegroundService (has extras) }; code:BACKGROUND_ACTIVITY_PERMISSION; tempAllowListReason:<null>; targetSdkVersion:33; callerTargetSdkVersion:33; startForegroundCount:0; bindFromPackage:null: isBindService:false]
06-22 20:00:39.888 D/WM-SystemJobScheduler( 5025): Scheduling work ID d7add44f-6809-4b35-b008-86499fc3a100Job ID 5
06-22 20:00:39.898 D/WM-GreedyScheduler( 5025): Starting tracking for 606a15b2-696f-4bee-8344-55122d16c9f6,9b37511b-bb8b-4bec-94c4-476ff3767600,7eaa8398-cf52-40c2-bb29-c3d6f60c4e4a
06-22 20:00:39.901 D/CompatibilityChangeReporter( 5025): Compat change id reported: 210923482; UID 10190; state: ENABLED
06-22 20:00:39.922 I/RoleService(  571): Granting default roles...
06-22 20:00:39.934 D/WM-SystemJobScheduler( 5025): Scheduling work ID 4386a258-7359-4862-9b84-3c5c7671277fJob ID 6
06-22 20:00:40.109 D/CarrierSvcBindHelper(  968): onPackageModified: com.farsitel.bazaar
06-22 20:00:40.111 D/StatusBarIconController(  778): ignoring old pipeline callback because the new wifi icon is enabled
06-22 20:00:40.113 D/CarrierSvcBindHelper(  968): No carrier app for: 0
06-22 20:00:40.118 I/InputReader(  571): Reconfiguring input devices, changes=KEYBOARD_LAYOUTS
06-22 20:00:40.125 D/CompatibilityChangeReporter(  571): Compat change id reported: 170668199; UID 10121; state: ENABLED
06-22 20:00:40.133 D/CompatibilityChangeReporter(  571): Compat change id reported: 255038118; UID 10121; state: DISABLED
06-22 20:00:40.133 V/MediaPlayerList(  920): mPackageChangedBroadcastReceiver: action: android.intent.action.PACKAGE_CHANGED
06-22 20:00:40.133 V/MediaPlayerList(  920): mPackageChangedBroadcastReceiver: action: android.intent.action.PACKAGE_CHANGED
06-22 20:00:40.134 D/CompatibilityChangeReporter(  571): Compat change id reported: 255042465; UID 10121; state: DISABLED
06-22 20:00:40.159 D/WM-GreedyScheduler( 5025): Starting tracking for 606a15b2-696f-4bee-8344-55122d16c9f6,9b37511b-bb8b-4bec-94c4-476ff3767600,7eaa8398-cf52-40c2-bb29-c3d6f60c4e4a,4386a258-7359-4862-9b84-3c5c7671277f
06-22 20:00:40.161 W/Looper  (  571): Slow dispatch took 201ms main h=android.app.ActivityThread$H c=android.app.LoadedApk$ReceiverDispatcher$Args$$ExternalSyntheticLambda0@bac1f47 m=0
06-22 20:00:40.169 D/ControlsListingControllerImpl(  778): ServiceConfig reloaded, count: 0
06-22 20:00:40.185 I/MediaController( 5025): Init 81def95 [AndroidXMedia3/1.4.1] [emu64xa, sdk_gphone64_x86_64, Google, 34]
06-22 20:00:40.190 D/WM-Processor( 5025): t: processing WorkGenerationalId(workSpecId=a3bf4967-a65a-4440-87d3-56dc1930dd7f, generation=0)
06-22 20:00:40.206 D/TrafficStats( 5025): tagSocket(83) with statsTag=0xffffffff, statsUid=-1
06-22 20:00:40.219 D/CompatibilityChangeReporter( 4920): Compat change id reported: 160794467; UID 10121; state: ENABLED
06-22 20:00:40.220 I/PermissionControllerServiceImpl( 1258): Updating user sensitive for uid 10190
06-22 20:00:40.318 D/ConnectivityService(  571): requestNetwork for uid/pid:10190/5025 activeRequest: null callbackRequest: 137 [NetworkRequest [ REQUEST id=138, [ Capabilities: INTERNET&NOT_RESTRICTED&TRUSTED&NOT_VCN_MANAGED Uid: 10190 RequestorUid: 10190 RequestorPkg: com.farsitel.bazaar UnderlyingNetworks: Null] ]] callback flags: 0 order: 2147483647
06-22 20:00:40.334 D/WifiNetworkFactory(  571): got request NetworkRequest [ REQUEST id=138, [ Capabilities: INTERNET&NOT_RESTRICTED&TRUSTED&NOT_VCN_MANAGED Uid: 10190 RequestorUid: 10190 RequestorPkg: com.farsitel.bazaar UnderlyingNetworks: Null] ]
06-22 20:00:40.334 D/UntrustedWifiNetworkFactory(  571): got request NetworkRequest [ REQUEST id=138, [ Capabilities: INTERNET&NOT_RESTRICTED&TRUSTED&NOT_VCN_MANAGED Uid: 10190 RequestorUid: 10190 RequestorPkg: com.farsitel.bazaar UnderlyingNetworks: Null] ]
06-22 20:00:40.337 D/OemPaidWifiNetworkFactory(  571): got request NetworkRequest [ REQUEST id=138, [ Capabilities: INTERNET&NOT_RESTRICTED&TRUSTED&NOT_VCN_MANAGED Uid: 10190 RequestorUid: 10190 RequestorPkg: com.farsitel.bazaar UnderlyingNetworks: Null] ]
06-22 20:00:40.339 D/MultiInternetWifiNetworkFactory(  571): got request NetworkRequest [ REQUEST id=138, [ Capabilities: INTERNET&NOT_RESTRICTED&TRUSTED&NOT_VCN_MANAGED Uid: 10190 RequestorUid: 10190 RequestorPkg: com.farsitel.bazaar UnderlyingNetworks: Null] ]
06-22 20:00:40.341 D/ConnectivityService(  571): NetReassign [138 : null → 100] [c 1] [a 1] [i 14]
06-22 20:00:40.347 D/BufferPoolAccessor2.0(  778): evictor expired: 2, evicted: 0
06-22 20:00:40.359 D/BufferPoolAccessor2.0(  571): evictor expired: 4, evicted: 0
06-22 20:00:40.386 D/CompatibilityChangeReporter( 5025): Compat change id reported: 237531167; UID 10190; state: DISABLED
06-22 20:00:40.390 W/OpenGLRenderer( 5025): Unknown dataspace 0
06-22 20:00:40.409 D/WM-ConstraintTracker( 5025): j: initial state = NetworkState(isConnected=true, isValidated=true, isMetered=false, isNotRoaming=true)
06-22 20:00:40.409 D/WM-NetworkStateTracker( 5025): Registering network callback
06-22 20:00:40.415 D/ImsResolver(  968): maybeAddedImsService, packageName: com.farsitel.bazaar
06-22 20:00:40.418 I/Choreographer( 5025): Skipped 221 frames!  The application may be doing too much work on its main thread.
06-22 20:00:40.425 D/ConnectivityService(  571): requestNetwork for uid/pid:10190/5025 activeRequest: null callbackRequest: 139 [NetworkRequest [ REQUEST id=140, [ Capabilities: INTERNET&NOT_RESTRICTED&TRUSTED&NOT_VCN_MANAGED Uid: 10190 RequestorUid: 10190 RequestorPkg: com.farsitel.bazaar UnderlyingNetworks: Null] ]] callback flags: 0 order: 2147483647
06-22 20:00:40.434 D/WM-NetworkStateTracker( 5025): Network capabilities changed: [ Transports: WIFI Capabilities: NOT_METERED&INTERNET&NOT_RESTRICTED&TRUSTED&NOT_VPN&VALIDATED&NOT_ROAMING&FOREGROUND&NOT_CONGESTED&NOT_SUSPENDED&NOT_VCN_MANAGED LinkUpBandwidth>=12000Kbps LinkDnBandwidth>=30000Kbps TransportInfo: <SSID: <unknown ssid>, BSSID: 02:00:00:00:00:00, MAC: 02:00:00:00:00:00, IP: /10.0.2.16, Security type: 0, Supplicant state: COMPLETED, Wi-Fi standard: 1, RSSI: -50, Link speed: 1Mbps, Tx Link speed: 1Mbps, Max Supported Tx Link speed: 11Mbps, Rx Link speed: 2Mbps, Max Supported Rx Link speed: 11Mbps, Frequency: 2447MHz, Net ID: -1, Metered hint: false, score: 60, isUsable: true, CarrierMerged: false, SubscriptionId: -1, IsPrimary: -1, Trusted: true, Restricted: false, Ephemeral: false, OEM paid: false, OEM private: false, OSU AP: false, FQDN: <none>, Provider friendly name: <none>, Requesting package name: <none><none>MLO Information: , Is TID-To-Link negotiation supported by the AP: false, AP MLD Address: <none>, AP MLO Link Id: <none>, AP MLO Affiliated links: <none>> SignalStrength: -50 UnderlyingNetworks: Null]
06-22 20:00:40.437 D/WM-WorkConstraintsTrack( 5025): NetworkRequestConstraintController register shared callback
06-22 20:00:40.438 D/WifiNetworkFactory(  571): got request NetworkRequest [ REQUEST id=140, [ Capabilities: INTERNET&NOT_RESTRICTED&TRUSTED&NOT_VCN_MANAGED Uid: 10190 RequestorUid: 10190 RequestorPkg: com.farsitel.bazaar UnderlyingNetworks: Null] ]
06-22 20:00:40.438 D/UntrustedWifiNetworkFactory(  571): got request NetworkRequest [ REQUEST id=140, [ Capabilities: INTERNET&NOT_RESTRICTED&TRUSTED&NOT_VCN_MANAGED Uid: 10190 RequestorUid: 10190 RequestorPkg: com.farsitel.bazaar UnderlyingNetworks: Null] ]
06-22 20:00:40.440 D/OemPaidWifiNetworkFactory(  571): got request NetworkRequest [ REQUEST id=140, [ Capabilities: INTERNET&NOT_RESTRICTED&TRUSTED&NOT_VCN_MANAGED Uid: 10190 RequestorUid: 10190 RequestorPkg: com.farsitel.bazaar UnderlyingNetworks: Null] ]
06-22 20:00:40.440 D/MultiInternetWifiNetworkFactory(  571): got request NetworkRequest [ REQUEST id=140, [ Capabilities: INTERNET&NOT_RESTRICTED&TRUSTED&NOT_VCN_MANAGED Uid: 10190 RequestorUid: 10190 RequestorPkg: com.farsitel.bazaar UnderlyingNetworks: Null] ]
06-22 20:00:40.442 D/ConnectivityService(  571): NetReassign [140 : null → 100] [c 1] [a 1] [i 10]
06-22 20:00:40.445 D/ConnectivityService(  571): requestNetwork for uid/pid:10190/5025 activeRequest: null callbackRequest: 141 [NetworkRequest [ REQUEST id=142, [ Capabilities: INTERNET&NOT_RESTRICTED&TRUSTED&NOT_VCN_MANAGED Uid: 10190 RequestorUid: 10190 RequestorPkg: com.farsitel.bazaar UnderlyingNetworks: Null] ]] callback flags: 0 order: 2147483647
06-22 20:00:40.449 D/WM-WorkConstraintsTrack( 5025): NetworkRequestConstraintController onCapabilitiesChanged callback
06-22 20:00:40.459 D/WifiNetworkFactory(  571): got request NetworkRequest [ REQUEST id=142, [ Capabilities: INTERNET&NOT_RESTRICTED&TRUSTED&NOT_VCN_MANAGED Uid: 10190 RequestorUid: 10190 RequestorPkg: com.farsitel.bazaar UnderlyingNetworks: Null] ]
06-22 20:00:40.465 D/UntrustedWifiNetworkFactory(  571): got request NetworkRequest [ REQUEST id=142, [ Capabilities: INTERNET&NOT_RESTRICTED&TRUSTED&NOT_VCN_MANAGED Uid: 10190 RequestorUid: 10190 RequestorPkg: com.farsitel.bazaar UnderlyingNetworks: Null] ]
06-22 20:00:40.467 D/ConnectivityService(  571): NetReassign [142 : null → 100] [c 1] [a 7] [i 13]
06-22 20:00:40.470 W/Looper  (  571): Slow dispatch took 112ms android.fg h=android.os.Handler c=<recycled PooledLambda@9ab9296> m=0
06-22 20:00:40.477 D/OemPaidWifiNetworkFactory(  571): got request NetworkRequest [ REQUEST id=142, [ Capabilities: INTERNET&NOT_RESTRICTED&TRUSTED&NOT_VCN_MANAGED Uid: 10190 RequestorUid: 10190 RequestorPkg: com.farsitel.bazaar UnderlyingNetworks: Null] ]
06-22 20:00:40.480 D/MultiInternetWifiNetworkFactory(  571): got request NetworkRequest [ REQUEST id=142, [ Capabilities: INTERNET&NOT_RESTRICTED&TRUSTED&NOT_VCN_MANAGED Uid: 10190 RequestorUid: 10190 RequestorPkg: com.farsitel.bazaar UnderlyingNetworks: Null] ]
06-22 20:00:40.490 D/EGL_emulation(  778): app_time_stats: avg=846.48ms min=16.69ms max=4014.11ms count=5
06-22 20:00:40.490 E/system_server(  571): No package ID 7f found for resource ID 0x7f080320.
06-22 20:00:40.490 E/system_server(  571): No package ID 7f found for resource ID 0x7f1305da.
06-22 20:00:40.491 E/system_server(  571): No package ID 7f found for resource ID 0x7f080324.
06-22 20:00:40.491 E/system_server(  571): No package ID 7f found for resource ID 0x7f130684.
06-22 20:00:40.496 D/CoreBackPreview(  571): Window{4602b09 u0 com.farsitel.bazaar/com.farsitel.bazaar.MainActivity}: Setting back callback OnBackInvokedCallbackInfo{mCallback=android.window.IOnBackInvokedCallback$Stub$Proxy@947b3a5, mPriority=-1, mIsAnimationCallback=false}
06-22 20:00:40.532 D/WM-PackageManagerHelper( 5025): androidx.work.impl.background.systemalarm.RescheduleReceiver enabled
06-22 20:00:40.536 D/WM-GreedyScheduler( 5025): Constraints met: Scheduling work ID WorkGenerationalId(workSpecId=9b37511b-bb8b-4bec-94c4-476ff3767600, generation=0)
06-22 20:00:40.537 D/WM-GreedyScheduler( 5025): Constraints met: Scheduling work ID WorkGenerationalId(workSpecId=7eaa8398-cf52-40c2-bb29-c3d6f60c4e4a, generation=0)
06-22 20:00:40.538 D/WM-GreedyScheduler( 5025): Constraints met: Scheduling work ID WorkGenerationalId(workSpecId=606a15b2-696f-4bee-8344-55122d16c9f6, generation=0)
06-22 20:00:40.538 D/WM-GreedyScheduler( 5025): Constraints met: Scheduling work ID WorkGenerationalId(workSpecId=4386a258-7359-4862-9b84-3c5c7671277f, generation=0)
06-22 20:00:40.547 D/WM-Processor( 5025): t: processing WorkGenerationalId(workSpecId=9b37511b-bb8b-4bec-94c4-476ff3767600, generation=0)
06-22 20:00:40.551 D/WM-Processor( 5025): t: processing WorkGenerationalId(workSpecId=7eaa8398-cf52-40c2-bb29-c3d6f60c4e4a, generation=0)
06-22 20:00:40.554 D/WM-Processor( 5025): t: processing WorkGenerationalId(workSpecId=606a15b2-696f-4bee-8344-55122d16c9f6, generation=0)
06-22 20:00:40.556 D/WM-Processor( 5025): t: processing WorkGenerationalId(workSpecId=4386a258-7359-4862-9b84-3c5c7671277f, generation=0)
06-22 20:00:40.596 I/Fitness ( 1241): (REDACTED) OnPackageChangedOperation got intent: %s
06-22 20:00:40.618 I/Fitness ( 1241): (REDACTED) FitCleanupIntentOperation received Intent %s
06-22 20:00:40.678 D/CompatibilityChangeReporter(  571): Compat change id reported: 161252188; UID 10190; state: DISABLED
06-22 20:00:40.831 I/AiAiEcho( 1436): AppFetcherImpl onPackageChanged com.farsitel.bazaar.
06-22 20:00:40.837 W/ChimeraUtils( 1241): Module com.google.android.gms.nearby_en missing resource null(0)
06-22 20:00:40.842 I/AiAiEcho( 1436): AppIndexer Package:[com.farsitel.bazaar] UserProfile:[0] Enabled:[true].
06-22 20:00:40.842 I/AiAiEcho( 1436): AppFetcherImplV2 updateApps package:[com.farsitel.bazaar], userId:[0], reason:[package is updated.].
06-22 20:00:40.864 W/ChimeraUtils( 1241): Module com.google.android.gms.nearby_en missing resource null(0)
06-22 20:00:40.935 D/BufferPoolAccessor2.0(  508): bufferpool2 0x7f8eb40d39a8 : 1(3888000 size) total buffers - 1(3888000 size) used buffers - 11/12 (recycle/alloc) - 1/12 (fetch/transfer)
06-22 20:00:40.970 I/artd    ( 5187): Starting artd
06-22 20:00:40.971 I/AidlLazyServiceRegistrar( 5187): Registering service artd
06-22 20:00:41.060 D/PickerSyncController( 1421): syncAllMedia
06-22 20:00:41.060 D/PickerSyncController( 1421): syncAllMediaFromProvider() LOCAL, auth=com.android.providers.media.photopicker, retry=true
06-22 20:00:41.060 D/PickerSyncController( 1421): getSyncRequestParams() LOCAL, auth=com.android.providers.media.photopicker
06-22 20:00:41.110 D/PickerSyncController( 1421):    Latest ID/Gen=1407:f472a090-5a5d-46d3-99c7-142a96c82cd3:0000-0000:external_primary/124
06-22 20:00:41.110 D/PickerSyncController( 1421):    Cached ID/Gen=1407:f472a090-5a5d-46d3-99c7-142a96c82cd3:0000-0000:external_primary/106
06-22 20:00:41.111 D/PickerSyncController( 1421):    RESULT=SyncRequestParams{type=MEDIA_INCREMENTAL, gen=106, latest=Bundle[{last_media_sync_generation=124, media_collection_id=1407:f472a090-5a5d-46d3-99c7-142a96c82cd3:0000-0000:external_primary}]}
06-22 20:00:41.111 I/PickerSyncController( 1421): Executing SyncAdd. isLocal: true. authority: com.android.providers.media.photopicker
06-22 20:00:41.124 E/InputDispatcher(  571): Dropping KEY event because there is no focused window
06-22 20:00:41.145 I/AidlLazyServiceRegistrar( 5187): Process has 1 (of 1 available) client(s) in use after notification artd has clients: 1
06-22 20:00:41.159 W/ziparchive( 5187): Unable to open '/data/user_de/0/com.google.android.gms/app_chimera/m/00000009/dl-MlkitBarcodeUi.optional_231818100000.dm': No such file or directory
06-22 20:00:41.159 W/ziparchive( 5187): Unable to open '/data/user_de/0/com.google.android.gms/app_chimera/m/00000009/dl-MlkitBarcodeUi.optional_231818100000.dm': No such file or directory
06-22 20:00:41.166 W/InputManager(  571): Input event injection from pid 5046 failed.
06-22 20:00:41.167 I/WindowManager(  571): ANR in ActivityRecord{aa9decd u0 com.farsitel.bazaar/.MainActivity t13}.  Reason: Input dispatching timed out (Application does not have a focused window)
06-22 20:00:41.172 I/PickerSyncController( 1421): Paged sync successful. QueryArgs: Bundle[{android.provider.extra.SYNC_GENERATION=106}]. Result count: 0. Cursor count: 0
06-22 20:00:41.173 I/PickerSyncController( 1421): Executing SyncRemove. isLocal: true. authority: com.android.providers.media.photopicker
06-22 20:00:41.190 W/PickerDbFacade( 1421): Unable to promote cloud media with localId: 1000000036
06-22 20:00:41.190 I/PickerSyncController( 1421): Paged sync successful. QueryArgs: Bundle[{android.provider.extra.SYNC_GENERATION=106}]. Result count: 0. Cursor count: 1
06-22 20:00:41.191 D/PickerSyncController( 1421): syncAllMediaFromProvider() CLOUD, auth=null, retry=true
06-22 20:00:41.191 D/PickerSyncController( 1421): getSyncRequestParams() CLOUD, auth=null
06-22 20:00:41.191 D/PickerSyncController( 1421):    RESULT=SyncRequestParams{type=MEDIA_RESET, gen=0, latest=null}
06-22 20:00:41.191 I/PickerSyncController( 1421): Executing SyncReset. isLocal: false. authority: null
06-22 20:00:41.194 W/ziparchive( 5187): Unable to open '/data/user_de/0/com.google.android.gms/app_chimera/m/00000000/AdsDynamite.dm': No such file or directory
06-22 20:00:41.194 W/ziparchive( 5187): Unable to open '/data/user_de/0/com.google.android.gms/app_chimera/m/00000000/AdsDynamite.dm': No such file or directory
06-22 20:00:41.199 I/PickerSyncController( 1421): SyncReset. isLocal:false. authority: null. result count: 0
06-22 20:00:41.199 D/PickerSyncController( 1421): Ignoring cache media info for null authority with bundle: null
06-22 20:00:41.199 I/PickerSyncController( 1421): Executing SyncAlbumReset. isLocal: true. authority: com.android.providers.media.photopicker. albumId: null
06-22 20:00:41.207 I/PickerSyncController( 1421): Successfully executed SyncResetAlbum. authority: com.android.providers.media.photopicker. albumId: null. Result count: 0
06-22 20:00:41.207 I/PickerSyncController( 1421): Executing SyncAlbumReset. isLocal: false. authority: null. albumId: null
06-22 20:00:41.209 W/ziparchive( 5187): Unable to open '/data/user_de/0/com.google.android.gms/app_chimera/m/00000004/DynamiteModulesC.dm': No such file or directory
06-22 20:00:41.210 W/ziparchive( 5187): Unable to open '/data/user_de/0/com.google.android.gms/app_chimera/m/00000004/DynamiteModulesC.dm': No such file or directory
06-22 20:00:41.227 W/ziparchive( 5187): Unable to open '/data/user_de/0/com.google.android.gms/app_chimera/m/00000001/CronetDynamite.dm': No such file or directory
06-22 20:00:41.227 W/ziparchive( 5187): Unable to open '/data/user_de/0/com.google.android.gms/app_chimera/m/00000001/CronetDynamite.dm': No such file or directory
06-22 20:00:41.229 I/Icing   ( 1801): Indexing com.google.android.gms-apps from com.google.android.gms
06-22 20:00:41.233 W/ziparchive( 5187): Unable to open '/data/user_de/0/com.google.android.gms/app_chimera/m/00000002/DynamiteLoader.dm': No such file or directory
06-22 20:00:41.233 W/ziparchive( 5187): Unable to open '/data/user_de/0/com.google.android.gms/app_chimera/m/00000002/DynamiteLoader.dm': No such file or directory
06-22 20:00:41.245 I/PickerSyncController( 1421): Successfully executed SyncResetAlbum. authority: null. albumId: null. Result count: 0
06-22 20:00:41.262 D/ActivityManager(  571): created ANR temporary file:/data/anr/temp_anr_781165700612810415.txt
06-22 20:00:41.262 I/ActivityManager(  571): Collecting stacks for pid 5025 into temporary file temp_anr_781165700612810415.txt
06-22 20:00:41.263 W/ziparchive( 5187): Unable to open '/data/user_de/0/com.google.android.gms/app_chimera/m/00000008/dl-VisionOcrDynamite.integ_231602402100000.dm': No such file or directory
06-22 20:00:41.263 W/ziparchive( 5187): Unable to open '/data/user_de/0/com.google.android.gms/app_chimera/m/00000008/dl-VisionOcrDynamite.integ_231602402100000.dm': No such file or directory
06-22 20:00:41.270 I/system_server(  571): libdebuggerd_client: started dumping process 5025
06-22 20:00:41.274 W/ziparchive( 5187): Unable to open '/data/user_de/0/com.google.android.gms/app_chimera/m/00000005/GoogleCertificates.dm': No such file or directory
06-22 20:00:41.275 W/ziparchive( 5187): Unable to open '/data/user_de/0/com.google.android.gms/app_chimera/m/00000005/GoogleCertificates.dm': No such file or directory
06-22 20:00:41.279 I/tombstoned(  231): registered intercept for pid 5025 and type kDebuggerdJavaBacktrace
06-22 20:00:41.280 I/farsitel.bazaar( 5025): Thread[3,tid=5032,WaitingInMainSignalCatcherLoop,Thread*=0x743d5dd3eb20,peer=0x12c403e0,"Signal Catcher"]: reacting to signal 3
06-22 20:00:41.280 I/farsitel.bazaar( 5025): 
06-22 20:00:41.283 W/ziparchive( 5187): Unable to open '/data/user_de/0/com.google.android.gms/app_chimera/m/0000000b/dl-TfliteDynamiteDynamite.integ_260580502100800.dm': No such file or directory
06-22 20:00:41.283 W/ziparchive( 5187): Unable to open '/data/user_de/0/com.google.android.gms/app_chimera/m/0000000b/dl-TfliteDynamiteDynamite.integ_260580502100800.dm': No such file or directory
06-22 20:00:41.291 W/ziparchive( 5187): Unable to open '/data/user_de/0/com.google.android.gms/app_chimera/m/0000000a/dl-MlkitOcrCommon.optional_231818100800.dm': No such file or directory
06-22 20:00:41.291 W/ziparchive( 5187): Unable to open '/data/user_de/0/com.google.android.gms/app_chimera/m/0000000a/dl-MlkitOcrCommon.optional_231818100800.dm': No such file or directory
06-22 20:00:41.306 W/Looper  (  571): Slow dispatch took 134ms android.fg h=android.os.Handler c=com.android.server.wm.AnrController$$ExternalSyntheticLambda2@5b251ff m=0
06-22 20:00:41.311 W/ziparchive( 5187): Unable to open '/data/user_de/0/com.google.android.gms/app_chimera/m/00000007/MeasurementDynamite.dm': No such file or directory
06-22 20:00:41.311 W/ziparchive( 5187): Unable to open '/data/user_de/0/com.google.android.gms/app_chimera/m/00000007/MeasurementDynamite.dm': No such file or directory
06-22 20:00:41.348 D/BufferPoolAccessor2.0(  778): evictor expired: 1, evicted: 0
06-22 20:00:41.360 D/BufferPoolAccessor2.0(  571): evictor expired: 2, evicted: 0
06-22 20:00:41.379 I/ActivityManager(  571): dumpStackTraces pids={920=true, 1000=true, 1033=true, 1241=true, 1258=true, 1321=true, 1421=true, 1436=true, 1462=true, 1484=true, 1492=true, 1562=true, 1575=true, 1657=true, 1668=true, 1756=true, 1801=true, 2173=true, 2510=true, 3271=true, 3535=true, 3619=true, 3690=true, 3966=true, 4223=true, 4786=true, 4894=true, 4920=true}
06-22 20:00:41.380 I/ActivityManager(  571): Dumping to /data/anr/anr_2026-06-22-20-00-41-379
06-22 20:00:41.455 W/ProcessCpuTracker(  571): Failed to stat(/proc/5167): android.system.ErrnoException: stat failed: ENOENT (No such file or directory)
06-22 20:00:41.455 W/ProcessCpuTracker(  571): Skipping unknown process pid 5167
06-22 20:00:41.490 I/Icing   ( 1801): Indexing done com.google.android.gms-apps
06-22 20:00:41.578 I/RoleService(  571): Granting default roles...
06-22 20:00:41.647 W/ServiceManagerCppClient(  444): Permission failure: android.permission.ROTATE_SURFACE_FLINGER from uid=10190 pid=5025
06-22 20:00:41.647 D/PermissionCache(  444): checking android.permission.ROTATE_SURFACE_FLINGER for uid=10190 => denied (859 us)
06-22 20:00:41.648 W/ServiceManagerCppClient(  444): Permission failure: android.permission.INTERNAL_SYSTEM_WINDOW from uid=10190 pid=5025
06-22 20:00:41.648 D/PermissionCache(  444): checking android.permission.INTERNAL_SYSTEM_WINDOW for uid=10190 => denied (725 us)
