06-22 20:00:48.260 I/OpenGLRenderer( 5025): Davey! duration=1918ms; Flags=0, FrameTimelineVsyncId=54801, IntendedVsync=841932382312, Vsync=843715715574, InputEventId=0, HandleInputStart=843725683600, AnimationStart=843725737500, PerformTraversalsStart=843727923300, DrawStart=843728013600, FrameDeadline=842149048970, FrameInterval=843724353800, FrameStartTime=16666666, SyncQueued=843728791800, SyncStart=843729107500, IssueDrawCommandsStart=843729278400, SwapBuffers=843794114700, FrameCompleted=843851667500, DequeueBufferDuration=71800, QueueBufferDuration=25582700, GpuCompleted=843851044800, SwapBuffersCompleted=843851667500, DisplayPresentTime=0, CommandSubmissionCompleted=843794114700, 
06-22 20:00:48.311 I/Finsky  ( 1657): [128] ycw.a(35): SCH: Satisfied jobs for 9217 are: 12-1
06-22 20:00:48.313 I/AidlLazyServiceRegistrar( 5187): Process has 0 (of 1 available) client(s) in use after notification artd has clients: 0
06-22 20:00:48.313 I/AidlLazyServiceRegistrar( 5187): Trying to shut down the service. No clients in use for any service in process.
06-22 20:00:48.322 I/AidlLazyServiceRegistrar( 5187): Unregistered all clients and exiting
06-22 20:00:48.331 I/Finsky  ( 1657): [131] yrd.accept(66): SCH: Job 12-1 starting
06-22 20:00:48.385 D/EGL_emulation(  778): app_time_stats: avg=2042.97ms min=8.22ms max=10096.91ms count=5
06-22 20:00:48.558 W/ActivityTaskManager(  571): callingPackage for (uid=2000, pid=5335) has no WPC
06-22 20:00:48.616 D/CompatibilityChangeReporter(  571): Compat change id reported: 265464455; UID 10190; state: DISABLED
06-22 20:00:48.617 D/CompatibilityChangeReporter(  571): Compat change id reported: 265452344; UID 10190; state: DISABLED
06-22 20:00:48.618 D/CompatibilityChangeReporter(  571): Compat change id reported: 266124927; UID 10190; state: DISABLED
06-22 20:00:48.619 D/CompatibilityChangeReporter(  571): Compat change id reported: 265451093; UID 10190; state: DISABLED
06-22 20:00:48.620 D/CompatibilityChangeReporter(  571): Compat change id reported: 265456536; UID 10190; state: DISABLED
06-22 20:00:48.620 D/CompatibilityChangeReporter(  571): Compat change id reported: 255940284; UID 10190; state: DISABLED
06-22 20:00:48.621 D/CompatibilityChangeReporter(  571): Compat change id reported: 236283604; UID 10190; state: DISABLED
06-22 20:00:48.623 D/CompatibilityChangeReporter(  571): Compat change id reported: 263959004; UID 10190; state: DISABLED
06-22 20:00:48.625 D/CompatibilityChangeReporter(  571): Compat change id reported: 264304459; UID 10190; state: DISABLED
06-22 20:00:48.625 D/CompatibilityChangeReporter(  571): Compat change id reported: 264301586; UID 10190; state: DISABLED
06-22 20:00:48.626 D/CompatibilityChangeReporter(  571): Compat change id reported: 254631730; UID 10190; state: DISABLED
06-22 20:00:48.627 D/CompatibilityChangeReporter(  571): Compat change id reported: 273509367; UID 10190; state: DISABLED
06-22 20:00:48.630 D/CompatibilityChangeReporter(  571): Compat change id reported: 263259275; UID 10190; state: DISABLED
06-22 20:00:48.631 D/CompatibilityChangeReporter(  571): Compat change id reported: 174042980; UID 10190; state: DISABLED
06-22 20:00:48.633 D/CompatibilityChangeReporter(  571): Compat change id reported: 174042936; UID 10190; state: DISABLED
06-22 20:00:48.634 D/CompatibilityChangeReporter(  571): Compat change id reported: 181136395; UID 10190; state: DISABLED
06-22 20:00:48.635 D/CompatibilityChangeReporter(  571): Compat change id reported: 194480991; UID 10190; state: ENABLED
06-22 20:00:48.670 D/CompatibilityChangeReporter(  571): Compat change id reported: 184838306; UID 10190; state: DISABLED
06-22 20:00:48.671 D/CompatibilityChangeReporter(  571): Compat change id reported: 185004937; UID 10190; state: DISABLED
06-22 20:00:48.676 D/CompatibilityChangeReporter(  571): Compat change id reported: 205907456; UID 10190; state: ENABLED
06-22 20:00:48.682 I/Choreographer( 1000): Skipped 40 frames!  The application may be doing too much work on its main thread.
06-22 20:00:48.686 I/ActivityTaskManager(  571): Add Task{ad63ad0 #13 type=standard I=com.farsitel.bazaar/.MainActivity} to hidden list because adding Task{c2a2e6b #14 type=standard I=com.farsitel.bazaar/.MainActivity}
06-22 20:00:48.691 V/WindowManagerShell(  778): Transition requested: android.os.BinderProxy@a64dd2f TransitionRequestInfo { type = OPEN, triggerTask = TaskInfo{userId=0 taskId=14 displayId=0 isRunning=true baseIntent=Intent { act=android.intent.action.MAIN cat=[android.intent.category.LAUNCHER] flg=0x10200000 cmp=com.farsitel.bazaar/.MainActivity } baseActivity=ComponentInfo{com.farsitel.bazaar/com.farsitel.bazaar.MainActivity} topActivity=ComponentInfo{com.farsitel.bazaar/com.farsitel.bazaar.MainActivity} origActivity=null realActivity=ComponentInfo{com.farsitel.bazaar/com.farsitel.bazaar.MainActivity} numActivities=1 lastActiveTime=844331 supportsMultiWindow=true resizeMode=1 isResizeable=true minWidth=-1 minHeight=-1 defaultMinSize=220 token=WCT{android.window.IWindowContainerToken$Stub$Proxy@9b0af3c} topActivityType=1 pictureInPictureParams=null shouldDockBigOverlays=false launchIntoPipHostTaskId=-1 lastParentTaskIdBeforePip=-1 displayCutoutSafeInsets=null topActivityInfo=ActivityInfo{a0714c5 com.farsitel.bazaar.MainActivity} launchCookies=[] positionInParent=Point(0, 0) parentTaskId=-1 isFocused=false isVisible=false isVisibleRequested=false isSleeping=false topActivityInSizeCompat=false topActivityEligibleForLetterboxEducation= false topActivityLetterboxed= false isFromDoubleTap= false topActivityLetterboxVerticalPosition= -1 topActivityLetterboxHorizontalPosition= -1 topActivityLetterboxWidth=-1 topActivityLetterboxHeight=-1 locusId=null displayAreaFeatureId=1 cameraCompatControlState=hidden}, remoteTransition = null, displayChange = null }
06-22 20:00:48.698 D/CompatibilityChangeReporter(  571): Compat change id reported: 194833441; UID 10190; state: ENABLED
06-22 20:00:48.698 I/ActivityTaskManager(  571): START u0 {act=android.intent.action.MAIN cat=[android.intent.category.LAUNCHER] flg=0x10200000 cmp=com.farsitel.bazaar/.MainActivity} with LAUNCH_SINGLE_TASK from uid 2000 (BAL_ALLOW_PERMISSION) result code=0
06-22 20:00:48.700 I/Monkey  ( 5335): Events injected: 1
06-22 20:00:48.714 I/BpBinder(  444): onLastStrongRef automatically unlinking death recipients: 
06-22 20:00:48.722 I/Monkey  ( 5335): ## Network stats: elapsed time=439ms (0ms mobile, 0ms wifi, 439ms not connected)
06-22 20:00:48.729 D/CompatibilityChangeReporter(  571): Compat change id reported: 168419799; UID 10190; state: DISABLED
06-22 20:00:48.729 I/app_process( 5335): System.exit called, status: 0
06-22 20:00:48.729 I/AndroidRuntime( 5335): VM exiting with result code 0.
06-22 20:00:48.729 D/CompatibilityChangeReporter(  571): Compat change id reported: 273564678; UID 10190; state: DISABLED
06-22 20:00:48.780 D/EGL_emulation( 1000): app_time_stats: avg=147.15ms min=8.68ms max=737.92ms count=11
06-22 20:00:48.853 I/tombstoned(  231): received crash request for pid 1000
06-22 20:00:48.853 I/tombstoned(  231): found intercept fd 512 for pid 1000 and type kDebuggerdJavaBacktrace
06-22 20:00:48.863 I/s.nexuslauncher( 1000): Wrote stack traces to tombstoned
06-22 20:00:48.867 W/tombstoned(  231): skipping tombstone file creation due to intercept
06-22 20:00:49.039 I/system_server(  571): libdebuggerd_client: done dumping process 1000
06-22 20:00:49.059 I/ActivityManager(  571): Done dumping
06-22 20:00:49.146 W/Looper  (  571): Slow dispatch took 178ms android.ui h=com.android.server.am.ActivityManagerService$UiHandler c=com.android.server.am.UidObserverController$$ExternalSyntheticLambda0@53aeea6 m=0
06-22 20:00:49.159 I/Finsky  ( 1657): [2] ContentSyncJob.v(3): [ContentSync] job started
06-22 20:00:49.209 I/WM-WorkerWrapper( 5025): Worker result SUCCESS for Work [ id=a3bf4967-a65a-4440-87d3-56dc1930dd7f, tags={ com.farsitel.bazaar.work.PackageChangeAppWorker,packageDiffWorker } ]
06-22 20:00:49.235 W/Looper  (  571): Slow dispatch took 442ms main h=com.android.providers.settings.SettingsProvider$SettingsRegistry$MyHandler c=null m=2
06-22 20:00:49.246 W/ActivityTaskManager(  571): takeTaskSnapshot: taskId=14 not found or not visible
06-22 20:00:49.401 E/ActivityManager(  571): ANR in com.farsitel.bazaar (com.farsitel.bazaar/.MainActivity)
06-22 20:00:49.401 E/ActivityManager(  571): PID: 5025
06-22 20:00:49.401 E/ActivityManager(  571): Reason: Input dispatching timed out (Application does not have a focused window)
06-22 20:00:49.401 E/ActivityManager(  571): Parent: com.farsitel.bazaar/.MainActivity
06-22 20:00:49.401 E/ActivityManager(  571): ErrorId: 8858f059-c68a-45ec-bf5c-a6352fbb7428
06-22 20:00:49.401 E/ActivityManager(  571): Frozen: false
06-22 20:00:49.401 E/ActivityManager(  571): Load: 3.33 / 2.03 / 2.12
06-22 20:00:49.401 E/ActivityManager(  571): ----- Output from /proc/pressure/memory -----
06-22 20:00:49.401 E/ActivityManager(  571): some avg10=0.61 avg60=0.25 avg300=0.60 total=15252620
06-22 20:00:49.401 E/ActivityManager(  571): full avg10=0.25 avg60=0.15 avg300=0.24 total=5970492
06-22 20:00:49.401 E/ActivityManager(  571): ----- End output from /proc/pressure/memory -----
06-22 20:00:49.401 E/ActivityManager(  571): ----- Output from /proc/pressure/cpu -----
06-22 20:00:49.401 E/ActivityManager(  571): some avg10=35.72 avg60=10.26 avg300=5.84 total=111100692
06-22 20:00:49.401 E/ActivityManager(  571): full avg10=0.00 avg60=0.00 avg300=0.00 total=0
06-22 20:00:49.401 E/ActivityManager(  571): ----- End output from /proc/pressure/cpu -----
06-22 20:00:49.401 E/ActivityManager(  571): ----- Output from /proc/pressure/io -----
06-22 20:00:49.401 E/ActivityManager(  571): some avg10=7.82 avg60=2.58 avg300=1.33 total=21285420
06-22 20:00:49.401 E/ActivityManager(  571): full avg10=2.18 avg60=1.02 avg300=0.50 total=7643565
06-22 20:00:49.401 E/ActivityManager(  571): ----- End output from /proc/pressure/io -----
06-22 20:00:49.401 E/ActivityManager(  571): 
06-22 20:00:49.401 E/ActivityManager(  571): CPU usage from 11ms to 7842ms later (2026-06-22 20:00:41.321 to 2026-06-22 20:00:49.152):
06-22 20:00:49.401 E/ActivityManager(  571):   116% 508/media.swcodec: 47% user + 69% kernel / faults: 593 minor
06-22 20:00:49.401 E/ActivityManager(  571):   96% 571/system_server: 12% user + 83% kernel / faults: 12507 minor 277 major
06-22 20:00:49.401 E/ActivityManager(  571):   71% 5025/com.farsitel.bazaar: 18% user + 52% kernel / faults: 17576 minor 242 major
06-22 20:00:49.401 E/ActivityManager(  571):   47% 444/surfaceflinger: 1.2% user + 46% kernel / faults: 86 minor 7 major
06-22 20:00:49.401 E/ActivityManager(  571):   21% 431/android.hardware.graphics.composer3-service.ranchu: 0.1% user + 20% kernel
06-22 20:00:49.401 E/ActivityManager(  571):   16% 4920/com.google.android.apps.wellbeing: 0.3% user + 15% kernel / faults: 1604 minor 365 major
06-22 20:00:49.401 E/ActivityManager(  571):   15% 1000/com.google.android.apps.nexuslauncher: 3.7% user + 11% kernel / faults: 2680 minor 75 major
06-22 20:00:49.401 E/ActivityManager(  571):   14% 778/com.android.systemui: 3% user + 11% kernel / faults: 2584 minor 130 major
06-22 20:00:49.401 E/ActivityManager(  571):   9.1% 388/android.hardware.graphics.allocator@3.0-service.ranchu: 0% user + 9.1% kernel
06-22 20:00:49.401 E/ActivityManager(  571):   8.5% 1436/com.google.android.as: 2.1% user + 6.3% kernel / faults: 1613 minor 316 major
06-22 20:00:49.401 E/ActivityManager(  571): 90% TOTAL: 18% user + 68% kernel + 1.1% iowait + 1.4% softirq
06-22 20:00:49.401 E/ActivityManager(  571): CPU usage from 149ms to 1549ms later (2026-06-22 20:00:41.459 to 2026-06-22 20:00:42.859):
06-22 20:00:49.401 E/ActivityManager(  571):   136% 508/media.swcodec: 56% user + 79% kernel / faults: 120 minor
06-22 20:00:49.401 E/ActivityManager(  571):     75% 5003/oid.avc.encoder: 33% user + 42% kernel
06-22 20:00:49.401 E/ActivityManager(  571):    +0% 5227/oid.avc.encoder: 0% user + 0% kernel
06-22 20:00:49.401 E/ActivityManager(  571):    +0% 5228/oid.avc.encoder: 0% user + 0% kernel
06-22 20:00:49.401 E/ActivityManager(  571):    +0% 5229/oid.avc.encoder: 0% user + 0% kernel
06-22 20:00:49.401 E/ActivityManager(  571):   115% 571/system_server: 19% user + 96% kernel / faults: 2262 minor 186 major
06-22 20:00:49.401 E/ActivityManager(  571):     31% 579/Signal Catcher: 11% user + 19% kernel
06-22 20:00:49.401 E/ActivityManager(  571):     20% 5195/AnrAuxiliaryTas: 1.5% user + 19% kernel
06-22 20:00:49.401 E/ActivityManager(  571):     6.3% 589/android.fg: 1.5% user + 4.7% kernel
06-22 20:00:49.401 E/ActivityManager(  571):     4.7% 600/android.bg: 0% user + 4.7% kernel
06-22 20:00:49.401 E/ActivityManager(  571):     4.7% 601/ActivityManager: 0% user + 4.7% kernel
06-22 20:00:49.401 E/ActivityManager(  571):     4.7% 644/eduling.default: 0% user + 4.7% kernel
06-22 20:00:49.401 E/ActivityManager(  571):     3.1% 592/android.display: 0.7% user + 2.3% kernel
06-22 20:00:49.401 E/ActivityManager(  571):     3.1% 633/binder:571_3: 0% user + 3.1% kernel
06-22 20:00:49.401 E/ActivityManager(  571):     2.3% 667/InputReader: 0% user + 2.3% kernel
06-22 20:00:49.401 E/ActivityManager(  571):     2.3% 1524/binder:571_D: 0% user + 2.3% kernel
06-22 20:00:49.401 E/ActivityManager(  571):     1.5% 571/system_server: 0% user + 1.5% kernel
06-22 20:00:49.401 E/ActivityManager(  571):     1.5% 586/binder:571_1: 0% user + 1.5% kernel
06-22 20:00:49.401 E/ActivityManager(  571):     1.5% 593/android.anim: 0.7% user + 0.7% kernel
06-22 20:00:49.401 E/ActivityManager(  571):     1.5% 1364/binder:571_9: 0% user + 1.5% kernel
06-22 20:00:49.401 E/ActivityManager(  571):     1.5% 2433/binder:571_1E: 0% user + 1.5% kernel
06-22 20:00:49.401 E/ActivityManager(  571):     1.5% 5193/AnrMainProcessD: 0% user + 1.5% kernel
06-22 20:00:49.401 E/ActivityManager(  571):     0.7% 587/binder:571_2: 0% user + 0.7% kernel
06-22 20:00:49.401 E/ActivityManager(  571):     0.7% 590/android.ui: 0% user + 0.7% kernel
06-22 20:00:49.401 E/ActivityManager(  571):     0.7% 603/ActivityManager: 0% user + 0.7% kernel
06-22 20:00:49.401 E/ActivityManager(  571):     0.7% 606/OomAdjuster: 0% user + 0.7% kernel
06-22 20:00:49.401 E/ActivityManager(  571):     0.7% 642/SensorService: 0% user + 0.7% kernel
06-22 20:00:49.401 E/ActivityManager(  571):     0.7% 655/oregroundThread: 0% user + 0.7% kernel
06-22 20:00:49.401 E/ActivityManager(  571):     0.7% 666/InputDispatcher: 0% user + 0.7% kernel
06-22 20:00:49.401 E/ActivityManager(  571):     0.7% 668/HwBinder:571_1: 0% user + 0.7% kernel
06-22 20:00:49.401 E/ActivityManager(  571):     0.7% 696/NetworkStats: 0% user + 0.7% kernel
06-22 20:00:49.401 E/ActivityManager(  571):     0.7% 709/NsdService: 0% user + 0.7% kernel
06-22 20:00:49.401 E/ActivityManager(  571):     0.7% 760/android.perm: 0% user + 0.7% kernel
06-22 20:00:49.401 E/ActivityManager(  571):     0.7% 775/NetworkStatsObs: 0% user + 0.7% kernel
06-22 20:00:49.401 E/ActivityManager(  571):     0.7% 901/binder:571_7: 0% user + 0.7% kernel
06-22 20:00:49.401 E/ActivityManager(  571):     0.7% 964/binder:571_8: 0% user + 0.7% kernel
06-22 20:00:49.401 E/ActivityManager(  571):     0.7% 1394/binder:571_A: 0% user + 0.7% kernel
06-22 20:00:49.401 E/ActivityManager(  571):     0.7% 5194/AnrConsumer: 0% user + 0.7% kernel
06-22 20:00:49.401 E/ActivityManager(  571):   62% 5025/com.farsitel.bazaar: 2.6% user + 59% kernel / faults: 2534 minor 25 major
06-22 20:00:49.402 E/ActivityManager(  571):     45% 5139/RenderThread: 0% user + 45% kernel
06-22 20:00:49.402 E/ActivityManager(  571):     8.9% 5025/farsitel.bazaar: 0.8% user + 8% kernel
06-22 20:00:49.402 E/ActivityManager(  571):     2.6% 5138/DefaultDispatch: 0.8% user + 1.7% kernel
06-22 20:00:49.402 E/ActivityManager(  571):     0.8% 5113/DefaultDispatch: 0% user + 0.8% kernel
06-22 20:00:49.402 E/ActivityManager(  571):     0.8% 5125/arch_disk_io_0: 0.8% user + 0% kernel
06-22 20:00:49.402 E/ActivityManager(  571):     0.8% 5128/arch_disk_io_1: 0% user + 0.8% kernel
06-22 20:00:49.402 E/ActivityManager(  571):     0.8% 5155/DefaultExecutor: 0% user + 0.8% kernel
06-22 20:00:49.402 E/ActivityManager(  571):    +0% 5225/hwuiTask0: 0% user + 0% kernel
06-22 20:00:49.402 E/ActivityManager(  571):    +0% 5226/hwuiTask1: 0% user + 0% kernel
06-22 20:00:49.402 E/ActivityManager(  571):    +0% 5231/ExoPlayer:Frame: 0% user + 0% kernel
06-22 20:00:49.402 E/ActivityManager(  571):    +0% 5232/AudioPortEventH: 0% user + 0% kernel
06-22 20:00:49.402 E/ActivityManager(  571):   17% 388/android.hardware.graphics.allocator@3.0-service.ranchu: 0% user + 17% kernel
06-22 20:00:49.402 E/ActivityManager(  571):     18% 418/HwBinder:388_2: 0% user + 18% kernel
06-22 20:00:49.402 E/ActivityManager(  571):   14% 444/surfaceflinger: 1.5% user + 13% kernel / faults: 7 minor
06-22 20:00:49.402 E/ActivityManager(  571):     10% 459/RenderEngine: 0.7% user + 9.3% kernel
06-22 20:00:49.402 E/ActivityManager(  571):     1.5% 444/surfaceflinger: 0.7% user + 0.7% kernel
06-22 20:00:49.402 E/ActivityManager(  571):     0.7% 456/binder:444_1: 0% user + 0.7% kernel
06-22 20:00:49.402 E/ActivityManager(  571):     0.7% 522/TimerDispatch: 0% user + 0.7% kernel
06-22 20:00:49.402 E/ActivityManager(  571):     0.7% 528/RegionSampling: 0% user + 0.7% kernel
06-22 20:00:49.402 E/ActivityManager(  571):     0.7% 533/surfaceflinger: 0% user + 0.7% kernel
06-22 20:00:49.402 E/ActivityManager(  571):     0.7% 664/binder:444_3: 0% user + 0.7% kernel
06-22 20:00:49.402 E/ActivityManager(  571):   8.5% 431/android.hardware.graphics.composer3-service.ranchu: 0% user + 8.5% kernel
06-22 20:00:49.402 E/ActivityManager(  571):     6.2% 431/binder:431_2: 0% user + 6.2% kernel
06-22 20:00:49.402 E/ActivityManager(  571):     1.5% 506/binder:431_2: 0% user + 1.5% kernel
06-22 20:00:49.402 E/ActivityManager(  571):   5.7% 1436/com.google.android.as: 0% user + 5.7% kernel / faults: 13 minor
06-22 20:00:49.402 E/ActivityManager(  571):     3.3% 2211/aiai-vc-0: 0% user + 3.3% kernel
06-22 20:00:49.402 E/ActivityManager(  571):     0.8% 5001/aiai-echo-searc: 0% user + 0.8% kernel
06-22 20:00:49.402 E/ActivityManager(  571):   5.3% 4954/screenrecord: 0% user + 5.3% kernel / faults: 6 minor
06-22 20:00:49.402 E/ActivityManager(  571):     1.7% 5019/C2OMXNode: 0% user + 1.7% kernel
06-22 20:00:49.402 E/ActivityManager(  571):     0.8% 4954/screenrecord: 0% user + 0.8% kernel
06-22 20:00:49.402 E/ActivityManager(  571):     0.8% 4995/screenrecord_lo: 0% user + 0.8% kernel
06-22 20:00:49.402 E/ActivityManager(  571):   3.8% 396/android.hardware.sensors-service.multihal: 0% user + 3.8% kernel
06-22 20:00:49.402 E/ActivityManager(  571):     2.3% 403/android.hardwar: 0% user + 2.3% kernel
06-22 20:00:49.402 E/ActivityManager(  571):     1.5% 404/android.hardwar: 0% user + 1.5% kernel
06-22 20:00:49.402 E/ActivityManager(  571):   3.8% 778/com.android.systemui: 1.5% user + 2.2% kernel / faults: 754 minor 2 major
06-22 20:00:49.402 E/ActivityManager(  571):     1.5% 826/ll.splashscreen: 0.7% user + 0.7% kernel
06-22 20:00:49.402 E/ActivityManager(  571):     0.7% 778/ndroid.systemui: 0% user + 0.7% kernel
06-22 20:00:49.402 E/ActivityManager(  571):     0.7% 804/wmshell.main: 0% user + 0.7% kernel
06-22 20:00:49.402 E/ActivityManager(  571):     0.7% 832/SysUiBg: 0% user + 0.7% kernel
06-22 20:00:49.402 E/ActivityManager(  571):     0.7% 844/plugin: 0% user + 0.7% kernel
06-22 20:00:49.402 E/ActivityManager(  571):     0.7% 1195/binder:778_6: 0.7% user + 0% kernel
06-22 20:00:49.402 E/ActivityManager(  571):   3.2% 1000/com.google.android.apps.nexuslauncher: 0.8% user + 2.4% kernel / faults: 17 minor 5 major
06-22 20:00:49.402 E/ActivityManager(  571):     0.8% 1000/s.nexuslauncher: 0% user + 0.8% kernel
06-22 20:00:49.402 E/ActivityManager(  571):    +0% 5230/grpc-shared-des: 0% user + 0% kernel
06-22 20:00:49.402 E/ActivityManager(  571):   2.1% 76/kworker/2:1H-kblockd: 0% user + 2.1% kernel
06-22 20:00:49.402 E/ActivityManager(  571):   2.2% 376/statsd: 0% user + 2.2% kernel / faults: 2 minor
06-22 20:00:49.402 E/ActivityManager(  571):     1.5% 542/statsd.writer: 0% user + 1.5% kernel
06-22 20:00:49.402 E/ActivityManager(  571):     0.7% 381/binder:376_2: 0% user + 0.7% kernel
06-22 20:00:49.402 E/ActivityManager(  571):   2.4% 968/com.android.phone: 0.8% user + 1.6% kernel / faults: 11 minor
06-22 20:00:49.402 E/ActivityManager(  571):     1.6% 968/m.android.phone: 0% user + 1.6% kernel
06-22 20:00:49.402 E/ActivityManager(  571):   2.4% 1241/com.google.android.gms.persistent: 0% user + 2.4% kernel / faults: 26 minor 1 major
06-22 20:00:49.402 E/ActivityManager(  571):     1.6% 1241/.gms.persistent: 0% user + 1.6% kernel
06-22 20:00:49.402 E/ActivityManager(  571):     0.8% 1881/GoogleLocationS: 0% user + 0.8% kernel
06-22 20:00:49.402 E/ActivityManager(  571):     0.8% 4406/binder:1241_E: 0% user + 0.8% kernel
06-22 20:00:49.402 E/ActivityManager(  571):   1.4% 14/rcu_preempt: 0% user + 1.4% kernel
06-22 20:00:49.402 E/ActivityManager(  571):   1.4% 174/logd: 0% user + 1.4% kernel / faults: 3 minor
06-22 20:00:49.402 E/ActivityManager(  571):     1.4% 183/logd.writer: 0% user + 1.4% kernel
06-22 20:00:49.402 E/ActivityManager(  571):   1.4% 225/jbd2/dm-40-8: 0% user + 1.4% kernel
06-22 20:00:49.402 E/ActivityManager(  571):   1.6% 1258/com.google.android.permissioncontroller: 0% user + 1.6% kernel / faults: 5 minor
06-22 20:00:49.402 E/ActivityManager(  571):     1.6% 4906/RoleControllerS: 0% user + 1.6% kernel
06-22 20:00:49.402 E/ActivityManager(  571):   0.7% 1/init: 0% user + 0.7% kernel
06-22 20:00:49.402 E/ActivityManager(  571):     0.7% 106/init: 0% user + 0.7% kernel
06-22 20:00:49.402 E/ActivityManager(  571):   0.7% 8/kworker/u12:0-writeback: 0% user + 0.7% kernel
06-22 20:00:49.402 E/ActivityManager(  571):   0.7% 10/kworker/u12:1-loop12: 0% user + 0.7% kernel
06-22 20:00:49.402 E/ActivityManager(  571):   0.7% 57/kworker/4:1-mm_percpu_wq: 0% user + 0.7% kernel
06-22 20:00:49.402 E/ActivityManager(  571):   0.7% 97/kworker/1:1H-kblockd: 0% user + 0.7% kernel
06-22 20:00:49.402 E/ActivityManager(  571):   0.7% 175/lmkd: 0% user + 0.7% kernel
06-22 20:00:49.402 E/ActivityManager(  571):     0.7% 175/lmkd: 0% user + 0.7% kernel
06-22 20:00:49.402 E/ActivityManager(  571):   0.7% 181/hwservicemanager: 0% user + 0.7% kernel
06-22 20:00:49.402 E/ActivityManager(  571):   0.7% 200/keystore2: 0% user + 0.7% kernel / faults: 2 minor 3 major
06-22 20:00:49.402 E/ActivityManager(  571):   0.7% 217/kworker/u13:2-fscrypt_read_queue: 0% user + 0.7% kernel
06-22 20:00:49.402 E/ActivityManager(  571):   0.7% 458/adbd: 0% user + 0.7% kernel / faults: 1164 minor
06-22 20:00:49.402 E/ActivityManager(  571):     0.7% 458/adbd: 0% user + 0.7% kernel
06-22 20:00:49.402 E/ActivityManager(  571):    +0% 5214/shell svc 5213: 0% user + 0% kernel
06-22 20:00:49.402 E/ActivityManager(  571):   0.8% 851/com.android.networkstack.process: 0.8% user + 0% kernel / faults: 22 minor
06-22 20:00:49.402 E/ActivityManager(  571):   0.8% 1321/com.google.android.inputmethod.latin: 0% user + 0.8% kernel / faults: 6 minor 6 major
06-22 20:00:49.402 E/ActivityManager(  571):   0.8% 1668/com.google.android.googlequicksearchbox:search: 0% user + 0.8% kernel / faults: 9 minor 6 major
06-22 20:00:49.402 E/ActivityManager(  571):     0.8% 1668/earchbox:search: 0% user + 0.8% kernel
06-22 20:00:49.402 E/ActivityManager(  571):     0.8% 1988/binder:1668_3: 0% user + 0.8% kernel
06-22 20:00:49.402 E/ActivityManager(  571):   0.8% 4734/kworker/3:2H-kverityd: 0% user + 0.8% kernel
06-22 20:00:49.402 E/ActivityManager(  571):  +0% 5213/sh: 0% user + 0% kernel
06-22 20:00:49.402 E/ActivityManager(  571):  +0% 5215/cmd: 0% user + 0% kernel
06-22 20:00:49.402 E/ActivityManager(  571): 76% TOTAL: 15% user + 58% kernel + 1.7% iowait + 0.9% softirq
06-22 20:00:49.411 E/RoleControllerServiceImpl( 1258): Default/fallback role holder package doesn't qualify for the role, package: com.google.android.gms.supervision, role: android.app.role.SYSTEM_SUPERVISION
06-22 20:00:49.411 D/EGL_emulation(  778): app_time_stats: avg=157.35ms min=68.93ms max=287.50ms count=4
06-22 20:00:49.508 I/Role    ( 1258): com.google.android.gms not qualified for android.app.role.SYSTEM_CALL_STREAMING due to missing RequiredComponent{mIntentFilterData=IntentFilterData{mAction='android.telecom.CallStreamingService', mCategories='[]', mDataScheme='null', mDataType='null'}, mMinTargetSdkVersion=1, mFlags='0', mPermission='android.permission.BIND_CALL_STREAMING_SERVICE', mQueryFlags=0, mMetaData=[]}
06-22 20:00:49.520 E/RoleControllerServiceImpl( 1258): Default/fallback role holder package doesn't qualify for the role, package: com.google.android.gms, role: android.app.role.SYSTEM_CALL_STREAMING
06-22 20:00:49.553 W/Looper  (  571): Slow delivery took 517ms main h=com.android.providers.settings.SettingsProvider$SettingsRegistry$MyHandler c=null m=1
06-22 20:00:49.553 W/Looper  (  571): Slow dispatch took 317ms main h=com.android.providers.settings.SettingsProvider$SettingsRegistry$MyHandler c=null m=1
06-22 20:00:49.562 W/Looper  (  571): Drained
06-22 20:00:49.570 W/Role    ( 1258): Default holder doesn't have required signing certificate: com.google.android.apps.work.clouddpc:23962F4B43B9857638EA66F4D419518EAE282491ACDA4B94707BD59003C45E58
06-22 20:00:49.599 E/OpenGLRenderer(  778): Unable to match the desired swap behavior.
06-22 20:00:49.632 I/MediaController( 5025): Release 81def95 [AndroidXMedia3/1.4.1] [emu64xa, sdk_gphone64_x86_64, Google, 34] [media3.common, media3.session, media3.exoplayer, media3.decoder]
06-22 20:00:49.634 D/BoundBrokerSvc( 1801): onUnbind: Intent { act=com.google.android.gms.feedback.internal.IFeedbackService dat=chimera-action:/... cmp=com.google.android.gms/.chimera.GmsBoundBrokerService }
06-22 20:00:49.662 W/WindowOnBackDispatcher( 5025): sendCancelIfRunning: isInProgress=falsecallback=android.app.Activity$$ExternalSyntheticLambda0@5bedc75
06-22 20:00:49.670 D/ActivityManager(  571): Completed ANR of com.farsitel.bazaar in 8495ms, latency 4ms
06-22 20:00:49.679 D/CoreBackPreview(  571): Window{4602b09 u0 com.farsitel.bazaar/com.farsitel.bazaar.MainActivity}: Setting back callback null
06-22 20:00:49.791 D/CompatibilityChangeReporter(  571): Compat change id reported: 210923482; UID 1000; state: ENABLED
06-22 20:00:49.798 D/CompatibilityChangeReporter(  571): Compat change id reported: 171228096; UID 1000; state: ENABLED
06-22 20:00:49.805 I/DropBoxManagerService(  571): add tag=data_app_anr isTagEnabled=true flags=0x6
06-22 20:00:49.873 W/InputManager-JNI(  571): Input channel object '4602b09 com.farsitel.bazaar/com.farsitel.bazaar.MainActivity (client)' was disposed without first being removed with the input manager!
06-22 20:00:49.877 I/Choreographer(  778): Skipped 56 frames!  The application may be doing too much work on its main thread.
06-22 20:00:49.937 I/Choreographer( 5025): Skipped 110 frames!  The application may be doing too much work on its main thread.
06-22 20:00:49.950 I/OpenGLRenderer(  778): Davey! duration=1076ms; Flags=1, FrameTimelineVsyncId=55300, IntendedVsync=844382382214, Vsync=844549048874, InputEventId=0, HandleInputStart=844576937300, AnimationStart=844577009000, PerformTraversalsStart=844577179700, DrawStart=845434796000, FrameDeadline=844399048880, FrameInterval=844558112000, FrameStartTime=16666666, SyncQueued=845435248400, SyncStart=845495943600, IssueDrawCommandsStart=845512971300, SwapBuffers=845514240200, FrameCompleted=845519497500, DequeueBufferDuration=49100, QueueBufferDuration=1247100, GpuCompleted=845519289100, SwapBuffersCompleted=845519497500, DisplayPresentTime=288234774265332736, CommandSubmissionCompleted=845514240200, 
06-22 20:00:49.967 V/WindowManagerShell(  778): onTransitionReady android.os.BinderProxy@a64dd2f: {id=12 t=OPEN f=0x0 trk=0 r=[0@Point(0, 0)] c=[{WCT{android.window.IWindowContainerToken$Stub$Proxy@e4d8f40} m=OPEN f=NONE leash=Surface(name=Task=14)/@0x55a9d4 sb=Rect(0, 0 - 1080, 2400) eb=Rect(0, 0 - 1080, 2400) d=0},{WCT{android.window.IWindowContainerToken$Stub$Proxy@42bae79} m=TO_BACK f=SHOW_WALLPAPER leash=Surface(name=Task=1)/@0xc30177d sb=Rect(0, 0 - 1080, 2400) eb=Rect(0, 0 - 1080, 2400) d=0}]}
06-22 20:00:49.968 V/WindowManagerShell(  778): Playing animation for (#12)android.os.BinderProxy@a64dd2f@0
06-22 20:00:49.969 V/WindowManagerShell(  778):  try handler com.android.wm.shell.transition.DefaultMixedHandler@37e7b15
06-22 20:00:49.969 V/WindowManagerShell(  778):  try handler com.android.wm.shell.keyguard.KeyguardTransitionHandler@d98fe2a
06-22 20:00:49.969 V/WindowManagerShell(  778):  try handler com.android.wm.shell.activityembedding.ActivityEmbeddingController@611341b
06-22 20:00:49.969 V/WindowManagerShell(  778):  try handler com.android.wm.shell.recents.RecentsTransitionHandler@b1599b8
06-22 20:00:49.969 V/ShellRecents(  778): RecentsTransitionHandler.startAnimation: no controller found
06-22 20:00:49.989 V/WindowManagerShell(  778):  try handler com.android.wm.shell.pip.PipTransition@958b391
06-22 20:00:49.990 V/WindowManagerShell(  778):  try handler com.android.wm.shell.splitscreen.StageCoordinator@4a0d2f6
06-22 20:00:49.990 V/WindowManagerShell(  778):  try handler com.android.wm.shell.transition.RemoteTransitionHandler@904f6f7
06-22 20:00:49.990 V/WindowManagerShell(  778): Transition doesn't have explicit remote, search filters for match for {id=12 t=OPEN f=0x0 trk=0 r=[0@Point(0, 0)] c=[{WCT{android.window.IWindowContainerToken$Stub$Proxy@e4d8f40} m=OPEN f=NONE leash=Surface(name=Task=14)/@0x55a9d4 sb=Rect(0, 0 - 1080, 2400) eb=Rect(0, 0 - 1080, 2400) d=0},{WCT{android.window.IWindowContainerToken$Stub$Proxy@42bae79} m=TO_BACK f=SHOW_WALLPAPER leash=Surface(name=Task=1)/@0xc30177d sb=Rect(0, 0 - 1080, 2400) eb=Rect(0, 0 - 1080, 2400) d=0}]}
06-22 20:00:49.990 V/WindowManagerShell(  778):  Checking filter Pair{{types=[] flags=0x0] notFlags=0x0 checks=[{atype=dream independent=true modes=[OPEN,TO_FRONT] flags=NONE mustBeTask=false order=ANY topActivity=null},{atype=home independent=true modes=[CLOSE,TO_BACK] flags=NONE mustBeTask=false order=ANY topActivity=null}]} RemoteTransition { remoteTransition = android.window.IRemoteTransition$Stub$Proxy@b9a554, appThread = android.app.IApplicationThread$Stub$Proxy@2632cfd, debugName = LauncherToDream }}
06-22 20:00:49.990 V/WindowManagerShell(  778):  Checking filter Pair{{types=[] flags=0x0] notFlags=0x100 checks=[{atype=home independent=true modes=[OPEN,TO_FRONT] flags=NONE mustBeTask=false order=TOP topActivity=ComponentInfo{com.google.android.apps.nexuslauncher/com.google.android.apps.nexuslauncher.NexusLauncherActivity}},{atype=standard independent=true modes=[CLOSE,TO_BACK] flags=NONE mustBeTask=false order=ANY topActivity=null}]} RemoteTransition { remoteTransition = android.window.IRemoteTransition$Stub$Proxy@49d6df2, appThread = android.app.IApplicationThread$Stub$Proxy@9b3bc43, debugName = QuickstepLaunchHome }}
06-22 20:00:49.990 V/WindowManagerShell(  778):  Delegate animation for #12 to null
06-22 20:00:49.990 V/WindowManagerShell(  778):  try handler com.android.wm.shell.transition.DefaultTransitionHandler@4669964
06-22 20:00:49.991 V/WindowManager(  571): Sent Transition #12 createdAt=06-22 20:00:48.637 via request=TransitionRequestInfo { type = OPEN, triggerTask = TaskInfo{userId=0 taskId=14 displayId=0 isRunning=true baseIntent=Intent { act=android.intent.action.MAIN cat=[android.intent.category.LAUNCHER] flg=0x10200000 cmp=com.farsitel.bazaar/.MainActivity } baseActivity=ComponentInfo{com.farsitel.bazaar/com.farsitel.bazaar.MainActivity} topActivity=ComponentInfo{com.farsitel.bazaar/com.farsitel.bazaar.MainActivity} origActivity=null realActivity=ComponentInfo{com.farsitel.bazaar/com.farsitel.bazaar.MainActivity} numActivities=1 lastActiveTime=844331 supportsMultiWindow=true resizeMode=1 isResizeable=true minWidth=-1 minHeight=-1 defaultMinSize=220 token=WCT{RemoteToken{fe95fb6 Task{c2a2e6b #14 type=standard I=com.farsitel.bazaar/.MainActivity}}} topActivityType=1 pictureInPictureParams=null shouldDockBigOverlays=false launchIntoPipHostTaskId=-1 lastParentTaskIdBeforePip=-1 displayCutoutSafeInsets=null topActivityInfo=ActivityInfo{e4b64b7 com.farsitel.bazaar.MainActivity} launchCookies=[] positionInParent=Point(0, 0) parentTaskId=-1 isFocused=false isVisible=false isVisibleRequested=false isSleeping=false topActivityInSizeCompat=false topActivityEligibleForLetterboxEducation= false topActivityLetterboxed= false isFromDoubleTap= false topActivityLetterboxVerticalPosition= -1 topActivityLetterboxHorizontalPosition= -1 topActivityLetterboxWidth=-1 topActivityLetterboxHeight=-1 locusId=null displayAreaFeatureId=1 cameraCompatControlState=hidden}, remoteTransition = null, displayChange = null }
06-22 20:00:49.993 V/WindowManager(  571):     startWCT=WindowContainerTransaction { changes = {} hops = [] errorCallbackToken=null taskFragmentOrganizer=null }
06-22 20:00:49.994 V/WindowManager(  571):     info={id=12 t=OPEN f=0x0 trk=0 r=[0@Point(0, 0)] c=[{WCT{RemoteToken{fe95fb6 Task{c2a2e6b #14 type=standard I=com.farsitel.bazaar/.MainActivity}}} m=OPEN f=NONE leash=Surface(name=Task=14)/@0xafbd2de sb=Rect(0, 0 - 1080, 2400) eb=Rect(0, 0 - 1080, 2400) d=0},{WCT{RemoteToken{7a38bc3 Task{eba32f6 #1 type=home}}} m=TO_BACK f=SHOW_WALLPAPER leash=Surface(name=Task=1)/@0x33a15d4 sb=Rect(0, 0 - 1080, 2400) eb=Rect(0, 0 - 1080, 2400) d=0}]}
06-22 20:00:50.000 D/EGL_emulation( 1000): app_time_stats: avg=140.55ms min=28.81ms max=347.69ms count=4
06-22 20:00:49.991 V/WindowManagerShell(  778): start default transition animation, info = {id=12 t=OPEN f=0x0 trk=0 r=[0@Point(0, 0)] c=[{WCT{android.window.IWindowContainerToken$Stub$Proxy@e4d8f40} m=OPEN f=NONE leash=Surface(name=Task=14)/@0x55a9d4 sb=Rect(0, 0 - 1080, 2400) eb=Rect(0, 0 - 1080, 2400) d=0},{WCT{android.window.IWindowContainerToken$Stub$Proxy@42bae79} m=TO_BACK f=SHOW_WALLPAPER leash=Surface(name=Task=1)/@0xc30177d sb=Rect(0, 0 - 1080, 2400) eb=Rect(0, 0 - 1080, 2400) d=0}]}
06-22 20:00:50.006 V/WindowManagerShell(  778): loadAnimation: anim=android.view.animation.AnimationSet@f1c5f6c animAttr=0x13 type=OPEN isEntrance=false
06-22 20:00:50.007 V/WindowManagerShell(  778): loadAnimation: anim=android.view.animation.AnimationSet@dafb935 animAttr=0x12 type=OPEN isEntrance=true
06-22 20:00:50.021 V/WindowManagerShell(  778):  animated by com.android.wm.shell.transition.DefaultTransitionHandler@4669964
06-22 20:00:50.054 D/BoundBrokerSvc( 1241): onUnbind: Intent { act=com.google.android.gms.nearby.exposurenotification.START dat=chimera-action:/... cmp=com.google.android.gms/.chimera.PersistentApiServiceNoInstantApps }
06-22 20:00:50.179 D/CompatibilityChangeReporter(  571): Compat change id reported: 168419799; UID 1000; state: DISABLED
06-22 20:00:50.180 D/CompatibilityChangeReporter(  571): Compat change id reported: 273564678; UID 1000; state: DISABLED
06-22 20:00:50.209 D/AndroidRuntime( 5371): >>>>>> START com.android.internal.os.RuntimeInit uid 2000 <<<<<<
06-22 20:00:50.217 I/MediaController( 5025): Init c2eb23e [AndroidXMedia3/1.4.1] [emu64xa, sdk_gphone64_x86_64, Google, 34]
06-22 20:00:50.234 I/AndroidRuntime( 5371): Using default boot image
06-22 20:00:50.234 I/AndroidRuntime( 5371): Leaving lock profiling enabled
06-22 20:00:50.244 I/app_process( 5371): Using CollectorTypeCC GC.
06-22 20:00:50.245 W/Looper  (  571): Slow dispatch took 520ms android.ui h=com.android.server.am.ActivityManagerService$UiHandler c=com.android.server.am.ErrorDialogController$$ExternalSyntheticLambda5@e107943 m=0
06-22 20:00:50.248 W/Looper  (  571): Slow delivery took 465ms android.ui h=com.android.server.am.ActivityManagerService$UiHandler c=com.android.server.am.UidObserverController$$ExternalSyntheticLambda0@53aeea6 m=0
06-22 20:00:50.310 D/ConnectivityService(  571): requestNetwork for uid/pid:10190/5025 activeRequest: null callbackRequest: 143 [NetworkRequest [ REQUEST id=144, [ Capabilities: INTERNET&NOT_RESTRICTED&TRUSTED&NOT_VCN_MANAGED Uid: 10190 RequestorUid: 10190 RequestorPkg: com.farsitel.bazaar UnderlyingNetworks: Null] ]] callback flags: 0 order: 2147483647
06-22 20:00:50.323 D/EGL_emulation(  778): app_time_stats: avg=549.71ms min=15.05ms max=2644.83ms count=5
06-22 20:00:50.339 D/CoreBackPreview(  571): Window{3328f45 u0 Application Not Responding: com.farsitel.bazaar}: Setting back callback OnBackInvokedCallbackInfo{mCallback=android.window.WindowOnBackInvokedDispatcher$OnBackInvokedCallbackWrapper@5b9c2d8, mPriority=0, mIsAnimationCallback=false}
06-22 20:00:50.348 V/WindowManagerShell(  778): Transition animation finished (aborted=false), notifying core (#12)android.os.BinderProxy@a64dd2f@0
06-22 20:00:50.363 D/WifiNetworkFactory(  571): got request NetworkRequest [ REQUEST id=144, [ Capabilities: INTERNET&NOT_RESTRICTED&TRUSTED&NOT_VCN_MANAGED Uid: 10190 RequestorUid: 10190 RequestorPkg: com.farsitel.bazaar UnderlyingNetworks: Null] ]
06-22 20:00:50.365 D/ConnectivityService(  571): NetReassign [144 : null → 100] [c 1] [a 3] [i 7]
06-22 20:00:50.367 D/UntrustedWifiNetworkFactory(  571): got request NetworkRequest [ REQUEST id=144, [ Capabilities: INTERNET&NOT_RESTRICTED&TRUSTED&NOT_VCN_MANAGED Uid: 10190 RequestorUid: 10190 RequestorPkg: com.farsitel.bazaar UnderlyingNetworks: Null] ]
06-22 20:00:50.370 D/OemPaidWifiNetworkFactory(  571): got request NetworkRequest [ REQUEST id=144, [ Capabilities: INTERNET&NOT_RESTRICTED&TRUSTED&NOT_VCN_MANAGED Uid: 10190 RequestorUid: 10190 RequestorPkg: com.farsitel.bazaar UnderlyingNetworks: Null] ]
06-22 20:00:50.373 D/MultiInternetWifiNetworkFactory(  571): got request NetworkRequest [ REQUEST id=144, [ Capabilities: INTERNET&NOT_RESTRICTED&TRUSTED&NOT_VCN_MANAGED Uid: 10190 RequestorUid: 10190 RequestorPkg: com.farsitel.bazaar UnderlyingNetworks: Null] ]
06-22 20:00:50.375 D/WM-Processor( 5025): t a3bf4967-a65a-4440-87d3-56dc1930dd7f executed; reschedule = false
06-22 20:00:50.376 D/WM-SystemJobService( 5025): a3bf4967-a65a-4440-87d3-56dc1930dd7f executed on JobScheduler
06-22 20:00:50.397 W/ActivityManager(  571): Unbind failed: could not find connection for android.os.BinderProxy@4596912
06-22 20:00:50.399 V/WindowManager(  571): Finish Transition #12: created at 06-22 20:00:48.637 collect-started=1.103ms request-sent=49.745ms started=61.931ms ready=166.155ms sent=1309.82ms finished=1738.301ms
06-22 20:00:50.426 V/WindowManagerShell(  778): Track 0 became idle
06-22 20:00:50.426 V/WindowManagerShell(  778): All active transition animations finished
06-22 20:00:50.434 D/CoreBackPreview(  571): Window{1e98a97 u0 com.farsitel.bazaar/com.farsitel.bazaar.MainActivity}: Setting back callback OnBackInvokedCallbackInfo{mCallback=android.window.IOnBackInvokedCallback$Stub$Proxy@4323933, mPriority=-1, mIsAnimationCallback=false}
06-22 20:00:50.497 D/WM-GreedyScheduler( 5025): Cancelling work ID a3bf4967-a65a-4440-87d3-56dc1930dd7f
06-22 20:00:50.528 D/WM-SystemJobScheduler( 5025): Scheduling work ID a3bf4967-a65a-4440-87d3-56dc1930dd7fJob ID 8
06-22 20:00:50.587 D/nativeloader( 5371): InitDefaultPublicLibraries for_preload=1: libandroid.so:libaaudio.so:libamidi.so:libbinder_ndk.so:libc.so:libcamera2ndk.so:libdl.so:libEGL.so:libGLESv1_CM.so:libGLESv2.so:libGLESv3.so:libicu.so:libicui18n.so:libicuuc.so:libjnigraphics.so:liblog.so:libmediandk.so:libm.so:libnativehelper.so:libnativewindow.so:libOpenMAXAL.so:libOpenSLES.so:libRS.so:libstdc++.so:libsync.so:libvulkan.so:libwebviewchromium_plat_support.so:libz.so
06-22 20:00:50.691 D/app_process( 5371): Time zone APEX ICU file found: /apex/com.android.tzdata/etc/icu/icu_tzdata.dat
06-22 20:00:50.693 D/app_process( 5371): I18n APEX ICU file found: /apex/com.android.i18n/etc/icu/icudt72l.dat
06-22 20:00:50.706 D/WM-SystemJobScheduler( 5025): Scheduling work ID 006ad963-a3a4-4347-b3b5-a35ae16b8090Job ID 9
06-22 20:00:50.721 W/app_process( 5371): Unexpected CPU variant for x86: x86_64.
06-22 20:00:50.721 W/app_process( 5371): Known variants: atom, sandybridge, silvermont, goldmont, goldmont-plus, tremont, kabylake, default
06-22 20:00:50.752 E/OpenGLRenderer( 5025): Unable to match the desired swap behavior.
06-22 20:00:50.827 W/libc    ( 5371): Access denied finding property "ro.product.name_for_attestation"
06-22 20:00:50.827 W/libc    ( 5371): Access denied finding property "ro.product.brand_for_attestation"
06-22 20:00:50.828 W/libc    ( 5371): Access denied finding property "ro.product.model_for_attestation"
06-22 20:00:50.823 W/main    ( 5371): type=1400 audit(0.0:32): avc:  denied  { read } for  name="u:object_r:build_attestation_prop:s0" dev="tmpfs" ino=85 scontext=u:r:shell:s0 tcontext=u:object_r:build_attestation_prop:s0 tclass=file permissive=0
06-22 20:00:50.834 D/AndroidRuntime( 5371): Calling main entry com.android.commands.monkey.Monkey
06-22 20:00:50.846 W/Monkey  ( 5371): args: [-p, com.farsitel.bazaar, --throttle, 250, 3]
06-22 20:00:50.847 W/Monkey  ( 5371):  arg: "-p"
06-22 20:00:50.847 W/Monkey  ( 5371):  arg: "com.farsitel.bazaar"
06-22 20:00:50.847 W/Monkey  ( 5371):  arg: "--throttle"
06-22 20:00:50.847 W/Monkey  ( 5371):  arg: "250"
06-22 20:00:50.847 W/Monkey  ( 5371):  arg: "3"
06-22 20:00:50.848 W/Monkey  ( 5371): data="com.farsitel.bazaar"
06-22 20:00:50.848 W/Monkey  ( 5371): arg="--throttle" mCurArgData="null" mNextArg=3 argwas="--throttle" nextarg="250"
06-22 20:00:50.848 W/Monkey  ( 5371): data="250"
06-22 20:00:50.823 W/main    ( 5371): type=1400 audit(0.0:33): avc:  denied  { read } for  name="u:object_r:build_attestation_prop:s0" dev="tmpfs" ino=85 scontext=u:r:shell:s0 tcontext=u:object_r:build_attestation_prop:s0 tclass=file permissive=0
06-22 20:00:50.862 D/EGL_emulation(  778): app_time_stats: avg=312.90ms min=15.04ms max=946.04ms count=4
06-22 20:00:50.823 W/main    ( 5371): type=1400 audit(0.0:34): avc:  denied  { read } for  name="u:object_r:build_attestation_prop:s0" dev="tmpfs" ino=85 scontext=u:r:shell:s0 tcontext=u:object_r:build_attestation_prop:s0 tclass=file permissive=0
06-22 20:00:50.904 I/ActivityTaskManager(  571): Displayed com.farsitel.bazaar/.MainActivity for user 0: +2s379ms
06-22 20:00:50.920 D/WM-GreedyScheduler( 5025): Starting tracking for 006ad963-a3a4-4347-b3b5-a35ae16b8090
06-22 20:00:50.946 I/OpenGLRenderer( 5025): Davey! duration=743ms; Flags=1, FrameTimelineVsyncId=55580, IntendedVsync=845715715494, Vsync=846049048814, InputEventId=0, HandleInputStart=846068277000, AnimationStart=846068330900, PerformTraversalsStart=846068578200, DrawStart=846398116500, FrameDeadline=845732382160, FrameInterval=846059336700, FrameStartTime=16666666, SyncQueued=846399788500, SyncStart=846455747800, IssueDrawCommandsStart=846456235600, SwapBuffers=846456470200, FrameCompleted=846515336200, DequeueBufferDuration=16206600, QueueBufferDuration=3223300, GpuCompleted=846498671800, SwapBuffersCompleted=846515336200, DisplayPresentTime=0, CommandSubmissionCompleted=846456470200, 
06-22 20:00:50.960 W/ActivityManager(  571): registerReceiverWithFeature: no app for null
06-22 20:00:50.970 I/ExoPlayerImpl( 5025): Release 423033b [AndroidXMedia3/1.4.1] [emu64xa, sdk_gphone64_x86_64, Google, 34] [media3.common, media3.session, media3.exoplayer, media3.decoder]
06-22 20:00:51.049 I/MediaSessionImpl( 5025): Release 5fa4ded [AndroidXMedia3/1.4.1] [emu64xa, sdk_gphone64_x86_64, Google, 34] [media3.common, media3.session, media3.exoplayer, media3.decoder]
06-22 20:00:51.050 I/MediaSessionStack(  571): removeSession | record: com.farsitel.bazaar/androidx.media3.session.id. (userId=0)
06-22 20:00:51.054 I/MediaController( 5025): Release a748abc [AndroidXMedia3/1.4.1] [emu64xa, sdk_gphone64_x86_64, Google, 34] [media3.common, media3.session, media3.exoplayer, media3.decoder]
06-22 20:00:51.054 V/MediaPlayerList(  920): onActiveSessionsChanged: number of controllers: 1
06-22 20:00:51.056 D/MediaPlayerList(  920): onActiveSessionsChanged: controller: com.google.android.googlequicksearchbox
06-22 20:00:51.062 V/MediaPlayerList(  920): onActiveSessionsChanged: number of controllers: 1
06-22 20:00:51.066 I/ExoPlayerImpl( 5025): Release 423033b [AndroidXMedia3/1.4.1] [emu64xa, sdk_gphone64_x86_64, Google, 34] [media3.common, media3.session, media3.exoplayer, media3.decoder]
06-22 20:00:51.066 I/MediaSessionImpl( 5025): Release 5fa4ded [AndroidXMedia3/1.4.1] [emu64xa, sdk_gphone64_x86_64, Google, 34] [media3.common, media3.session, media3.exoplayer, media3.decoder]
06-22 20:00:51.066 D/MediaPlayerList(  920): onActiveSessionsChanged: controller: com.google.android.googlequicksearchbox
06-22 20:00:51.093 D/OneSearchSuggestProvider( 1000): Shut down the binder channel
06-22 20:00:51.103 I/IPCThreadState( 1000): oneway function results for code 2 on binder at 0x743c8dd7e6f0 will be dropped but finished with status UNKNOWN_TRANSACTION
06-22 20:00:51.129 D/CoreBackPreview(  571): Window{1e98a97 u0 com.farsitel.bazaar/com.farsitel.bazaar.MainActivity}: Setting back callback OnBackInvokedCallbackInfo{mCallback=android.window.IOnBackInvokedCallback$Stub$Proxy@f2c4787, mPriority=0, mIsAnimationCallback=true}
06-22 20:00:51.145 I/ExoPlayerImpl( 5025): Init 5643b1 [AndroidXMedia3/1.4.1] [emu64xa, sdk_gphone64_x86_64, Google, 34]
06-22 20:00:51.149 D/WM-ConstraintTracker( 5025): j: initial state = NetworkState(isConnected=true, isValidated=true, isMetered=false, isNotRoaming=true)
06-22 20:00:51.150 D/WM-NetworkStateTracker( 5025): Registering network callback
06-22 20:00:51.151 D/ConnectivityService(  571): requestNetwork for uid/pid:10190/5025 activeRequest: null callbackRequest: 145 [NetworkRequest [ REQUEST id=146, [ Capabilities: INTERNET&NOT_RESTRICTED&TRUSTED&NOT_VCN_MANAGED Uid: 10190 RequestorUid: 10190 RequestorPkg: com.farsitel.bazaar UnderlyingNetworks: Null] ]] callback flags: 0 order: 2147483647
06-22 20:00:51.152 D/WM-GreedyScheduler( 5025): Constraints met: Scheduling work ID WorkGenerationalId(workSpecId=006ad963-a3a4-4347-b3b5-a35ae16b8090, generation=0)
06-22 20:00:51.157 D/WifiNetworkFactory(  571): got request NetworkRequest [ REQUEST id=146, [ Capabilities: INTERNET&NOT_RESTRICTED&TRUSTED&NOT_VCN_MANAGED Uid: 10190 RequestorUid: 10190 RequestorPkg: com.farsitel.bazaar UnderlyingNetworks: Null] ]
06-22 20:00:51.157 D/UntrustedWifiNetworkFactory(  571): got request NetworkRequest [ REQUEST id=146, [ Capabilities: INTERNET&NOT_RESTRICTED&TRUSTED&NOT_VCN_MANAGED Uid: 10190 RequestorUid: 10190 RequestorPkg: com.farsitel.bazaar UnderlyingNetworks: Null] ]
06-22 20:00:51.159 D/WM-Processor( 5025): t: processing WorkGenerationalId(workSpecId=006ad963-a3a4-4347-b3b5-a35ae16b8090, generation=0)
06-22 20:00:51.162 D/ConnectivityService(  571): NetReassign [146 : null → 100] [c 0] [a 2] [i 8]
06-22 20:00:51.165 W/System  ( 5371): No Compatibility callbacks set! Querying change 263076149
06-22 20:00:51.165 W/System  ( 5371): No Compatibility callbacks set! Querying change 263076149
06-22 20:00:51.165 W/System  ( 5371): No Compatibility callbacks set! Querying change 263076149
06-22 20:00:51.166 D/OemPaidWifiNetworkFactory(  571): got request NetworkRequest [ REQUEST id=146, [ Capabilities: INTERNET&NOT_RESTRICTED&TRUSTED&NOT_VCN_MANAGED Uid: 10190 RequestorUid: 10190 RequestorPkg: com.farsitel.bazaar UnderlyingNetworks: Null] ]
06-22 20:00:51.166 D/MultiInternetWifiNetworkFactory(  571): got request NetworkRequest [ REQUEST id=146, [ Capabilities: INTERNET&NOT_RESTRICTED&TRUSTED&NOT_VCN_MANAGED Uid: 10190 RequestorUid: 10190 RequestorPkg: com.farsitel.bazaar UnderlyingNetworks: Null] ]
06-22 20:00:51.187 D/WM-NetworkStateTracker( 5025): Network capabilities changed: [ Transports: WIFI Capabilities: NOT_METERED&INTERNET&NOT_RESTRICTED&TRUSTED&NOT_VPN&VALIDATED&NOT_ROAMING&FOREGROUND&NOT_CONGESTED&NOT_SUSPENDED&NOT_VCN_MANAGED LinkUpBandwidth>=12000Kbps LinkDnBandwidth>=30000Kbps TransportInfo: <SSID: <unknown ssid>, BSSID: 02:00:00:00:00:00, MAC: 02:00:00:00:00:00, IP: /10.0.2.16, Security type: 0, Supplicant state: COMPLETED, Wi-Fi standard: 1, RSSI: -50, Link speed: 1Mbps, Tx Link speed: 1Mbps, Max Supported Tx Link speed: 11Mbps, Rx Link speed: 2Mbps, Max Supported Rx Link speed: 11Mbps, Frequency: 2447MHz, Net ID: -1, Metered hint: false, score: 60, isUsable: true, CarrierMerged: false, SubscriptionId: -1, IsPrimary: -1, Trusted: true, Restricted: false, Ephemeral: false, OEM paid: false, OEM private: false, OSU AP: false, FQDN: <none>, Provider friendly name: <none>, Requesting package name: <none><none>MLO Information: , Is TID-To-Link negotiation supported by the AP: false, AP MLD Address: <none>, AP MLO Link Id: <none>, AP MLO Affiliated links: <none>> SignalStrength: -50 UnderlyingNetworks: Null]
06-22 20:00:51.248 E/OpenGLRenderer(  571): Unable to match the desired swap behavior.
06-22 20:00:51.273 I/ImeTracker( 1000): com.google.android.apps.nexuslauncher:ed6c0aae: onRequestHide at ORIGIN_CLIENT_HIDE_SOFT_INPUT reason HIDE_SOFT_INPUT
06-22 20:00:51.276 I/MediaSessionImpl( 5025): Init b250004 [AndroidXMedia3/1.4.1] [emu64xa, sdk_gphone64_x86_64, Google, 34]
06-22 20:00:51.287 W/MediaSessionCompat( 5025): Couldn't find a unique registered media button receiver in the given context.
06-22 20:00:51.290 I/ImeTracker(  571): com.google.android.apps.nexuslauncher:ed6c0aae: onCancelled at PHASE_SERVER_SHOULD_HIDE
06-22 20:00:51.304 I/MediaSessionStack(  571): addSession to bottom of stack | record: com.farsitel.bazaar/androidx.media3.session.id. (userId=0)
06-22 20:00:51.312 W/ActivityTaskManager(  571): callingPackage for (uid=2000, pid=5371) has no WPC
06-22 20:00:51.342 D/KeyguardService(  778): setOccluded(false)
06-22 20:00:51.343 D/KeyguardViewMediator(  778): setOccluded(false)
06-22 20:00:51.366 I/ActivityTaskManager(  571): START u0 {act=android.intent.action.MAIN cat=[android.intent.category.LAUNCHER] flg=0x10200000 cmp=com.farsitel.bazaar/.MainActivity} with LAUNCH_SINGLE_TASK from uid 2000 (BAL_ALLOW_PERMISSION) result code=3
