06-22 20:00:33.640 W/HealthConnectPackageInfoUtils(  571): Can't extract requested permissions from the package info.
06-22 20:00:33.640 W/HealthConnectPackageInfoUtils(  571): Can't extract requested permissions from the package info.
06-22 20:00:33.640 W/HealthConnectPackageInfoUtils(  571): Can't extract requested permissions from the package info.
06-22 20:00:33.640 W/HealthConnectPackageInfoUtils(  571): Can't extract requested permissions from the package info.
06-22 20:00:33.640 W/HealthConnectPackageInfoUtils(  571): Can't extract requested permissions from the package info.
06-22 20:00:33.640 W/HealthConnectPackageInfoUtils(  571): Can't extract requested permissions from the package info.
06-22 20:00:33.640 W/HealthConnectPackageInfoUtils(  571): Can't extract requested permissions from the package info.
06-22 20:00:33.640 W/HealthConnectPackageInfoUtils(  571): Can't extract requested permissions from the package info.
06-22 20:00:33.640 W/HealthConnectPackageInfoUtils(  571): Can't extract requested permissions from the package info.
06-22 20:00:33.640 W/HealthConnectPackageInfoUtils(  571): Can't extract requested permissions from the package info.
06-22 20:00:33.640 W/HealthConnectPackageInfoUtils(  571): Can't extract requested permissions from the package info.
06-22 20:00:33.661 W/Looper  (  571): Slow dispatch took 208ms main h=android.os.Handler c=null m=1
06-22 20:00:33.682 W/JavaBinder(  571): BinderProxy is being destroyed but the application did not call unlinkToDeath to unlink all of its death recipients beforehand.  Releasing leaked death recipient: com.android.server.wm.ActivityRecord$$ExternalSyntheticLambda0
06-22 20:00:33.683 I/BpBinder(  571): onLastStrongRef automatically unlinking death recipients: 
06-22 20:00:33.690 W/ChimeraUtils( 1241): Module com.google.android.gms.nearby_en missing resource null(0)
06-22 20:00:33.709 W/ChimeraUtils( 1241): Module com.google.android.gms.nearby_en missing resource null(0)
06-22 20:00:33.758 W/Looper  (  571): Slow dispatch took 255ms android.fg h=android.os.Handler c=com.android.server.location.injector.SystemLocationPermissionsHelper$$ExternalSyntheticLambda1@18b83e0 m=0
06-22 20:00:33.766 W/Looper  (  571): Slow delivery took 248ms main h=com.android.server.power.Notifier$NotifierHandler c=null m=7
06-22 20:00:33.770 W/Looper  (  571): Drained
06-22 20:00:33.802 I/Fitness ( 1241): (REDACTED) OnPackageChangedOperation got intent: %s
06-22 20:00:33.810 I/Finsky  ( 1657): [53] jvi.abQ(78): [ContentSync] finished, scheduled=true
06-22 20:00:33.929 I/Icing   ( 1801): IndexChimeraService.getServiceInterface callingPackage=com.google.android.gms componentName=AppsCorpus serviceId=36
06-22 20:00:33.945 I/Fitness ( 1241): (REDACTED) FitCleanupIntentOperation received Intent %s
06-22 20:00:33.990 D/nativeloader( 4920): InitLlndkLibrariesProduct: libEGL.so:libGLESv1_CM.so:libGLESv2.so:libGLESv3.so:libRS.so:libandroid_net.so:libbinder_ndk.so:libc.so:libcgrouprc.so:libclang_rt.asan-x86_64-android.so:libcom.android.tethering.connectivity_native.so:libdl.so:libft2.so:liblog.so:libm.so:libmediandk.so:libnativewindow.so:libneuralnetworks.so:libselinux.so:libsync.so:libvndksupport.so:libvulkan.so
06-22 20:00:33.990 D/nativeloader( 4920): Configuring product-clns-7 for unbundled product apk /product/priv-app/WellbeingPrebuilt/WellbeingPrebuilt.apk. target_sdk_version=33, uses_libraries=, library_path=/product/priv-app/WellbeingPrebuilt/lib/x86_64:/product/lib64:/system/product/lib64, permitted_path=/data:/mnt/expand:/data/user/0/com.google.android.apps.wellbeing:/product/lib64:/system/product/lib64
06-22 20:00:33.994 D/nativeloader( 4920): InitVndkspLibrariesProduct: android.hardware.common-V2-ndk.so:android.hardware.common.fmq-V1-ndk.so:android.hardware.graphics.allocator-V2-ndk.so:android.hardware.graphics.common-V4-ndk.so:android.hardware.graphics.common@1.0.so:android.hardware.graphics.common@1.1.so:android.hardware.graphics.common@1.2.so:android.hardware.graphics.composer3-V1-ndk.so:android.hardware.graphics.mapper@2.0.so:android.hardware.graphics.mapper@2.1.so:android.hardware.graphics.mapper@3.0.so:android.hardware.graphics.mapper@4.0.so:android.hardware.renderscript@1.0.so:android.hidl.memory.token@1.0.so:android.hidl.memory@1.0-impl.so:android.hidl.memory@1.0.so:android.hidl.safe_union@1.0.so:libRSCpuRef.so:libRSDriver.so:libRS_internal.so:libbase.so:libbcinfo.so:libblas.so:libc++.so:libcompiler_rt.so:libcutils.so:libdmabufheap.so:libgralloctypes.so:libhardware.so:libhidlbase.so:libhidlmemory.so:libion.so:libjsoncpp.so:liblzma.so:libprocessgroup.so:libunwindstack.so:libutils.so:libutilscallstack.so:libz.so
06-22 20:00:33.999 I/ProximityAuth( 1241): [RecentAppsMediator] Package added: (user=UserHandle{0}) com.farsitel.bazaar
06-22 20:00:34.023 W/GCM     ( 1241): Unexpected forwarded intent: Intent { act=android.intent.action.PACKAGE_ADDED dat=package: flg=0x4000010 pkg=com.google.android.gms cmp=com.google.android.gms/.chimera.PersistentIntentOperationService (has extras) }
06-22 20:00:34.046 W/GCM     ( 1241): Unexpected forwarded intent: Intent { act=android.intent.action.PACKAGE_ADDED dat=package: flg=0x4000010 pkg=com.google.android.gms cmp=com.google.android.gms/.chimera.PersistentIntentOperationService (has extras) }
06-22 20:00:34.089 D/BoundBrokerSvc( 1801): onBind: Intent { act=com.google.android.gms.feedback.internal.IFeedbackService dat=chimera-action:/... cmp=com.google.android.gms/.chimera.GmsBoundBrokerService }
06-22 20:00:34.089 D/BoundBrokerSvc( 1801): Loading bound service for intent: Intent { act=com.google.android.gms.feedback.internal.IFeedbackService dat=chimera-action:/... cmp=com.google.android.gms/.chimera.GmsBoundBrokerService }
06-22 20:00:34.107 V/GraphicsEnvironment( 4920): Currently set values for:
06-22 20:00:34.107 V/GraphicsEnvironment( 4920):   angle_gl_driver_selection_pkgs=[]
06-22 20:00:34.107 V/GraphicsEnvironment( 4920):   angle_gl_driver_selection_values=[]
06-22 20:00:34.114 V/GraphicsEnvironment( 4920): ANGLE GameManagerService for com.google.android.apps.wellbeing: false
06-22 20:00:34.114 V/GraphicsEnvironment( 4920): com.google.android.apps.wellbeing is not listed in per-application setting
06-22 20:00:34.114 V/GraphicsEnvironment( 4920): Neither updatable production driver nor prerelease driver is supported.
06-22 20:00:34.127 I/MultiDex( 4920): Installing application
06-22 20:00:34.127 I/MultiDex( 4920): VM with version 2.1.0 has multidex support
06-22 20:00:34.127 I/MultiDex( 4920): VM has multidex support, MultiDex support library is disabled.
06-22 20:00:34.178 I/Fitness ( 1241): (REDACTED) OnPackageChangedOperation got intent: %s
06-22 20:00:34.190 I/Auth    ( 1801): [SupervisedAccountIntentOperation] onHandleIntent(): android.intent.action.PACKAGE_ADDED
06-22 20:00:34.215 I/Fitness ( 1241): (REDACTED) FitCleanupIntentOperation received Intent %s
06-22 20:00:34.223 D/BoundBrokerSvc( 1801): onBind: Intent { act=com.google.android.gms.common.BIND_SHARED_PREFS pkg=com.google.android.gms }
06-22 20:00:34.225 D/BoundBrokerSvc( 1801): Loading bound service for intent: Intent { act=com.google.android.gms.common.BIND_SHARED_PREFS pkg=com.google.android.gms }
06-22 20:00:34.255 D/CompatibilityChangeReporter( 4920): Compat change id reported: 3400644; UID 10121; state: DISABLED
06-22 20:00:34.285 I/Icing   ( 1801): Usage reports ok 1, Failed Usage reports 0, indexed 0, rejected 0
06-22 20:00:34.291 D/CompatibilityChangeReporter( 4920): Compat change id reported: 183155436; UID 10121; state: ENABLED
06-22 20:00:34.307 D/BoundBrokerSvc( 1801): onUnbind: Intent { act=com.google.android.gms.common.BIND_SHARED_PREFS pkg=com.google.android.gms }
06-22 20:00:34.341 D/AndroidRuntime( 4956): >>>>>> START com.android.internal.os.RuntimeInit uid 2000 <<<<<<
06-22 20:00:34.350 D/CompatibilityChangeReporter( 1421): Compat change id reported: 183155436; UID 10171; state: ENABLED
06-22 20:00:34.352 I/BlockstoreStorage( 1801): (REDACTED) Clearing Blockstore Data for package %s
06-22 20:00:34.352 I/Dck     ( 1801): (REDACTED) doesDeviceHaveSupportedWirelessCapabilities: wccSysProp:%d, wccMendel:%d, deviceWccOverride:%s
06-22 20:00:34.352 I/Dck     ( 1801): (REDACTED) isDckModuleEligible: isAtLeastR:%s, hasWccSupport:%s, downloadAllowed:%s
06-22 20:00:34.352 W/Dck     ( 1801): Dck module not eligible for asynchronous downloading [CONTEXT service_id=289 ]
06-22 20:00:34.367 D/CompatibilityChangeReporter(  571): Compat change id reported: 149924527; UID 2000; state: ENABLED
06-22 20:00:34.369 D/CompatibilityChangeReporter(  571): Compat change id reported: 132649864; UID 2000; state: DISABLED
06-22 20:00:34.370 I/jbh     ( 4920): SslGuard completed installation.
06-22 20:00:34.371 I/AndroidRuntime( 4956): Using default boot image
06-22 20:00:34.371 I/AndroidRuntime( 4956): Leaving lock profiling enabled
06-22 20:00:34.391 I/app_process( 4956): Using CollectorTypeCC GC.
06-22 20:00:34.408 I/ActivityManager(  571): Flag disabled. Ignoring finishAttachApplication from uid: 10121. pid: 4920
06-22 20:00:34.428 W/.apps.wellbeing( 4920): Accessing hidden field Ljava/util/Collections$SynchronizedCollection;->mutex:Ljava/lang/Object; (max-target-o, reflection, denied)
06-22 20:00:34.428 W/.apps.wellbeing( 4920): Accessing hidden method Ljava/util/Collections$SynchronizedSet;-><init>(Ljava/util/Set;Ljava/lang/Object;)V (max-target-o, reflection, denied)
06-22 20:00:34.429 W/.apps.wellbeing( 4920): Accessing hidden method Ljava/util/Collections$SynchronizedCollection;-><init>(Ljava/util/Collection;Ljava/lang/Object;)V (max-target-o, reflection, denied)
06-22 20:00:34.438 I/.gms.persistent( 1241): Background young concurrent copying GC freed 33379(1698KB) AllocSpace objects, 0(0B) LOS objects, 6% free, 24MB/26MB, paused 30.190ms,345us total 331.689ms
06-22 20:00:34.503 I/BlockstoreStorage( 1801): Keyless data not found or its IsLastInstallationData = false. [CONTEXT service_id=258 ]
06-22 20:00:34.505 W/MediaProvider( 1421): isAppCloneUserPair for user 0: false
06-22 20:00:34.578 D/CompatibilityChangeReporter(  571): Compat change id reported: 261072174; UID 10121; state: DISABLED
06-22 20:00:34.641 D/PermissionCache(  444): checking android.permission.ACCESS_SURFACE_FLINGER for uid=2000 => granted (1332 us)
06-22 20:00:34.649 E/system_server(  571): No package ID 7f found for resource ID 0x7f080320.
06-22 20:00:34.649 E/system_server(  571): No package ID 7f found for resource ID 0x7f1305da.
06-22 20:00:34.650 E/system_server(  571): No package ID 7f found for resource ID 0x7f080324.
06-22 20:00:34.650 E/system_server(  571): No package ID 7f found for resource ID 0x7f130684.
06-22 20:00:34.654 I/Icing   ( 1801): Indexing com.google.android.gms-apps from com.google.android.gms
06-22 20:00:34.691 I/Icing   ( 1801): IndexChimeraService.getServiceInterface callingPackage=com.google.android.gms componentName=null serviceId=30
06-22 20:00:34.692 W/ChimeraUtils( 1241): Module com.google.android.gms.nearby_en missing resource null(0)
06-22 20:00:34.701 D/BoundBrokerSvc( 1241): onBind: Intent { act=com.google.android.gms.nearby.exposurenotification.START dat=chimera-action:/... cmp=com.google.android.gms/.chimera.PersistentApiServiceNoInstantApps }
06-22 20:00:34.701 D/BoundBrokerSvc( 1241): Loading bound service for intent: Intent { act=com.google.android.gms.nearby.exposurenotification.START dat=chimera-action:/... cmp=com.google.android.gms/.chimera.PersistentApiServiceNoInstantApps }
06-22 20:00:34.707 D/MediaCodecList( 4954): codecHandlesFormat: no format, so no extra checks
06-22 20:00:34.749 D/nativeloader( 4956): InitDefaultPublicLibraries for_preload=1: libandroid.so:libaaudio.so:libamidi.so:libbinder_ndk.so:libc.so:libcamera2ndk.so:libdl.so:libEGL.so:libGLESv1_CM.so:libGLESv2.so:libGLESv3.so:libicu.so:libicui18n.so:libicuuc.so:libjnigraphics.so:liblog.so:libmediandk.so:libm.so:libnativehelper.so:libnativewindow.so:libOpenMAXAL.so:libOpenSLES.so:libRS.so:libstdc++.so:libsync.so:libvulkan.so:libwebviewchromium_plat_support.so:libz.so
06-22 20:00:34.753 D/CCodec  ( 4954): allocate(c2.android.avc.encoder)
06-22 20:00:34.755 W/ChimeraUtils( 1241): Module com.google.android.gms.nearby_en missing resource null(0)
06-22 20:00:34.774 I/Codec2Client( 4954): Available Codec2 services: "default" "software"
06-22 20:00:34.812 I/CCodec  ( 4954): setting up 'default' as default (vendor) store
06-22 20:00:34.882 D/StatusBarIconController(  778): ignoring old pipeline callbacks, because the new mobile icons are enabled
06-22 20:00:34.885 I/Icing   ( 1801): Usage reports ok 0, Failed Usage reports 0, indexed 0, rejected 0
06-22 20:00:34.907 E/bwfc    ( 1241): Phenotype API error. Event # edax@c2c49ca, EventCode: 5 [CONTEXT service_id=51 ]
06-22 20:00:34.907 E/bwfc    ( 1241): bwdx: 29501: Stale snapshot for com.google.android.apps.wellbeing.device#com.google.android.apps.wellbeing(change count changed - expected 1  but was 0)
06-22 20:00:34.907 E/bwfc    ( 1241): 	at bwfg.b(:com.google.android.gms@231818047@23.18.18 (190800-535401451):16)
06-22 20:00:34.907 E/bwfc    ( 1241): 	at bwff.g(:com.google.android.gms@231818047@23.18.18 (190800-535401451):0)
06-22 20:00:34.907 E/bwfc    ( 1241): 	at bwfc.e(:com.google.android.gms@231818047@23.18.18 (190800-535401451):4)
06-22 20:00:34.907 E/bwfc    ( 1241): 	at bwfc.f(:com.google.android.gms@231818047@23.18.18 (190800-535401451):2)
06-22 20:00:34.907 E/bwfc    ( 1241): 	at avsy.eo(:com.google.android.gms@231818047@23.18.18 (190800-535401451):1)
06-22 20:00:34.907 E/bwfc    ( 1241): 	at avtf.run(:com.google.android.gms@231818047@23.18.18 (190800-535401451):14)
06-22 20:00:34.907 E/bwfc    ( 1241): 	at dfhf.run(:com.google.android.gms@231818047@23.18.18 (190800-535401451):2)
06-22 20:00:34.907 E/bwfc    ( 1241): 	at aced.c(:com.google.android.gms@231818047@23.18.18 (190800-535401451):6)
06-22 20:00:34.907 E/bwfc    ( 1241): 	at aced.run(:com.google.android.gms@231818047@23.18.18 (190800-535401451):7)
06-22 20:00:34.907 E/bwfc    ( 1241): 	at java.util.concurrent.ThreadPoolExecutor.runWorker(ThreadPoolExecutor.java:1145)
06-22 20:00:34.907 E/bwfc    ( 1241): 	at java.util.concurrent.ThreadPoolExecutor$Worker.run(ThreadPoolExecutor.java:644)
06-22 20:00:34.907 E/bwfc    ( 1241): 	at acjn.run(:com.google.android.gms@231818047@23.18.18 (190800-535401451):0)
06-22 20:00:34.907 E/bwfc    ( 1241): 	at java.lang.Thread.run(Thread.java:1012)
06-22 20:00:34.918 I/AiAiEcho( 1436): AppFetcherImplV2 updateApps package:[com.farsitel.bazaar], userId:[0], reason:[package is added.].
06-22 20:00:34.933 W/PackageManager(  571): Failed registering loading progress callback. Package is fully loaded.
06-22 20:00:34.994 D/app_process( 4956): Time zone APEX ICU file found: /apex/com.android.tzdata/etc/icu/icu_tzdata.dat
06-22 20:00:34.995 D/app_process( 4956): I18n APEX ICU file found: /apex/com.android.i18n/etc/icu/icudt72l.dat
06-22 20:00:35.021 W/WindowMagnificationMgr(  571): requestConnection duplicated request: connect=false, mConnectionState=DISCONNECTED
06-22 20:00:35.049 I/NetworkScheduler.Stats( 1241): (REDACTED) Task %s/%s started execution. cause:%s exec_start_elapsed_seconds: %s
06-22 20:00:35.064 W/app_process( 4956): Unexpected CPU variant for x86: x86_64.
06-22 20:00:35.064 W/app_process( 4956): Known variants: atom, sandybridge, silvermont, goldmont, goldmont-plus, tremont, kabylake, default
06-22 20:00:35.073 W/AsyncOperation( 1241): operation=CommitToConfigurationOperationCall, opStatusCode=29501 [CONTEXT service_id=51 ]
06-22 20:00:35.073 W/AsyncOperation( 1241): OperationException[Status{statusCode=Stale snapshot for com.google.android.apps.wellbeing.device#com.google.android.apps.wellbeing(change count changed - expected 1  but was 0), resolution=null}]
06-22 20:00:35.073 W/AsyncOperation( 1241): 	at bwfc.e(:com.google.android.gms@231818047@23.18.18 (190800-535401451):6)
06-22 20:00:35.073 W/AsyncOperation( 1241): 	at bwfc.f(:com.google.android.gms@231818047@23.18.18 (190800-535401451):2)
06-22 20:00:35.073 W/AsyncOperation( 1241): 	at avsy.eo(:com.google.android.gms@231818047@23.18.18 (190800-535401451):1)
06-22 20:00:35.073 W/AsyncOperation( 1241): 	at avtf.run(:com.google.android.gms@231818047@23.18.18 (190800-535401451):14)
06-22 20:00:35.073 W/AsyncOperation( 1241): 	at dfhf.run(:com.google.android.gms@231818047@23.18.18 (190800-535401451):2)
06-22 20:00:35.073 W/AsyncOperation( 1241): 	at aced.c(:com.google.android.gms@231818047@23.18.18 (190800-535401451):6)
06-22 20:00:35.073 W/AsyncOperation( 1241): 	at aced.run(:com.google.android.gms@231818047@23.18.18 (190800-535401451):7)
06-22 20:00:35.073 W/AsyncOperation( 1241): 	at java.util.concurrent.ThreadPoolExecutor.runWorker(ThreadPoolExecutor.java:1145)
06-22 20:00:35.073 W/AsyncOperation( 1241): 	at java.util.concurrent.ThreadPoolExecutor$Worker.run(ThreadPoolExecutor.java:644)
06-22 20:00:35.073 W/AsyncOperation( 1241): 	at acjn.run(:com.google.android.gms@231818047@23.18.18 (190800-535401451):0)
06-22 20:00:35.073 W/AsyncOperation( 1241): 	at java.lang.Thread.run(Thread.java:1012)
06-22 20:00:35.091 I/mediaswcodec(  508): missing struct descriptor #Param::CoreIndex(--004) for field values of struct #Param::CoreIndex(F-12004)
06-22 20:00:35.092 I/mediaswcodec(  508): missing struct descriptor #Param::CoreIndex(--1812) for field values of struct #Param::CoreIndex(F-11812)
06-22 20:00:35.095 I/mediaswcodec(  508): missing struct descriptor #Param::CoreIndex(--004) for field values of struct #Param::CoreIndex(F-12004)
06-22 20:00:35.095 I/mediaswcodec(  508): missing struct descriptor #Param::CoreIndex(--1812) for field values of struct #Param::CoreIndex(F-11812)
06-22 20:00:35.096 I/Icing   ( 1801): Indexing done com.google.android.gms-apps
06-22 20:00:35.120 E/system_server(  571): No package ID 7f found for resource ID 0x7f080320.
06-22 20:00:35.121 E/system_server(  571): No package ID 7f found for resource ID 0x7f1305da.
06-22 20:00:35.121 E/system_server(  571): No package ID 7f found for resource ID 0x7f080324.
06-22 20:00:35.121 E/system_server(  571): No package ID 7f found for resource ID 0x7f130684.
06-22 20:00:35.129 I/CCodec  ( 4954): Created component [c2.android.avc.encoder]
06-22 20:00:35.133 D/CCodecConfig( 4954): read media type: video/avc
06-22 20:00:35.150 D/ReflectedParamUpdater( 4954): extent() != 1 for single value type: algo.buffers.max-count.values
06-22 20:00:35.154 D/ReflectedParamUpdater( 4954): extent() != 1 for single value type: output.subscribed-indices.values
06-22 20:00:35.155 D/ReflectedParamUpdater( 4954): extent() != 1 for single value type: input.buffers.allocator-ids.values
06-22 20:00:35.157 D/ReflectedParamUpdater( 4954): extent() != 1 for single value type: output.buffers.allocator-ids.values
06-22 20:00:35.158 D/ReflectedParamUpdater( 4954): extent() != 1 for single value type: algo.buffers.allocator-ids.values
06-22 20:00:35.159 D/ReflectedParamUpdater( 4954): extent() != 1 for single value type: output.buffers.pool-ids.values
06-22 20:00:35.159 D/ReflectedParamUpdater( 4954): extent() != 1 for single value type: algo.buffers.pool-ids.values
06-22 20:00:35.171 D/ReflectedParamUpdater( 4954): ignored struct field coding.gop.values
06-22 20:00:35.173 D/ReflectedParamUpdater( 4954): ignored struct field coding.qp.values
06-22 20:00:35.177 D/CCodecConfig( 4954): ignoring local param raw.color (0xc2001809) as it is already supported
06-22 20:00:35.181 I/Icing   ( 1801): Indexing com.google.android.gms-apps from com.google.android.gms
06-22 20:00:35.183 I/CCodecConfig( 4954): query failed after returning 12 values (BAD_INDEX)
06-22 20:00:35.185 I/Icing   ( 1801): Indexing done com.google.android.gms-apps
06-22 20:00:35.186 D/CCodecConfig( 4954): c2 config diff is Dict {
06-22 20:00:35.186 D/CCodecConfig( 4954):   c2::i32 coded.average-qp.value = 0
06-22 20:00:35.186 D/CCodecConfig( 4954):   c2::u32 coded.bitrate.value = 64000
06-22 20:00:35.186 D/CCodecConfig( 4954):   c2::float coded.frame-rate.value = 1
06-22 20:00:35.186 D/CCodecConfig( 4954):   c2::u32 coded.picture-type.value = 0
06-22 20:00:35.186 D/CCodecConfig( 4954):   c2::u32 coded.pl.level = 20492
06-22 20:00:35.186 D/CCodecConfig( 4954):   c2::u32 coded.pl.profile = 20481
06-22 20:00:35.186 D/CCodecConfig( 4954):   c2::u32 coded.vui.color.matrix = 0
06-22 20:00:35.186 D/CCodecConfig( 4954):   c2::u32 coded.vui.color.primaries = 0
06-22 20:00:35.186 D/CCodecConfig( 4954):   c2::u32 coded.vui.color.range = 0
06-22 20:00:35.186 D/CCodecConfig( 4954):   c2::u32 coded.vui.color.transfer = 0
06-22 20:00:35.186 D/CCodecConfig( 4954):   c2::u32 coding.intra-refresh.mode = 0
06-22 20:00:35.186 D/CCodecConfig( 4954):   c2::float coding.intra-refresh.period = 0
06-22 20:00:35.186 D/CCodecConfig( 4954):   c2::u32 coding.request-sync-frame.value = 0
06-22 20:00:35.186 D/CCodecConfig( 4954):   c2::i64 coding.sync-frame-interval.value = 1000000
06-22 20:00:35.186 D/CCodecConfig( 4954):   c2::u32 input.delay.value = 0
06-22 20:00:35.186 D/CCodecConfig( 4954):   string input.media-type.value = "video/raw"
06-22 20:00:35.186 D/CCodecConfig( 4954):   string output.media-type.value = "video/avc"
06-22 20:00:35.186 D/CCodecConfig( 4954):   c2::u32 raw.color.matrix = 0
06-22 20:00:35.186 D/CCodecConfig( 4954):   c2::u32 raw.color.primaries = 0
06-22 20:00:35.186 D/CCodecConfig( 4954):   c2::u32 raw.color.range = 0
06-22 20:00:35.186 D/CCodecConfig( 4954):   c2::u32 raw.color.transfer = 0
06-22 20:00:35.186 D/CCodecConfig( 4954):   c2::u32 raw.size.height = 16
06-22 20:00:35.186 D/CCodecConfig( 4954):   c2::u32 raw.size.width = 16
06-22 20:00:35.186 D/CCodecConfig( 4954): }
06-22 20:00:35.187 W/ColorUtils( 4954): expected specified color aspects (0:0:0:0)
06-22 20:00:35.197 W/ChimeraUtils( 1241): Module com.google.android.gms.nearby_en missing resource null(0)
06-22 20:00:35.209 I/AiAiEcho( 1436): AppFetcherImpl onPackageChanged com.farsitel.bazaar.
06-22 20:00:35.211 W/libc    ( 4956): Access denied finding property "ro.product.name_for_attestation"
06-22 20:00:35.212 W/libc    ( 4956): Access denied finding property "ro.product.brand_for_attestation"
06-22 20:00:35.212 W/libc    ( 4956): Access denied finding property "ro.product.model_for_attestation"
06-22 20:00:35.215 D/AndroidRuntime( 4956): Calling main entry com.android.commands.monkey.Monkey
06-22 20:00:35.218 W/Monkey  ( 4956): args: [-p, com.farsitel.bazaar, -c, android.intent.category.LAUNCHER, 1]
06-22 20:00:35.219 W/Monkey  ( 4956):  arg: "-p"
06-22 20:00:35.220 W/Monkey  ( 4956):  arg: "com.farsitel.bazaar"
06-22 20:00:35.220 W/Monkey  ( 4956):  arg: "-c"
06-22 20:00:35.220 W/Monkey  ( 4956):  arg: "android.intent.category.LAUNCHER"
06-22 20:00:35.220 W/Monkey  ( 4956):  arg: "1"
06-22 20:00:35.222 W/Monkey  ( 4956): data="com.farsitel.bazaar"
06-22 20:00:35.223 W/Monkey  ( 4956): data="android.intent.category.LAUNCHER"
06-22 20:00:35.231 W/ChimeraUtils( 1241): Module com.google.android.gms.nearby_en missing resource null(0)
06-22 20:00:35.207 W/main    ( 4956): type=1400 audit(0.0:25): avc:  denied  { read } for  name="u:object_r:build_attestation_prop:s0" dev="tmpfs" ino=85 scontext=u:r:shell:s0 tcontext=u:object_r:build_attestation_prop:s0 tclass=file permissive=0
06-22 20:00:35.237 I/AiAiEcho( 1436): AppIndexer Package:[com.farsitel.bazaar] UserProfile:[0] Enabled:[true].
06-22 20:00:35.238 I/AiAiEcho( 1436): AppFetcherImplV2 updateApps package:[com.farsitel.bazaar], userId:[0], reason:[package is updated.].
06-22 20:00:35.207 W/main    ( 4956): type=1400 audit(0.0:26): avc:  denied  { read } for  name="u:object_r:build_attestation_prop:s0" dev="tmpfs" ino=85 scontext=u:r:shell:s0 tcontext=u:object_r:build_attestation_prop:s0 tclass=file permissive=0
06-22 20:00:35.211 W/main    ( 4956): type=1400 audit(0.0:27): avc:  denied  { read } for  name="u:object_r:build_attestation_prop:s0" dev="tmpfs" ino=85 scontext=u:r:shell:s0 tcontext=u:object_r:build_attestation_prop:s0 tclass=file permissive=0
06-22 20:00:35.278 D/CodecSeeding( 4954): Seed: codec c2.android.avc.encoder, mediatype video/avc, overrideable 1
06-22 20:00:35.278 D/CodecProperties( 4954): setTuningValue(vq-target-bpp,0)
06-22 20:00:35.279 D/CodecProperties( 4954): setTuningValue(vq-target-bpp-1080p,1.90)
06-22 20:00:35.279 D/CodecProperties( 4954): setTuningValue(vq-target-bpp-720p,2.25)
06-22 20:00:35.279 D/CodecProperties( 4954): setTuningValue(vq-target-bpp-540p,2.65)
06-22 20:00:35.279 D/CodecProperties( 4954): setTuningValue(vq-target-bpp-480p,3.00)
06-22 20:00:35.279 D/CodecProperties( 4954): setTuningValue(vq-target-bpp-320x240,0)
06-22 20:00:35.279 D/CodecProperties( 4954): setTuningValue(vq-target-qpmax,-1)
06-22 20:00:35.279 D/CodecProperties( 4954): setTuningValue(vq-target-qpmax-1080p,45)
06-22 20:00:35.279 D/CodecProperties( 4954): setTuningValue(vq-target-qpmax-720p,43)
06-22 20:00:35.279 D/CodecProperties( 4954): setTuningValue(vq-target-qpmax-540p,42)
06-22 20:00:35.279 D/CodecProperties( 4954): setTuningValue(vq-target-qpmax-480p,38)
06-22 20:00:35.279 D/CodecProperties( 4954): setTuningValue(vq-bitrate-phaseout,1.75)
06-22 20:00:35.279 D/CodecProperties( 4954): setTuningValue(vq-boost-missing-qp,0.20)
06-22 20:00:35.279 D/CodecProperties( 4954): setFeatureValue(intra-refresh,0)
06-22 20:00:35.279 D/CodecProperties( 4954): setFeatureValue(qp-bounds,0)
06-22 20:00:35.279 D/CodecProperties( 4954): setFeatureValue(_vq_eligible.device,1)
06-22 20:00:35.279 D/CodecProperties( 4954): setFeatureValue(_quality.target,1)
06-22 20:00:35.279 D/CodecSeeding( 4954): Seed: codec c2.android.avc.encoder, mediatype video/avc, overrideable 0
06-22 20:00:35.280 D/VQApply ( 4954): minquality: 1080x2400 outside of shaping range
06-22 20:00:35.280 D/MediaCodec( 4954): shapeMediaFormat: deltas(1): AMessage(what = 0x00000000) = {
06-22 20:00:35.280 D/MediaCodec( 4954):     int32_t android._encoding-quality-level = 0
06-22 20:00:35.280 D/MediaCodec( 4954):   }
06-22 20:00:35.283 D/MediaCodec( 4954): flushMediametrics
06-22 20:00:35.284 D/CCodec  ( 4954): [c2.android.avc.encoder] buffers are bound to CCodec for this session
06-22 20:00:35.285 D/CCodecConfig( 4954): no c2 equivalents for color-format
06-22 20:00:35.285 D/CCodecConfig( 4954): no c2 equivalents for max-bframes
06-22 20:00:35.285 D/CCodecConfig( 4954): no c2 equivalents for flags
06-22 20:00:35.285 D/CCodecConfig( 4954): no c2 equivalents for encoder
06-22 20:00:35.289 D/CCodecConfig( 4954): c2 config diff is   c2::u32 coded.bitrate.value = 20000000
06-22 20:00:35.289 D/CCodecConfig( 4954):   c2::float coded.frame-rate.value = 60
06-22 20:00:35.289 D/CCodecConfig( 4954):   c2::i64 coding.sync-frame-interval.value = 10000000
06-22 20:00:35.289 D/CCodecConfig( 4954):   c2::u32 raw.size.height = 2400
06-22 20:00:35.289 D/CCodecConfig( 4954):   c2::u32 raw.size.width = 1080
06-22 20:00:35.289 W/ColorUtils( 4954): expected specified color aspects (0:0:0:0)
06-22 20:00:35.291 D/CCodec  ( 4954): encoding statistics level = 0
06-22 20:00:35.291 D/CCodec  ( 4954): setup formats input: AMessage(what = 0x00000000) = {
06-22 20:00:35.291 D/CCodec  ( 4954):   Rect crop(0, 0, 1079, 2399)
06-22 20:00:35.291 D/CCodec  ( 4954):   int32_t color-standard = 0
06-22 20:00:35.291 D/CCodec  ( 4954):   int32_t color-range = 0
06-22 20:00:35.291 D/CCodec  ( 4954):   int32_t color-transfer = 0
06-22 20:00:35.291 D/CCodec  ( 4954):   int32_t frame-rate = 60
06-22 20:00:35.291 D/CCodec  ( 4954):   int32_t height = 2400
06-22 20:00:35.291 D/CCodec  ( 4954):   int32_t intra-refresh-period = 0
06-22 20:00:35.291 D/CCodec  ( 4954):   string mime = "video/raw"
06-22 20:00:35.291 D/CCodec  ( 4954):   int32_t video-qp-average = 0
06-22 20:00:35.291 D/CCodec  ( 4954):   int32_t width = 1080
06-22 20:00:35.291 D/CCodec  ( 4954):   int32_t android._dataspace = 0
06-22 20:00:35.291 D/CCodec  ( 4954):   int32_t using-sw-read-often = 1
06-22 20:00:35.291 D/CCodec  ( 4954):   int64_t android._C2MemoryUsage = 1
06-22 20:00:35.291 D/CCodec  ( 4954):   int32_t color-format = 2130708361
06-22 20:00:35.291 D/CCodec  ( 4954):   int32_t android._color-format = 2130708361
06-22 20:00:35.291 D/CCodec  ( 4954): }
06-22 20:00:35.292 D/CCodec  ( 4954): setup formats output: AMessage(what = 0x00000000) = {
06-22 20:00:35.292 D/CCodec  ( 4954):   int32_t bitrate = 20000000
06-22 20:00:35.292 D/CCodec  ( 4954):   Rect crop(0, 0, 1079, 2399)
06-22 20:00:35.292 D/CCodec  ( 4954):   int32_t color-standard = 0
06-22 20:00:35.292 D/CCodec  ( 4954):   int32_t color-range = 0
06-22 20:00:35.292 D/CCodec  ( 4954):   int32_t color-transfer = 0
06-22 20:00:35.292 D/CCodec  ( 4954):   int32_t frame-rate = 60
06-22 20:00:35.292 D/CCodec  ( 4954):   int32_t height = 2400
06-22 20:00:35.292 D/CCodec  ( 4954):   int32_t intra-refresh-period = 0
06-22 20:00:35.292 D/CCodec  ( 4954):   int32_t level = 4096
06-22 20:00:35.292 D/CCodec  ( 4954):   int32_t max-bitrate = 20000000
06-22 20:00:35.292 D/CCodec  ( 4954):   string mime = "video/avc"
06-22 20:00:35.292 D/CCodec  ( 4954):   int32_t profile = 65536
06-22 20:00:35.292 D/CCodec  ( 4954):   int32_t video-qp-average = 0
06-22 20:00:35.292 D/CCodec  ( 4954):   int32_t width = 1080
06-22 20:00:35.292 D/CCodec  ( 4954): }
06-22 20:00:35.292 I/CCodecConfig( 4954): query failed after returning 13 values (BAD_INDEX)
06-22 20:00:35.293 D/CCodecConfig( 4954): c2 config diff is   c2::u32 coded.pl.level = 20494
06-22 20:00:35.293 W/ColorUtils( 4954): expected specified color aspects (0:0:0:0)
06-22 20:00:35.299 D/CCodec  ( 4954): input format changed to AMessage(what = 0x00000000) = {
06-22 20:00:35.299 D/CCodec  ( 4954):   Rect crop(0, 0, 1079, 2399)
06-22 20:00:35.299 D/CCodec  ( 4954):   int32_t color-standard = 1
06-22 20:00:35.299 D/CCodec  ( 4954):   int32_t color-range = 2
06-22 20:00:35.299 D/CCodec  ( 4954):   int32_t color-transfer = 3
06-22 20:00:35.299 D/CCodec  ( 4954):   int32_t frame-rate = 60
06-22 20:00:35.299 D/CCodec  ( 4954):   int32_t height = 2400
06-22 20:00:35.299 D/CCodec  ( 4954):   int32_t intra-refresh-period = 0
06-22 20:00:35.299 D/CCodec  ( 4954):   string mime = "video/raw"
06-22 20:00:35.299 D/CCodec  ( 4954):   int32_t video-qp-average = 0
06-22 20:00:35.299 D/CCodec  ( 4954):   int32_t width = 1080
06-22 20:00:35.299 D/CCodec  ( 4954):   int32_t android._dataspace = 260
06-22 20:00:35.299 D/CCodec  ( 4954):   int32_t using-sw-read-often = 1
06-22 20:00:35.299 D/CCodec  ( 4954):   int64_t android._C2MemoryUsage = 1
06-22 20:00:35.299 D/CCodec  ( 4954):   int32_t color-format = 2130708361
06-22 20:00:35.299 D/CCodec  ( 4954):   int32_t android._color-format = 2130708361
06-22 20:00:35.299 D/CCodec  ( 4954): }
06-22 20:00:35.300 D/GraphicBufferSource( 4954): setting dataspace: 0x104, acquired=0
06-22 20:00:35.300 D/CCodec  ( 4954): ISConfig not changed
06-22 20:00:35.309 W/Codec2Client( 4954): query -- param skipped: index = 1342179345.
06-22 20:00:35.309 W/Codec2Client( 4954): query -- param skipped: index = 2415921170.
06-22 20:00:35.312 D/CCodecBufferChannel( 4954): [c2.android.avc.encoder#115] Using basic input block pool with poolID 1 => got 1 - OK (0)
06-22 20:00:35.313 D/C2Store ( 4954): Using DMABUF Heaps
06-22 20:00:35.327 W/ActivityManager(  571): registerReceiverWithFeature: no app for null
06-22 20:00:35.335 D/BufferPoolAccessor2.0(  571): bufferpool2 0x743d6dd738f8 : 0(0 size) total buffers - 0(0 size) used buffers - 1/7 (recycle/alloc) - 6/24 (fetch/transfer)
06-22 20:00:35.336 D/BufferPoolAccessor2.0(  778): bufferpool2 0x743d6dd60c58 : 0(0 size) total buffers - 0(0 size) used buffers - 1/7 (recycle/alloc) - 6/36 (fetch/transfer)
06-22 20:00:35.336 D/BufferPoolAccessor2.0(  778): Destruction - bufferpool2 0x743d6dd60c58 cached: 0/0M, 0/0% in use; allocs: 7, 14% recycled; transfers: 36, 83% unfetched
06-22 20:00:35.336 I/CCodecBufferChannel( 4954): [c2.android.avc.encoder#115] Created output block pool with allocatorID 16 => poolID 26 - OK
06-22 20:00:35.338 D/CCodecBufferChannel( 4954): [c2.android.avc.encoder#115] Configured output block pool ids 26 => OK
06-22 20:00:35.339 D/BufferPoolAccessor2.0(  571): bufferpool2 0x743d6dd72d68 : 0(0 size) total buffers - 0(0 size) used buffers - 2/7 (recycle/alloc) - 5/18 (fetch/transfer)
06-22 20:00:35.340 D/BufferPoolAccessor2.0(  778): bufferpool2 0x743d6dd64628 : 0(0 size) total buffers - 0(0 size) used buffers - 2/7 (recycle/alloc) - 5/38 (fetch/transfer)
06-22 20:00:35.343 D/BufferPoolAccessor2.0(  778): Destruction - bufferpool2 0x743d6dd64628 cached: 0/0M, 0/0% in use; allocs: 7, 29% recycled; transfers: 38, 87% unfetched
06-22 20:00:35.345 W/ResourceManagerService(  498): Ignoring request to add new resource entry with value <= 0
06-22 20:00:35.349 D/BufferPoolAccessor2.0(  778): bufferpool2 0x743d6dd598b8 : 0(0 size) total buffers - 0(0 size) used buffers - 2/7 (recycle/alloc) - 5/18 (fetch/transfer)
06-22 20:00:35.349 D/BufferPoolAccessor2.0(  571): bufferpool2 0x743d6dd70618 : 0(0 size) total buffers - 0(0 size) used buffers - 2/7 (recycle/alloc) - 5/34 (fetch/transfer)
06-22 20:00:35.350 D/BufferPoolAccessor2.0(  778): Destruction - bufferpool2 0x743d6dd598b8 cached: 0/0M, 0/0% in use; allocs: 7, 29% recycled; transfers: 18, 72% unfetched
06-22 20:00:35.350 D/BufferPoolAccessor2.0(  571): Destruction - bufferpool2 0x743d6dd70618 cached: 0/0M, 0/0% in use; allocs: 7, 29% recycled; transfers: 34, 85% unfetched
06-22 20:00:35.358 D/BufferPoolAccessor2.0(  571): bufferpool2 0x743d6dd6fa88 : 0(0 size) total buffers - 0(0 size) used buffers - 2/7 (recycle/alloc) - 5/24 (fetch/transfer)
06-22 20:00:35.358 D/BufferPoolAccessor2.0(  571): Destruction - bufferpool2 0x743d6dd6fa88 cached: 0/0M, 0/0% in use; allocs: 7, 29% recycled; transfers: 24, 79% unfetched
06-22 20:00:35.366 W/ServiceManagerCppClient(  444): Permission failure: android.permission.ROTATE_SURFACE_FLINGER from uid=2000 pid=4954
06-22 20:00:35.366 D/PermissionCache(  444): checking android.permission.ROTATE_SURFACE_FLINGER for uid=2000 => denied (1199 us)
06-22 20:00:35.368 D/PermissionCache(  444): checking android.permission.INTERNAL_SYSTEM_WINDOW for uid=2000 => granted (1115 us)
06-22 20:00:35.369 D/BufferPoolAccessor2.0(  571): bufferpool2 0x743d6dd6a998 : 0(0 size) total buffers - 0(0 size) used buffers - 1/7 (recycle/alloc) - 6/26 (fetch/transfer)
06-22 20:00:35.369 D/BufferPoolAccessor2.0(  571): Destruction - bufferpool2 0x743d6dd6a998 cached: 0/0M, 0/0% in use; allocs: 7, 14% recycled; transfers: 26, 77% unfetched
06-22 20:00:35.369 D/BufferPoolAccessor2.0(  571): Destruction - bufferpool2 0x743d6dd72d68 cached: 0/0M, 0/0% in use; allocs: 7, 29% recycled; transfers: 18, 72% unfetched
06-22 20:00:35.373 W/SurfaceFlinger(  444): Invalid layer stack -1
06-22 20:00:35.375 D/BufferPoolAccessor2.0(  571): Destruction - bufferpool2 0x743d6dd738f8 cached: 0/0M, 0/0% in use; allocs: 7, 14% recycled; transfers: 24, 75% unfetched
06-22 20:00:35.380 D/BufferPoolAccessor2.0(  571): bufferpool2 0x743d6dd703c8 : 0(0 size) total buffers - 0(0 size) used buffers - 2/7 (recycle/alloc) - 5/34 (fetch/transfer)
06-22 20:00:35.380 D/BufferPoolAccessor2.0(  571): Destruction - bufferpool2 0x743d6dd703c8 cached: 0/0M, 0/0% in use; allocs: 7, 29% recycled; transfers: 34, 85% unfetched
06-22 20:00:35.385 W/System  ( 4956): No Compatibility callbacks set! Querying change 263076149
06-22 20:00:35.386 W/System  ( 4956): No Compatibility callbacks set! Querying change 263076149
06-22 20:00:35.386 W/System  ( 4956): No Compatibility callbacks set! Querying change 263076149
06-22 20:00:35.419 W/ActivityTaskManager(  571): callingPackage for (uid=2000, pid=4956) has no WPC
06-22 20:00:35.421 D/CompatibilityChangeReporter(  571): Compat change id reported: 244637991; UID 2000; state: ENABLED
06-22 20:00:35.425 D/CompatibilityChangeReporter(  571): Compat change id reported: 265464455; UID 10190; state: DISABLED
06-22 20:00:35.426 D/CompatibilityChangeReporter(  571): Compat change id reported: 265452344; UID 10190; state: DISABLED
06-22 20:00:35.427 D/CompatibilityChangeReporter(  571): Compat change id reported: 266124927; UID 10190; state: DISABLED
06-22 20:00:35.427 D/CompatibilityChangeReporter(  571): Compat change id reported: 265451093; UID 10190; state: DISABLED
06-22 20:00:35.427 D/CompatibilityChangeReporter(  571): Compat change id reported: 265456536; UID 10190; state: DISABLED
06-22 20:00:35.428 D/CompatibilityChangeReporter(  571): Compat change id reported: 255940284; UID 10190; state: DISABLED
06-22 20:00:35.429 D/CompatibilityChangeReporter(  571): Compat change id reported: 236283604; UID 10190; state: DISABLED
06-22 20:00:35.430 D/CompatibilityChangeReporter(  571): Compat change id reported: 263959004; UID 10190; state: DISABLED
06-22 20:00:35.430 D/CompatibilityChangeReporter(  571): Compat change id reported: 264304459; UID 10190; state: DISABLED
06-22 20:00:35.431 D/CompatibilityChangeReporter(  571): Compat change id reported: 264301586; UID 10190; state: DISABLED
06-22 20:00:35.433 D/CompatibilityChangeReporter(  571): Compat change id reported: 254631730; UID 10190; state: DISABLED
06-22 20:00:35.433 D/CompatibilityChangeReporter(  571): Compat change id reported: 273509367; UID 10190; state: DISABLED
06-22 20:00:35.434 D/CompatibilityChangeReporter(  571): Compat change id reported: 263259275; UID 10190; state: DISABLED
06-22 20:00:35.434 D/CompatibilityChangeReporter(  571): Compat change id reported: 174042980; UID 10190; state: DISABLED
06-22 20:00:35.435 D/CompatibilityChangeReporter(  571): Compat change id reported: 174042936; UID 10190; state: DISABLED
06-22 20:00:35.435 D/CompatibilityChangeReporter(  571): Compat change id reported: 181136395; UID 10190; state: DISABLED
06-22 20:00:35.438 D/CompatibilityChangeReporter(  571): Compat change id reported: 194480991; UID 10190; state: ENABLED
06-22 20:00:35.440 W/DynamiteModule( 4920): Local module descriptor class for com.google.android.gms.googlecertificates not found.
06-22 20:00:35.450 I/MediaProvider( 1421): Deleted 0 0 0 1 0 0 0 items on external_primary due to com.android.shell
06-22 20:00:35.452 D/CompatibilityChangeReporter(  571): Compat change id reported: 184838306; UID 10190; state: DISABLED
06-22 20:00:35.453 D/CompatibilityChangeReporter(  571): Compat change id reported: 185004937; UID 10190; state: DISABLED
06-22 20:00:35.462 D/CompatibilityChangeReporter(  571): Compat change id reported: 197654537; UID 10190; state: ENABLED
06-22 20:00:35.467 D/CompatibilityChangeReporter(  571): Compat change id reported: 205907456; UID 10190; state: ENABLED
06-22 20:00:35.477 W/MediaProvider( 1421): isAppCloneUserPair for user 0: false
06-22 20:00:35.493 D/EGL_emulation( 1000): app_time_stats: avg=15929.07ms min=5.53ms max=334256.50ms count=21
06-22 20:00:35.508 V/WindowManagerShell(  778): Transition requested: android.os.BinderProxy@fbfe5bd TransitionRequestInfo { type = OPEN, triggerTask = TaskInfo{userId=0 taskId=13 displayId=0 isRunning=true baseIntent=Intent { act=android.intent.action.MAIN cat=[android.intent.category.LAUNCHER] flg=0x10200000 cmp=com.farsitel.bazaar/.MainActivity } baseActivity=ComponentInfo{com.farsitel.bazaar/com.farsitel.bazaar.MainActivity} topActivity=ComponentInfo{com.farsitel.bazaar/com.farsitel.bazaar.MainActivity} origActivity=null realActivity=ComponentInfo{com.farsitel.bazaar/com.farsitel.bazaar.MainActivity} numActivities=1 lastActiveTime=831136 supportsMultiWindow=true resizeMode=1 isResizeable=true minWidth=-1 minHeight=-1 defaultMinSize=220 token=WCT{android.window.IWindowContainerToken$Stub$Proxy@9e297b2} topActivityType=1 pictureInPictureParams=null shouldDockBigOverlays=false launchIntoPipHostTaskId=-1 lastParentTaskIdBeforePip=-1 displayCutoutSafeInsets=null topActivityInfo=ActivityInfo{55f0303 com.farsitel.bazaar.MainActivity} launchCookies=[] positionInParent=Point(0, 0) parentTaskId=-1 isFocused=false isVisible=false isVisibleRequested=false isSleeping=false topActivityInSizeCompat=false topActivityEligibleForLetterboxEducation= false topActivityLetterboxed= false isFromDoubleTap= false topActivityLetterboxVerticalPosition= -1 topActivityLetterboxHorizontalPosition= -1 topActivityLetterboxWidth=-1 topActivityLetterboxHeight=-1 locusId=null displayAreaFeatureId=1 cameraCompatControlState=hidden}, remoteTransition = null, displayChange = null }
06-22 20:00:35.521 D/CompatibilityChangeReporter(  571): Compat change id reported: 194833441; UID 10190; state: ENABLED
06-22 20:00:35.521 I/ActivityTaskManager(  571): START u0 {act=android.intent.action.MAIN cat=[android.intent.category.LAUNCHER] flg=0x10200000 cmp=com.farsitel.bazaar/.MainActivity} with LAUNCH_SINGLE_TASK from uid 2000 (BAL_ALLOW_PERMISSION) result code=0
06-22 20:00:35.524 I/Monkey  ( 4956): Events injected: 1
06-22 20:00:35.532 I/NetworkScheduler.Stats( 1241): (REDACTED) Task %s/%s finished executing. cause:%s result: %s elapsed_millis: %s uptime_millis: %s exec_start_elapsed_seconds: %s
06-22 20:00:35.538 W/Looper  (  571): Drained
06-22 20:00:35.553 D/CompatibilityChangeReporter(  571): Compat change id reported: 135634846; UID 10190; state: DISABLED
06-22 20:00:35.556 D/CompatibilityChangeReporter(  571): Compat change id reported: 143937733; UID 10190; state: ENABLED
06-22 20:00:35.585 D/Zygote  (  378): Forked child process 5025
06-22 20:00:35.611 D/MPEG4Writer( 4954): PreAllocation enabled
06-22 20:00:35.627 W/ActivityManager(  571): Slow operation: 75ms so far, now at startProcess: returned from zygote!
06-22 20:00:35.628 I/hwservicemanager(  181): getTransport: Cannot find entry android.hardware.graphics.mapper@4.0::IMapper/default in either framework or device VINTF manifest.
06-22 20:00:35.628 I/Gralloc4( 4954): mapper 4.x is not supported
06-22 20:00:35.640 W/ActivityManager(  571): Slow operation: 84ms so far, now at startProcess: done updating battery stats
06-22 20:00:35.641 W/ActivityManager(  571): Slow operation: 88ms so far, now at startProcess: building log message
06-22 20:00:35.641 I/ActivityManager(  571): Start proc 5025:com.farsitel.bazaar/u0a190 for next-top-activity {com.farsitel.bazaar/com.farsitel.bazaar.MainActivity}
06-22 20:00:35.641 W/ActivityManager(  571): Slow operation: 88ms so far, now at startProcess: starting to update pids map
06-22 20:00:35.642 W/ActivityManager(  571): Slow operation: 89ms so far, now at startProcess: done updating pids map
06-22 20:00:35.663 E/OpenGLRenderer(  778): Unable to match the desired swap behavior.
06-22 20:00:35.670 I/farsitel.bazaar( 5025): Using CollectorTypeCC GC.
06-22 20:00:35.677 W/farsitel.bazaar( 5025): Unexpected CPU variant for x86: x86_64.
06-22 20:00:35.677 W/farsitel.bazaar( 5025): Known variants: atom, sandybridge, silvermont, goldmont, goldmont-plus, tremont, kabylake, default
06-22 20:00:35.683 W/ziparchive( 4920): Unable to open '/data/user_de/0/com.google.android.gms/app_chimera/m/00000002/DynamiteLoader.dm': No such file or directory
06-22 20:00:35.683 W/ziparchive( 4920): Unable to open '/data/user_de/0/com.google.android.gms/app_chimera/m/00000002/DynamiteLoader.dm': No such file or directory
06-22 20:00:35.688 E/farsitel.bazaar( 5025): Not starting debugger since process cannot load the jdwp agent.
06-22 20:00:35.749 I/Monkey  ( 4956): ## Network stats: elapsed time=248ms (0ms mobile, 0ms wifi, 248ms not connected)
06-22 20:00:35.750 D/CompatibilityChangeReporter(  571): Compat change id reported: 265195908; UID 10190; state: ENABLED
06-22 20:00:35.750 I/app_process( 4956): System.exit called, status: 0
06-22 20:00:35.750 I/AndroidRuntime( 4956): VM exiting with result code 0.
06-22 20:00:35.754 I/DynamiteModule( 4920): Considering local module com.google.android.gms.googlecertificates:0 and remote module com.google.android.gms.googlecertificates:7
06-22 20:00:35.754 I/DynamiteModule( 4920): Selected remote version of com.google.android.gms.googlecertificates, version >= 7
06-22 20:00:35.760 W/Looper  (  571): Slow dispatch took 129ms android.ui h=com.android.server.am.ActivityManagerService$UiHandler c=com.android.server.am.UidObserverController$$ExternalSyntheticLambda0@53aeea6 m=0
06-22 20:00:35.776 D/CompatibilityChangeReporter(  571): Compat change id reported: 161145287; UID 10121; state: DISABLED
06-22 20:00:35.786 V/WindowManager(  571): Sent Transition #10 createdAt=06-22 20:00:35.439 via request=TransitionRequestInfo { type = OPEN, triggerTask = TaskInfo{userId=0 taskId=13 displayId=0 isRunning=true baseIntent=Intent { act=android.intent.action.MAIN cat=[android.intent.category.LAUNCHER] flg=0x10200000 cmp=com.farsitel.bazaar/.MainActivity } baseActivity=ComponentInfo{com.farsitel.bazaar/com.farsitel.bazaar.MainActivity} topActivity=ComponentInfo{com.farsitel.bazaar/com.farsitel.bazaar.MainActivity} origActivity=null realActivity=ComponentInfo{com.farsitel.bazaar/com.farsitel.bazaar.MainActivity} numActivities=1 lastActiveTime=831136 supportsMultiWindow=true resizeMode=1 isResizeable=true minWidth=-1 minHeight=-1 defaultMinSize=220 token=WCT{RemoteToken{ec08bd7 Task{ad63ad0 #13 type=standard I=com.farsitel.bazaar/.MainActivity}}} topActivityType=1 pictureInPictureParams=null shouldDockBigOverlays=false launchIntoPipHostTaskId=-1 lastParentTaskIdBeforePip=-1 displayCutoutSafeInsets=null topActivityInfo=ActivityInfo{1e13cc4 com.farsitel.bazaar.MainActivity} launchCookies=[] positionInParent=Point(0, 0) parentTaskId=-1 isFocused=false isVisible=false isVisibleRequested=false isSleeping=false topActivityInSizeCompat=false topActivityEligibleForLetterboxEducation= false topActivityLetterboxed= false isFromDoubleTap= false topActivityLetterboxVerticalPosition= -1 topActivityLetterboxHorizontalPosition= -1 topActivityLetterboxWidth=-1 topActivityLetterboxHeight=-1 locusId=null displayAreaFeatureId=1 cameraCompatControlState=hidden}, remoteTransition = null, displayChange = null }
06-22 20:00:35.786 V/WindowManager(  571):     startWCT=WindowContainerTransaction { changes = {} hops = [] errorCallbackToken=null taskFragmentOrganizer=null }
06-22 20:00:35.787 V/WindowManager(  571):     info={id=10 t=OPEN f=0x0 trk=0 r=[0@Point(0, 0)] c=[{WCT{RemoteToken{ec08bd7 Task{ad63ad0 #13 type=standard I=com.farsitel.bazaar/.MainActivity}}} m=OPEN f=NONE leash=Surface(name=Task=13)/@0x1804571 sb=Rect(0, 0 - 1080, 2400) eb=Rect(0, 0 - 1080, 2400) d=0},{WCT{RemoteToken{7a38bc3 Task{eba32f6 #1 type=home}}} m=TO_BACK f=SHOW_WALLPAPER leash=Surface(name=Task=1)/@0x33a15d4 sb=Rect(0, 0 - 1080, 2400) eb=Rect(0, 0 - 1080, 2400) d=0}]}
06-22 20:00:35.811 V/WindowManagerShell(  778): onTransitionReady android.os.BinderProxy@fbfe5bd: {id=10 t=OPEN f=0x0 trk=0 r=[0@Point(0, 0)] c=[{WCT{android.window.IWindowContainerToken$Stub$Proxy@989f44} m=OPEN f=NONE leash=Surface(name=Task=13)/@0x5222df1 sb=Rect(0, 0 - 1080, 2400) eb=Rect(0, 0 - 1080, 2400) d=0},{WCT{android.window.IWindowContainerToken$Stub$Proxy@41ab82d} m=TO_BACK f=SHOW_WALLPAPER leash=Surface(name=Task=1)/@0x2f32dd6 sb=Rect(0, 0 - 1080, 2400) eb=Rect(0, 0 - 1080, 2400) d=0}]}
06-22 20:00:35.811 V/WindowManagerShell(  778): Playing animation for (#10)android.os.BinderProxy@fbfe5bd@0
06-22 20:00:35.812 V/WindowManagerShell(  778):  try handler com.android.wm.shell.transition.DefaultMixedHandler@37e7b15
06-22 20:00:35.813 V/WindowManagerShell(  778):  try handler com.android.wm.shell.keyguard.KeyguardTransitionHandler@d98fe2a
06-22 20:00:35.813 V/WindowManagerShell(  778):  try handler com.android.wm.shell.activityembedding.ActivityEmbeddingController@611341b
06-22 20:00:35.813 V/WindowManagerShell(  778):  try handler com.android.wm.shell.recents.RecentsTransitionHandler@b1599b8
06-22 20:00:35.813 V/ShellRecents(  778): RecentsTransitionHandler.startAnimation: no controller found
06-22 20:00:35.813 V/WindowManagerShell(  778):  try handler com.android.wm.shell.pip.PipTransition@958b391
06-22 20:00:35.813 V/WindowManagerShell(  778):  try handler com.android.wm.shell.splitscreen.StageCoordinator@4a0d2f6
06-22 20:00:35.814 V/WindowManagerShell(  778):  try handler com.android.wm.shell.transition.RemoteTransitionHandler@904f6f7
06-22 20:00:35.815 V/WindowManagerShell(  778): Transition doesn't have explicit remote, search filters for match for {id=10 t=OPEN f=0x0 trk=0 r=[0@Point(0, 0)] c=[{WCT{android.window.IWindowContainerToken$Stub$Proxy@989f44} m=OPEN f=NONE leash=Surface(name=Task=13)/@0x5222df1 sb=Rect(0, 0 - 1080, 2400) eb=Rect(0, 0 - 1080, 2400) d=0},{WCT{android.window.IWindowContainerToken$Stub$Proxy@41ab82d} m=TO_BACK f=SHOW_WALLPAPER leash=Surface(name=Task=1)/@0x2f32dd6 sb=Rect(0, 0 - 1080, 2400) eb=Rect(0, 0 - 1080, 2400) d=0}]}
06-22 20:00:35.815 V/WindowManagerShell(  778):  Checking filter Pair{{types=[] flags=0x0] notFlags=0x0 checks=[{atype=dream independent=true modes=[OPEN,TO_FRONT] flags=NONE mustBeTask=false order=ANY topActivity=null},{atype=home independent=true modes=[CLOSE,TO_BACK] flags=NONE mustBeTask=false order=ANY topActivity=null}]} RemoteTransition { remoteTransition = android.window.IRemoteTransition$Stub$Proxy@b9a554, appThread = android.app.IApplicationThread$Stub$Proxy@2632cfd, debugName = LauncherToDream }}
06-22 20:00:35.815 V/WindowManagerShell(  778):  Checking filter Pair{{types=[] flags=0x0] notFlags=0x100 checks=[{atype=home independent=true modes=[OPEN,TO_FRONT] flags=NONE mustBeTask=false order=TOP topActivity=ComponentInfo{com.google.android.apps.nexuslauncher/com.google.android.apps.nexuslauncher.NexusLauncherActivity}},{atype=standard independent=true modes=[CLOSE,TO_BACK] flags=NONE mustBeTask=false order=ANY topActivity=null}]} RemoteTransition { remoteTransition = android.window.IRemoteTransition$Stub$Proxy@49d6df2, appThread = android.app.IApplicationThread$Stub$Proxy@9b3bc43, debugName = QuickstepLaunchHome }}
06-22 20:00:35.815 V/WindowManagerShell(  778):  Delegate animation for #10 to null
06-22 20:00:35.815 V/WindowManagerShell(  778):  try handler com.android.wm.shell.transition.DefaultTransitionHandler@4669964
